Archive member included to satisfy reference by file (symbol)

C:/ST/STM32CubeIDE_1.13.1/STM32CubeIDE/plugins/com.st.stm32cube.ide.mcu.externaltools.gnu-tools-for-stm32.12.3.rel1.win32_1.1.0.202410251130/tools/bin/../lib/gcc/arm-none-eabi/12.3.1/../../../../arm-none-eabi/lib/thumb/v7e-m+dp/hard\libc_nano.a(libc_a-assert.o)
                              ./Core/Src/mongoose.o (__assert_func)
C:/ST/STM32CubeIDE_1.13.1/STM32CubeIDE/plugins/com.st.stm32cube.ide.mcu.externaltools.gnu-tools-for-stm32.12.3.rel1.win32_1.1.0.202410251130/tools/bin/../lib/gcc/arm-none-eabi/12.3.1/../../../../arm-none-eabi/lib/thumb/v7e-m+dp/hard\libc_nano.a(libc_a-atoi.o)
                              ./Core/Src/mongoose.o (atoi)
C:/ST/STM32CubeIDE_1.13.1/STM32CubeIDE/plugins/com.st.stm32cube.ide.mcu.externaltools.gnu-tools-for-stm32.12.3.rel1.win32_1.1.0.202410251130/tools/bin/../lib/gcc/arm-none-eabi/12.3.1/../../../../arm-none-eabi/lib/thumb/v7e-m+dp/hard\libc_nano.a(libc_a-calloc.o)
                              ./Core/Src/mongoose.o (calloc)
C:/ST/STM32CubeIDE_1.13.1/STM32CubeIDE/plugins/com.st.stm32cube.ide.mcu.externaltools.gnu-tools-for-stm32.12.3.rel1.win32_1.1.0.202410251130/tools/bin/../lib/gcc/arm-none-eabi/12.3.1/../../../../arm-none-eabi/lib/thumb/v7e-m+dp/hard\libc_nano.a(libc_a-callocr.o)
                              C:/ST/STM32CubeIDE_1.13.1/STM32CubeIDE/plugins/com.st.stm32cube.ide.mcu.externaltools.gnu-tools-for-stm32.12.3.rel1.win32_1.1.0.202410251130/tools/bin/../lib/gcc/arm-none-eabi/12.3.1/../../../../arm-none-eabi/lib/thumb/v7e-m+dp/hard\libc_nano.a(libc_a-calloc.o) (_calloc_r)
C:/ST/STM32CubeIDE_1.13.1/STM32CubeIDE/plugins/com.st.stm32cube.ide.mcu.externaltools.gnu-tools-for-stm32.12.3.rel1.win32_1.1.0.202410251130/tools/bin/../lib/gcc/arm-none-eabi/12.3.1/../../../../arm-none-eabi/lib/thumb/v7e-m+dp/hard\libc_nano.a(libc_a-exit.o)
                              C:/ST/STM32CubeIDE_1.13.1/STM32CubeIDE/plugins/com.st.stm32cube.ide.mcu.externaltools.gnu-tools-for-stm32.12.3.rel1.win32_1.1.0.202410251130/tools/bin/../lib/gcc/arm-none-eabi/12.3.1/../../../../arm-none-eabi/lib/thumb/v7e-m+dp/hard/crt0.o (exit)
C:/ST/STM32CubeIDE_1.13.1/STM32CubeIDE/plugins/com.st.stm32cube.ide.mcu.externaltools.gnu-tools-for-stm32.12.3.rel1.win32_1.1.0.202410251130/tools/bin/../lib/gcc/arm-none-eabi/12.3.1/../../../../arm-none-eabi/lib/thumb/v7e-m+dp/hard\libc_nano.a(libc_a-malloc.o)
                              ./Core/Src/mongoose.o (free)
C:/ST/STM32CubeIDE_1.13.1/STM32CubeIDE/plugins/com.st.stm32cube.ide.mcu.externaltools.gnu-tools-for-stm32.12.3.rel1.win32_1.1.0.202410251130/tools/bin/../lib/gcc/arm-none-eabi/12.3.1/../../../../arm-none-eabi/lib/thumb/v7e-m+dp/hard\libc_nano.a(libc_a-mallocr.o)
                              C:/ST/STM32CubeIDE_1.13.1/STM32CubeIDE/plugins/com.st.stm32cube.ide.mcu.externaltools.gnu-tools-for-stm32.12.3.rel1.win32_1.1.0.202410251130/tools/bin/../lib/gcc/arm-none-eabi/12.3.1/../../../../arm-none-eabi/lib/thumb/v7e-m+dp/hard\libc_nano.a(libc_a-callocr.o) (_malloc_r)
C:/ST/STM32CubeIDE_1.13.1/STM32CubeIDE/plugins/com.st.stm32cube.ide.mcu.externaltools.gnu-tools-for-stm32.12.3.rel1.win32_1.1.0.202410251130/tools/bin/../lib/gcc/arm-none-eabi/12.3.1/../../../../arm-none-eabi/lib/thumb/v7e-m+dp/hard\libc_nano.a(libc_a-mlock.o)
                              C:/ST/STM32CubeIDE_1.13.1/STM32CubeIDE/plugins/com.st.stm32cube.ide.mcu.externaltools.gnu-tools-for-stm32.12.3.rel1.win32_1.1.0.202410251130/tools/bin/../lib/gcc/arm-none-eabi/12.3.1/../../../../arm-none-eabi/lib/thumb/v7e-m+dp/hard\libc_nano.a(libc_a-mallocr.o) (__malloc_lock)
C:/ST/STM32CubeIDE_1.13.1/STM32CubeIDE/plugins/com.st.stm32cube.ide.mcu.externaltools.gnu-tools-for-stm32.12.3.rel1.win32_1.1.0.202410251130/tools/bin/../lib/gcc/arm-none-eabi/12.3.1/../../../../arm-none-eabi/lib/thumb/v7e-m+dp/hard\libc_nano.a(libc_a-rand.o)
                              ./Core/Src/mongoose.o (srand)
C:/ST/STM32CubeIDE_1.13.1/STM32CubeIDE/plugins/com.st.stm32cube.ide.mcu.externaltools.gnu-tools-for-stm32.12.3.rel1.win32_1.1.0.202410251130/tools/bin/../lib/gcc/arm-none-eabi/12.3.1/../../../../arm-none-eabi/lib/thumb/v7e-m+dp/hard\libc_nano.a(libc_a-strtol.o)
                              C:/ST/STM32CubeIDE_1.13.1/STM32CubeIDE/plugins/com.st.stm32cube.ide.mcu.externaltools.gnu-tools-for-stm32.12.3.rel1.win32_1.1.0.202410251130/tools/bin/../lib/gcc/arm-none-eabi/12.3.1/../../../../arm-none-eabi/lib/thumb/v7e-m+dp/hard\libc_nano.a(libc_a-atoi.o) (_strtol_r)
C:/ST/STM32CubeIDE_1.13.1/STM32CubeIDE/plugins/com.st.stm32cube.ide.mcu.externaltools.gnu-tools-for-stm32.12.3.rel1.win32_1.1.0.202410251130/tools/bin/../lib/gcc/arm-none-eabi/12.3.1/../../../../arm-none-eabi/lib/thumb/v7e-m+dp/hard\libc_nano.a(libc_a-strtoul.o)
                              ./Core/Src/main.o (strtoul)
[...]
Memory Configuration

Name             Origin             Length             Attributes
RAM_D1           0x24000000         0x00080000         xrw
FLASH            0x08000000         0x00100000         xr
DTCMRAM          0x20000000         0x00020000         xrw
RAM_D2           0x30000000         0x00048000         xrw
RAM_D3           0x38000000         0x00010000         xrw
ITCMRAM          0x00000000         0x00010000         xrw
*default*        0x00000000         0xffffffff

Linker script and memory map

LOAD C:/ST/STM32CubeIDE_1.13.1/STM32CubeIDE/plugins/com.st.stm32cube.ide.mcu.externaltools.gnu-tools-for-stm32.12.3.rel1.win32_1.1.0.202410251130/tools/bin/../lib/gcc/arm-none-eabi/12.3.1/thumb/v7e-m+dp/hard/crti.o
LOAD C:/ST/STM32CubeIDE_1.13.1/STM32CubeIDE/plugins/com.st.stm32cube.ide.mcu.externaltools.gnu-tools-for-stm32.12.3.rel1.win32_1.1.0.202410251130/tools/bin/../lib/gcc/arm-none-eabi/12.3.1/thumb/v7e-m+dp/hard/crtbegin.o
LOAD C:/ST/STM32CubeIDE_1.13.1/STM32CubeIDE/plugins/com.st.stm32cube.ide.mcu.externaltools.gnu-tools-for-stm32.12.3.rel1.win32_1.1.0.202410251130/tools/bin/../lib/gcc/arm-none-eabi/12.3.1/../../../../arm-none-eabi/lib/thumb/v7e-m+dp/hard/crt0.o
LOAD ./Common/Src/system_stm32h7xx_dualcore_boot_cm4_cm7.o
LOAD ./Core/Src/Master_Modbus.o
LOAD ./Core/Src/main.o
LOAD ./Core/Src/mongoose.o
LOAD ./Core/Src/mongoose_fs.o
LOAD ./Core/Src/mongoose_glue.o
LOAD ./Core/Src/mongoose_impl.o
LOAD ./Core/Src/stm32h7xx_hal_msp.o
LOAD ./Core/Src/stm32h7xx_it.o
LOAD ./Core/Src/syscalls.o
LOAD ./Core/Src/sysmem.o
LOAD ./Core/Startup/startup_stm32h745zitx.o
LOAD ./Drivers/STM32H7xx_HAL_Driver/stm32h7xx_hal.o
LOAD ./Drivers/STM32H7xx_HAL_Driver/stm32h7xx_hal_cortex.o
LOAD ./Drivers/STM32H7xx_HAL_Driver/stm32h7xx_hal_dma.o
LOAD ./Drivers/STM32H7xx_HAL_Driver/stm32h7xx_hal_dma_ex.o
LOAD ./Drivers/STM32H7xx_HAL_Driver/stm32h7xx_hal_eth.o
LOAD ./Drivers/STM32H7xx_HAL_Driver/stm32h7xx_hal_eth_ex.o
LOAD ./Drivers/STM32H7xx_HAL_Driver/stm32h7xx_hal_exti.o
LOAD ./Drivers/STM32H7xx_HAL_Driver/stm32h7xx_hal_flash.o
LOAD ./Drivers/STM32H7xx_HAL_Driver/stm32h7xx_hal_flash_ex.o
LOAD ./Drivers/STM32H7xx_HAL_Driver/stm32h7xx_hal_gpio.o
LOAD ./Drivers/STM32H7xx_HAL_Driver/stm32h7xx_hal_hsem.o
LOAD ./Drivers/STM32H7xx_HAL_Driver/stm32h7xx_hal_i2c.o
LOAD ./Drivers/STM32H7xx_HAL_Driver/stm32h7xx_hal_i2c_ex.o
LOAD ./Drivers/STM32H7xx_HAL_Driver/stm32h7xx_hal_mdma.o
LOAD ./Drivers/STM32H7xx_HAL_Driver/stm32h7xx_hal_pwr.o
LOAD ./Drivers/STM32H7xx_HAL_Driver/stm32h7xx_hal_pwr_ex.o
LOAD ./Drivers/STM32H7xx_HAL_Driver/stm32h7xx_hal_rcc.o
LOAD ./Drivers/STM32H7xx_HAL_Driver/stm32h7xx_hal_rcc_ex.o
LOAD ./Drivers/STM32H7xx_HAL_Driver/stm32h7xx_hal_rng.o
LOAD ./Drivers/STM32H7xx_HAL_Driver/stm32h7xx_hal_rng_ex.o
LOAD ./Drivers/STM32H7xx_HAL_Driver/stm32h7xx_hal_tim.o
LOAD ./Drivers/STM32H7xx_HAL_Driver/stm32h7xx_hal_tim_ex.o
LOAD ./Drivers/STM32H7xx_HAL_Driver/stm32h7xx_hal_uart.o
LOAD ./Drivers/STM32H7xx_HAL_Driver/stm32h7xx_hal_uart_ex.o
START GROUP
LOAD C:/ST/STM32CubeIDE_1.13.1/STM32CubeIDE/plugins/com.st.stm32cube.ide.mcu.externaltools.gnu-tools-for-stm32.12.3.rel1.win32_1.1.0.202410251130/tools/bin/../lib/gcc/arm-none-eabi/12.3.1/../../../../arm-none-eabi/lib/thumb/v7e-m+dp/hard\libc_nano.a
LOAD C:/ST/STM32CubeIDE_1.13.1/STM32CubeIDE/plugins/com.st.stm32cube.ide.mcu.externaltools.gnu-tools-for-stm32.12.3.rel1.win32_1.1.0.202410251130/tools/bin/../lib/gcc/arm-none-eabi/12.3.1/../../../../arm-none-eabi/lib/thumb/v7e-m+dp/hard\libm.a
END GROUP
START GROUP
LOAD C:/ST/STM32CubeIDE_1.13.1/STM32CubeIDE/plugins/com.st.stm32cube.ide.mcu.externaltools.gnu-tools-for-stm32.12.3.rel1.win32_1.1.0.202410251130/tools/bin/../lib/gcc/arm-none-eabi/12.3.1/thumb/v7e-m+dp/hard\libgcc.a
LOAD C:/ST/STM32CubeIDE_1.13.1/STM32CubeIDE/plugins/com.st.stm32cube.ide.mcu.externaltools.gnu-tools-for-stm32.12.3.rel1.win32_1.1.0.202410251130/tools/bin/../lib/gcc/arm-none-eabi/12.3.1/../../../../arm-none-eabi/lib/thumb/v7e-m+dp/hard\libc_nano.a
END GROUP
START GROUP
LOAD C:/ST/STM32CubeIDE_1.13.1/STM32CubeIDE/plugins/com.st.stm32cube.ide.mcu.externaltools.gnu-tools-for-stm32.12.3.rel1.win32_1.1.0.202410251130/tools/bin/../lib/gcc/arm-none-eabi/12.3.1/thumb/v7e-m+dp/hard\libgcc.a
LOAD C:/ST/STM32CubeIDE_1.13.1/STM32CubeIDE/plugins/com.st.stm32cube.ide.mcu.externaltools.gnu-tools-for-stm32.12.3.rel1.win32_1.1.0.202410251130/tools/bin/../lib/gcc/arm-none-eabi/12.3.1/../../../../arm-none-eabi/lib/thumb/v7e-m+dp/hard\libc_nano.a
LOAD C:/ST/STM32CubeIDE_1.13.1/STM32CubeIDE/plugins/com.st.stm32cube.ide.mcu.externaltools.gnu-tools-for-stm32.12.3.rel1.win32_1.1.0.202410251130/tools/bin/../lib/gcc/arm-none-eabi/12.3.1/../../../../arm-none-eabi/lib/thumb/v7e-m+dp/hard\libnosys.a
END GROUP
START GROUP
LOAD C:/ST/STM32CubeIDE_1.13.1/STM32CubeIDE/plugins/com.st.stm32cube.ide.mcu.externaltools.gnu-tools-for-stm32.12.3.rel1.win32_1.1.0.202410251130/tools/bin/../lib/gcc/arm-none-eabi/12.3.1/thumb/v7e-m+dp/hard\libgcc.a
LOAD C:/ST/STM32CubeIDE_1.13.1/STM32CubeIDE/plugins/com.st.stm32cube.ide.mcu.externaltools.gnu-tools-for-stm32.12.3.rel1.win32_1.1.0.202410251130/tools/bin/../lib/gcc/arm-none-eabi/12.3.1/../../../../arm-none-eabi/lib/thumb/v7e-m+dp/hard\libc_nano.a
LOAD C:/ST/STM32CubeIDE_1.13.1/STM32CubeIDE/plugins/com.st.stm32cube.ide.mcu.externaltools.gnu-tools-for-stm32.12.3.rel1.win32_1.1.0.202410251130/tools/bin/../lib/gcc/arm-none-eabi/12.3.1/../../../../arm-none-eabi/lib/thumb/v7e-m+dp/hard\libnosys.a
END GROUP
LOAD C:/ST/STM32CubeIDE_1.13.1/STM32CubeIDE/plugins/com.st.stm32cube.ide.mcu.externaltools.gnu-tools-for-stm32.12.3.rel1.win32_1.1.0.202410251130/tools/bin/../lib/gcc/arm-none-eabi/12.3.1/thumb/v7e-m+dp/hard/crtend.o
LOAD C:/ST/STM32CubeIDE_1.13.1/STM32CubeIDE/plugins/com.st.stm32cube.ide.mcu.externaltools.gnu-tools-for-stm32.12.3.rel1.win32_1.1.0.202410251130/tools/bin/../lib/gcc/arm-none-eabi/12.3.1/thumb/v7e-m+dp/hard/crtn.o
                0x24080000                        _estack = (ORIGIN (RAM_D1) + LENGTH (RAM_D1))
                0x00000200                        _Min_Heap_Size = 0x200
                0x00000400                        _Min_Stack_Size = 0x400

.isr_vector     0x08000000      0x298
                0x08000000                        . = ALIGN (0x4)
 *(.isr_vector)
 .isr_vector    0x08000000      0x298 ./Core/Startup/startup_stm32h745zitx.o
                0x08000000                g_pfnVectors
                0x08000298                        . = ALIGN (0x4)

.text           0x080002a0    0x266f4
                0x080002a0                        . = ALIGN (0x4)
 *(.text)
 .text          0x080002a0       0x40 C:/ST/STM32CubeIDE_1.13.1/STM32CubeIDE/plugins/com.st.stm32cube.ide.mcu.externaltools.gnu-tools-for-stm32.12.3.rel1.win32_1.1.0.202410251130/tools/bin/../lib/gcc/arm-none-eabi/12.3.1/thumb/v7e-m+dp/hard/crtbegin.o
 .text          0x080002e0       0x14 C:/ST/STM32CubeIDE_1.13.1/STM32CubeIDE/plugins/com.st.stm32cube.ide.mcu.externaltools.gnu-tools-for-stm32.12.3.rel1.win32_1.1.0.202410251130/tools/bin/../lib/gcc/arm-none-eabi/12.3.1/../../../../arm-none-eabi/lib/thumb/v7e-m+dp/hard\libc_nano.a(libc_a-strcmp.o)
                0x080002e0                strcmp
 *fill*         0x080002f4        0xc 
 .text          0x08000300       0xa0 C:/ST/STM32CubeIDE_1.13.1/STM32CubeIDE/plugins/com.st.stm32cube.ide.mcu.externaltools.gnu-tools-for-stm32.12.3.rel1.win32_1.1.0.202410251130/tools/bin/../lib/gcc/arm-none-eabi/12.3.1/../../../../arm-none-eabi/lib/thumb/v7e-m+dp/hard\libc_nano.a(libc_a-memchr.o)
                0x08000300                memchr
 .text          0x080003a0       0x10 C:/ST/STM32CubeIDE_1.13.1/STM32CubeIDE/plugins/com.st.stm32cube.ide.mcu.externaltools.gnu-tools-for-stm32.12.3.rel1.win32_1.1.0.202410251130/tools/bin/../lib/gcc/arm-none-eabi/12.3.1/../../../../arm-none-eabi/lib/thumb/v7e-m+dp/hard\libc_nano.a(libc_a-strlen.o)
                0x080003a0                strlen
 .text          0x080003b0      0x378 C:/ST/STM32CubeIDE_1.13.1/STM32CubeIDE/plugins/com.st.stm32cube.ide.mcu.externaltools.gnu-tools-for-stm32.12.3.rel1.win32_1.1.0.202410251130/tools/bin/../lib/gcc/arm-none-eabi/12.3.1/thumb/v7e-m+dp/hard\libgcc.a(_arm_addsubdf3.o)
                0x080003b0                __aeabi_drsub
                0x080003b8                __aeabi_dsub
                0x080003b8                __subdf3
                0x080003bc                __aeabi_dadd
                0x080003bc                __adddf3
                0x08000634                __floatunsidf
                0x08000634                __aeabi_ui2d
                0x08000654                __floatsidf
                0x08000654                __aeabi_i2d
                0x08000678                __aeabi_f2d
                0x08000678                __extendsfdf2
                0x080006bc                __floatundidf
                0x080006bc                __aeabi_ul2d
                0x080006cc                __floatdidf
                0x080006cc                __aeabi_l2d
 .text          0x08000728       0xa0 C:/ST/STM32CubeIDE_1.13.1/STM32CubeIDE/plugins/com.st.stm32cube.ide.mcu.externaltools.gnu-tools-for-stm32.12.3.rel1.win32_1.1.0.202410251130/tools/bin/../lib/gcc/arm-none-eabi/12.3.1/thumb/v7e-m+dp/hard\libgcc.a(_aeabi_ldivmod.o)
                0x08000728                __aeabi_ldivmod
 .text          0x080007c8       0x30 C:/ST/STM32CubeIDE_1.13.1/STM32CubeIDE/plugins/com.st.stm32cube.ide.mcu.externaltools.gnu-tools-for-stm32.12.3.rel1.win32_1.1.0.202410251130/tools/bin/../lib/gcc/arm-none-eabi/12.3.1/thumb/v7e-m+dp/hard\libgcc.a(_aeabi_uldivmod.o)
                0x080007c8                __aeabi_uldivmod
 .text          0x080007f8       0x30 C:/ST/STM32CubeIDE_1.13.1/STM32CubeIDE/plugins/com.st.stm32cube.ide.mcu.externaltools.gnu-tools-for-stm32.12.3.rel1.win32_1.1.0.202410251130/tools/bin/../lib/gcc/arm-none-eabi/12.3.1/thumb/v7e-m+dp/hard\libgcc.a(_fixdfdi.o)
                0x080007f8                __fixdfdi
                0x080007f8                __aeabi_d2lz
 .text          0x08000828       0x40 C:/ST/STM32CubeIDE_1.13.1/STM32CubeIDE/plugins/com.st.stm32cube.ide.mcu.externaltools.gnu-tools-for-stm32.12.3.rel1.win32_1.1.0.202410251130/tools/bin/../lib/gcc/arm-none-eabi/12.3.1/thumb/v7e-m+dp/hard\libgcc.a(_fixunsdfdi.o)
                0x08000828                __fixunsdfdi
                0x08000828                __aeabi_d2ulz
 .text          0x08000868      0x2bc C:/ST/STM32CubeIDE_1.13.1/STM32CubeIDE/plugins/com.st.stm32cube.ide.mcu.externaltools.gnu-tools-for-stm32.12.3.rel1.win32_1.1.0.202410251130/tools/bin/../lib/gcc/arm-none-eabi/12.3.1/thumb/v7e-m+dp/hard\libgcc.a(_udivmoddi4.o)
                0x08000868                __udivmoddi4
 .text          0x08000b24        0x4 C:/ST/STM32CubeIDE_1.13.1/STM32CubeIDE/plugins/com.st.stm32cube.ide.mcu.externaltools.gnu-tools-for-stm32.12.3.rel1.win32_1.1.0.202410251130/tools/bin/../lib/gcc/arm-none-eabi/12.3.1/thumb/v7e-m+dp/hard\libgcc.a(_dvmd_tls.o)
                0x08000b24                __aeabi_idiv0
                0x08000b24                __aeabi_ldiv0
 *(.text*)
 .text.SystemInit
                0x08000b28      0x12c ./Common/Src/system_stm32h7xx_dualcore_boot_cm4_cm7.o
                0x08000b28                SystemInit
 .text.mg_random
                0x08000c54       0x5c ./Core/Src/main.o
                0x08000c54                mg_random
 .text.mg_millis
                0x08000cb0       0x1a ./Core/Src/main.o
                0x08000cb0                mg_millis
 *fill*         0x08000cca        0x2 
 .text._write   0x08000ccc       0x38 ./Core/Src/main.o
                0x08000ccc                _write
 .text.HAL_UART_RxCpltCallback
                0x08000d04       0xd0 ./Core/Src/main.o
                0x08000d04                HAL_UART_RxCpltCallback
 .text.main     0x08000dd4       0x3c ./Core/Src/main.o
                0x08000dd4                main
 .text.SystemClock_Config
                0x08000e10       0xf8 ./Core/Src/main.o
                0x08000e10                SystemClock_Config
 .text.MX_ETH_Init
                0x08000f08       0x98 ./Core/Src/main.o
 .text.MX_RNG_Init
                0x08000fa0       0x2c ./Core/Src/main.o
 .text.MX_USART2_UART_Init
                0x08000fcc       0x98 ./Core/Src/main.o
 .text.MX_USART3_UART_Init
                0x08001064       0x98 ./Core/Src/main.o
 .text.MX_GPIO_Init
                0x080010fc       0xac ./Core/Src/main.o
 .text.Error_Handler
                0x080011a8        0xc ./Core/Src/main.o
                0x080011a8                Error_Handler
 .text.mg_base64_decode_single
                0x080011b4       0x6c ./Core/Src/mongoose.o
 .text.mg_base64_decode
                0x08001220      0x13e ./Core/Src/mongoose.o
                0x08001220                mg_base64_decode
 .text.mg_flash_next
                0x0800135e       0xae ./Core/Src/mongoose.o
                0x0800135e                mg_flash_next
 .text.flash_last_sector
                0x0800140c       0x44 ./Core/Src/mongoose.o
 .text.mg_flash_load
                0x08001450      0x14c ./Core/Src/mongoose.o
                0x08001450                mg_flash_load
 .text.mg_flash_sector_cleanup
                0x0800159c      0x148 ./Core/Src/mongoose.o
 .text.mg_flash_save
                0x080016e4      0x3e4 ./Core/Src/mongoose.o
                0x080016e4                mg_flash_save
 .text.mg_dns_free
                0x08001ac8       0x36 ./Core/Src/mongoose.o
 .text.mg_resolve_cancel
                0x08001afe       0x44 ./Core/Src/mongoose.o
                0x08001afe                mg_resolve_cancel
 .text.mg_dns_parse_name_depth
                0x08001b42      0x160 ./Core/Src/mongoose.o
 .text.mg_dns_parse_name
                0x08001ca2       0x30 ./Core/Src/mongoose.o
 .text.mg_dns_parse_rr
                0x08001cd2      0x124 ./Core/Src/mongoose.o
                0x08001cd2                mg_dns_parse_rr
 *fill*         0x08001df6        0x2 
 .text.mg_dns_parse
                0x08001df8      0x198 ./Core/Src/mongoose.o
                0x08001df8                mg_dns_parse
 .text.dns_cb   0x08001f90      0x2fc ./Core/Src/mongoose.o
 .text.mg_dns_send
                0x0800228c      0x1c0 ./Core/Src/mongoose.o
 .text.mg_sendnsreq
                0x0800244c      0x178 ./Core/Src/mongoose.o
 .text.mg_resolve
                0x080025c4       0x88 ./Core/Src/mongoose.o
                0x080025c4                mg_resolve
 .text.mg_call  0x0800264c       0x40 ./Core/Src/mongoose.o
                0x0800264c                mg_call
 .text.mg_error
                0x0800268c       0x84 ./Core/Src/mongoose.o
                0x0800268c                mg_error
 .text.is_digit
                0x08002710       0x2c ./Core/Src/mongoose.o
 .text.addexp   0x0800273c      0x104 ./Core/Src/mongoose.o
 .text.xisinf   0x08002840       0x50 ./Core/Src/mongoose.o
 .text.xisnan   0x08002890       0x58 ./Core/Src/mongoose.o
 .text.mg_dtoa  0x080028e8      0x524 ./Core/Src/mongoose.o
 .text.mg_lld   0x08002e0c      0x160 ./Core/Src/mongoose.o
 .text.scpy     0x08002f6c       0x46 ./Core/Src/mongoose.o
 .text.mg_xprintf
                0x08002fb2       0x36 ./Core/Src/mongoose.o
                0x08002fb2                mg_xprintf
 .text.mg_vxprintf
                0x08002fe8      0x748 ./Core/Src/mongoose.o
                0x08002fe8                mg_vxprintf
 .text.mg_fs_open
                0x08003730       0x50 ./Core/Src/mongoose.o
                0x08003730                mg_fs_open
 .text.mg_fs_close
                0x08003780       0x2a ./Core/Src/mongoose.o
                0x08003780                mg_fs_close
 .text.is_dir_prefix
                0x080037aa       0x58 ./Core/Src/mongoose.o
 .text.packed_stat
                0x08003802       0x60 ./Core/Src/mongoose.o
 *fill*         0x08003862        0x2 
 .text.packed_list
                0x08003864       0xfc ./Core/Src/mongoose.o
 .text.packed_open
                0x08003960       0x62 ./Core/Src/mongoose.o
 .text.packed_close
                0x080039c2       0x1c ./Core/Src/mongoose.o
 .text.packed_read
                0x080039de       0x56 ./Core/Src/mongoose.o
 .text.packed_write
                0x08003a34       0x1a ./Core/Src/mongoose.o
 .text.packed_seek
                0x08003a4e       0x38 ./Core/Src/mongoose.o
 .text.packed_rename
                0x08003a86       0x18 ./Core/Src/mongoose.o
 .text.packed_remove
                0x08003a9e       0x16 ./Core/Src/mongoose.o
 .text.packed_mkdir
                0x08003ab4       0x16 ./Core/Src/mongoose.o
 .text.p_stat   0x08003aca       0x1a ./Core/Src/mongoose.o
 .text.p_list   0x08003ae4       0x18 ./Core/Src/mongoose.o
 .text.p_open   0x08003afc       0x18 ./Core/Src/mongoose.o
 .text.p_close  0x08003b14       0x14 ./Core/Src/mongoose.o
 .text.p_read   0x08003b28       0x1a ./Core/Src/mongoose.o
 .text.p_write  0x08003b42       0x1a ./Core/Src/mongoose.o
 .text.p_seek   0x08003b5c       0x1a ./Core/Src/mongoose.o
 .text.p_rename
                0x08003b76       0x18 ./Core/Src/mongoose.o
 .text.p_remove
                0x08003b8e       0x16 ./Core/Src/mongoose.o
 .text.p_mkdir  0x08003ba4       0x16 ./Core/Src/mongoose.o
 .text.mg_ncasecmp
                0x08003bba       0x80 ./Core/Src/mongoose.o
 *fill*         0x08003c3a        0x2 
 .text.mg_to_size_t
                0x08003c3c      0x12c ./Core/Src/mongoose.o
                0x08003c3c                mg_to_size_t
 .text.mg_http_var
                0x08003d68       0xa0 ./Core/Src/mongoose.o
                0x08003d68                mg_http_var
 .text.mg_http_get_var
                0x08003e08       0xa6 ./Core/Src/mongoose.o
                0x08003e08                mg_http_get_var
 .text.isx      0x08003eae       0x44 ./Core/Src/mongoose.o
 .text.mg_url_decode
                0x08003ef2      0x110 ./Core/Src/mongoose.o
                0x08003ef2                mg_url_decode
 .text.isok     0x08004002       0x3a ./Core/Src/mongoose.o
 .text.mg_http_get_request_len
                0x0800403c       0x9c ./Core/Src/mongoose.o
                0x0800403c                mg_http_get_request_len
 .text.mg_http_get_header
                0x080040d8       0x80 ./Core/Src/mongoose.o
                0x080040d8                mg_http_get_header
 .text.vcb      0x08004158       0x26 ./Core/Src/mongoose.o
 .text.clen     0x0800417e       0xde ./Core/Src/mongoose.o
 .text.skiptorn
                0x0800425c       0x96 ./Core/Src/mongoose.o
 .text.mg_http_parse_headers
                0x080042f2      0x15e ./Core/Src/mongoose.o
 .text.mg_http_parse
                0x08004450      0x2dc ./Core/Src/mongoose.o
                0x08004450                mg_http_parse
 .text.mg_http_status_code_str
                0x0800472c      0x9f8 ./Core/Src/mongoose.o
 .text.mg_http_reply
                0x08005124       0xb0 ./Core/Src/mongoose.o
                0x08005124                mg_http_reply
 .text.restore_http_cb
                0x080051d4       0x40 ./Core/Src/mongoose.o
 .text.mg_http_etag
                0x08005214       0x38 ./Core/Src/mongoose.o
                0x08005214                mg_http_etag
 .text.static_cb
                0x0800524c       0xc4 ./Core/Src/mongoose.o
 .text.guess_content_type
                0x08005310      0x13c ./Core/Src/mongoose.o
 .text.getrange
                0x0800544c       0xe8 ./Core/Src/mongoose.o
 .text.mg_http_serve_file
                0x08005534      0x5a4 ./Core/Src/mongoose.o
                0x08005534                mg_http_serve_file
 .text.uri_to_path2
                0x08005ad8      0x2dc ./Core/Src/mongoose.o
 .text.uri_to_path
                0x08005db4      0x194 ./Core/Src/mongoose.o
 .text.mg_http_serve_dir
                0x08005f48       0xc8 ./Core/Src/mongoose.o
                0x08005f48                mg_http_serve_dir
 .text.mg_http_creds
                0x08006010      0x238 ./Core/Src/mongoose.o
                0x08006010                mg_http_creds
 .text.stripquotes
                0x08006248       0x52 ./Core/Src/mongoose.o
 .text.mg_http_get_header_var
                0x0800629a      0x12c ./Core/Src/mongoose.o
                0x0800629a                mg_http_get_header_var
 .text.mg_http_status
                0x080063c6       0x1c ./Core/Src/mongoose.o
                0x080063c6                mg_http_status
 .text.is_hex_digit
                0x080063e2       0x44 ./Core/Src/mongoose.o
 .text.skip_chunk
                0x08006426      0x11e ./Core/Src/mongoose.o
 .text.http_cb  0x08006544      0x714 ./Core/Src/mongoose.o
 .text.mg_http_listen
                0x08006c58       0x38 ./Core/Src/mongoose.o
                0x08006c58                mg_http_listen
 .text.roundup  0x08006c90       0x34 ./Core/Src/mongoose.o
 .text.mg_iobuf_resize
                0x08006cc4      0x118 ./Core/Src/mongoose.o
                0x08006cc4                mg_iobuf_resize
 .text.mg_iobuf_add
                0x08006ddc       0xa4 ./Core/Src/mongoose.o
                0x08006ddc                mg_iobuf_add
 .text.mg_iobuf_del
                0x08006e80       0x96 ./Core/Src/mongoose.o
                0x08006e80                mg_iobuf_del
 .text.mg_iobuf_free
                0x08006f16       0x18 ./Core/Src/mongoose.o
                0x08006f16                mg_iobuf_free
 *fill*         0x08006f2e        0x2 
 .text.escapeseq
                0x08006f30       0x28 ./Core/Src/mongoose.o
 .text.json_esc
                0x08006f58       0x60 ./Core/Src/mongoose.o
 .text.mg_pass_string
                0x08006fb8       0x82 ./Core/Src/mongoose.o
 *fill*         0x0800703a        0x6 
 .text.mg_atod  0x08007040      0x2a0 ./Core/Src/mongoose.o
 .text.mg_json_get
                0x080072e0      0x674 ./Core/Src/mongoose.o
                0x080072e0                mg_json_get
 .text.mg_json_get_tok
                0x08007954       0x4a ./Core/Src/mongoose.o
                0x08007954                mg_json_get_tok
 .text.mg_json_get_num
                0x0800799e       0x8a ./Core/Src/mongoose.o
                0x0800799e                mg_json_get_num
 .text.mg_json_get_bool
                0x08007a28       0x78 ./Core/Src/mongoose.o
                0x08007a28                mg_json_get_bool
 .text.mg_json_unescape
                0x08007aa0      0x11c ./Core/Src/mongoose.o
                0x08007aa0                mg_json_unescape
 .text.mg_json_get_long
                0x08007bbc       0x44 ./Core/Src/mongoose.o
                0x08007bbc                mg_json_get_long
 .text.logc     0x08007c00       0x28 ./Core/Src/mongoose.o
 .text.logs     0x08007c28       0x36 ./Core/Src/mongoose.o
 *fill*         0x08007c5e        0x2 
 .text.mg_log_prefix
                0x08007c60       0xa0 ./Core/Src/mongoose.o
                0x08007c60                mg_log_prefix
 .text.mg_log   0x08007d00       0x40 ./Core/Src/mongoose.o
                0x08007d00                mg_log
 .text.nibble   0x08007d40       0x2c ./Core/Src/mongoose.o
 .text.mg_hexdump
                0x08007d6c      0x168 ./Core/Src/mongoose.o
                0x08007d6c                mg_hexdump
 .text.mg_mqtt_send_header
                0x08007ed4       0x8a ./Core/Src/mongoose.o
                0x08007ed4                mg_mqtt_send_header
 .text.mg_send_u16
                0x08007f5e       0x20 ./Core/Src/mongoose.o
 .text.mg_send_u32
                0x08007f7e       0x1e ./Core/Src/mongoose.o
 .text.varint_size
                0x08007f9c       0x2c ./Core/Src/mongoose.o
 .text.encode_varint
                0x08007fc8       0x4e ./Core/Src/mongoose.o
 .text.decode_varint
                0x08008016       0x72 ./Core/Src/mongoose.o
 .text.mqtt_prop_type_by_id
                0x08008088       0x50 ./Core/Src/mongoose.o
 .text.get_properties_length
                0x080080d8      0x11c ./Core/Src/mongoose.o
 .text.get_props_size
                0x080081f4       0x2e ./Core/Src/mongoose.o
 *fill*         0x08008222        0x2 
 .text.mg_send_mqtt_properties
                0x08008224      0x294 ./Core/Src/mongoose.o
 .text.mg_mqtt_login
                0x080084b8      0x2c8 ./Core/Src/mongoose.o
                0x080084b8                mg_mqtt_login
 .text.mg_mqtt_pub
                0x08008780      0x19c ./Core/Src/mongoose.o
                0x08008780                mg_mqtt_pub
 .text.mg_mqtt_sub
                0x0800891c       0xe8 ./Core/Src/mongoose.o
                0x0800891c                mg_mqtt_sub
 .text.mg_mqtt_parse
                0x08008a04      0x24a ./Core/Src/mongoose.o
                0x08008a04                mg_mqtt_parse
 *fill*         0x08008c4e        0x2 
 .text.mqtt_cb  0x08008c50      0x280 ./Core/Src/mongoose.o
 .text.mg_mqtt_connect
                0x08008ed0       0x5c ./Core/Src/mongoose.o
                0x08008ed0                mg_mqtt_connect
 .text.mg_vprintf
                0x08008f2c       0x38 ./Core/Src/mongoose.o
                0x08008f2c                mg_vprintf
 .text.mg_printf
                0x08008f64       0x34 ./Core/Src/mongoose.o
                0x08008f64                mg_printf
 .text.mg_atonl
                0x08008f98       0x60 ./Core/Src/mongoose.o
 .text.mg_atone
                0x08008ff8       0x36 ./Core/Src/mongoose.o
 .text.mg_aton4
                0x0800902e       0xec ./Core/Src/mongoose.o
 .text.mg_v4mapped
                0x0800911a       0xd0 ./Core/Src/mongoose.o
 .text.mg_aton6
                0x080091ea      0x220 ./Core/Src/mongoose.o
 .text.mg_aton  0x0800940a       0x74 ./Core/Src/mongoose.o
                0x0800940a                mg_aton
 .text.mg_alloc_conn
                0x0800947e       0x5a ./Core/Src/mongoose.o
                0x0800947e                mg_alloc_conn
 .text.mg_close_conn
                0x080094d8       0xd0 ./Core/Src/mongoose.o
                0x080094d8                mg_close_conn
 .text.mg_connect
                0x080095a8      0x11c ./Core/Src/mongoose.o
                0x080095a8                mg_connect
 .text.mg_listen
                0x080096c4      0x144 ./Core/Src/mongoose.o
                0x080096c4                mg_listen
 .text.mg_timer_add
                0x08009808       0x52 ./Core/Src/mongoose.o
                0x08009808                mg_timer_add
 *fill*         0x0800985a        0x2 
 .text.mg_mgr_init
                0x0800985c      0x120 ./Core/Src/mongoose.o
                0x0800985c                mg_mgr_init
 .text.mg_tcpip_call
                0x0800997c       0x28 ./Core/Src/mongoose.o
 .text.mkpay    0x080099a4       0x3c ./Core/Src/mongoose.o
 .text.csumup   0x080099e0       0x56 ./Core/Src/mongoose.o
 .text.csumfin  0x08009a36       0x36 ./Core/Src/mongoose.o
 .text.ipcsum   0x08009a6c       0x26 ./Core/Src/mongoose.o
 *fill*         0x08009a92        0x2 
 .text.settmout
                0x08009a94       0xb8 ./Core/Src/mongoose.o
 .text.ether_output
                0x08009b4c       0x38 ./Core/Src/mongoose.o
 .text.mg_tcpip_arp_request
                0x08009b84       0xd0 ./Core/Src/mongoose.o
                0x08009b84                mg_tcpip_arp_request
 .text.onstatechange
                0x08009c54      0x154 ./Core/Src/mongoose.o
 .text.tx_ip    0x08009da8       0xae ./Core/Src/mongoose.o
 .text.tx_udp   0x08009e56       0xd2 ./Core/Src/mongoose.o
 .text.tx_dhcp  0x08009f28      0x120 ./Core/Src/mongoose.o
 .text.tx_dhcp_request_sel
                0x0800a048       0xec ./Core/Src/mongoose.o
 .text.tx_dhcp_request_re
                0x0800a134       0x64 ./Core/Src/mongoose.o
 .text.tx_dhcp_discover
                0x0800a198       0x78 ./Core/Src/mongoose.o
 .text.getpeer  0x0800a210       0xe2 ./Core/Src/mongoose.o
 *fill*         0x0800a2f2        0x2 
 .text.rx_arp   0x0800a2f4      0x224 ./Core/Src/mongoose.o
 .text.rx_icmp  0x0800a518       0xb8 ./Core/Src/mongoose.o
 .text.rx_dhcp_client
                0x0800a5d0      0x3d0 ./Core/Src/mongoose.o
 .text.rx_dhcp_server
                0x0800a9a0      0x3dc ./Core/Src/mongoose.o
 .text.rx_udp   0x0800ad7c       0xe4 ./Core/Src/mongoose.o
 .text.tx_tcp   0x0800ae60      0x198 ./Core/Src/mongoose.o
 .text.tx_tcp_pkt
                0x0800aff8       0x8c ./Core/Src/mongoose.o
 .text.accept_conn
                0x0800b084      0x170 ./Core/Src/mongoose.o
 .text.trim_len
                0x0800b1f4      0x11c ./Core/Src/mongoose.o
 .text.mg_io_send
                0x0800b310       0xee ./Core/Src/mongoose.o
                0x0800b310                mg_io_send
 *fill*         0x0800b3fe        0x2 
 .text.handle_tls_recv
                0x0800b400       0x68 ./Core/Src/mongoose.o
 .text.read_conn
                0x0800b468      0x42c ./Core/Src/mongoose.o
 .text.rx_tcp   0x0800b894      0x260 ./Core/Src/mongoose.o
 .text.rx_ip    0x0800baf4      0x2dc ./Core/Src/mongoose.o
 .text.rx_ip6   0x0800bdd0       0x84 ./Core/Src/mongoose.o
 .text.mg_tcpip_rx
                0x0800be54      0x228 ./Core/Src/mongoose.o
 .text.mg_tcpip_poll
                0x0800c07c      0x4ac ./Core/Src/mongoose.o
 .text.mg_tcpip_qwrite
                0x0800c528       0x5a ./Core/Src/mongoose.o
                0x0800c528                mg_tcpip_qwrite
 *fill*         0x0800c582        0x2 
 .text.mg_tcpip_init
                0x0800c584      0x1b4 ./Core/Src/mongoose.o
                0x0800c584                mg_tcpip_init
 .text.send_syn
                0x0800c738       0x6a ./Core/Src/mongoose.o
 .text.mac_resolved
                0x0800c7a2       0x48 ./Core/Src/mongoose.o
 *fill*         0x0800c7ea        0x2 
 .text.mg_connect_resolved
                0x0800c7ec      0x208 ./Core/Src/mongoose.o
                0x0800c7ec                mg_connect_resolved
 .text.mg_open_listener
                0x0800c9f4       0x2a ./Core/Src/mongoose.o
                0x0800c9f4                mg_open_listener
 *fill*         0x0800ca1e        0x2 
 .text.write_conn
                0x0800ca20       0x80 ./Core/Src/mongoose.o
 .text.init_closure
                0x0800caa0       0xa6 ./Core/Src/mongoose.o
 .text.close_conn
                0x0800cb46       0x26 ./Core/Src/mongoose.o
 .text.can_write
                0x0800cb6c       0x68 ./Core/Src/mongoose.o
 .text.mg_mgr_poll
                0x0800cbd4      0x1a0 ./Core/Src/mongoose.o
                0x0800cbd4                mg_mgr_poll
 .text.mg_send  0x0800cd74      0x118 ./Core/Src/mongoose.o
                0x0800cd74                mg_send
 .text.mg_ota_begin
                0x0800ce8c      0x104 ./Core/Src/mongoose.o
                0x0800ce8c                mg_ota_begin
 .text.mg_ota_write
                0x0800cf90      0x178 ./Core/Src/mongoose.o
                0x0800cf90                mg_ota_write
 .text.mg_ota_end
                0x0800d108      0x160 ./Core/Src/mongoose.o
                0x0800d108                mg_ota_end
 .text.swap_size
                0x0800d268       0x42 ./Core/Src/mongoose.o
 .text.mg_pfn_iobuf_private
                0x0800d2aa       0x90 ./Core/Src/mongoose.o
 .text.mg_putchar_iobuf_static
                0x0800d33a       0x20 ./Core/Src/mongoose.o
 .text.mg_pfn_iobuf
                0x0800d35a       0x20 ./Core/Src/mongoose.o
                0x0800d35a                mg_pfn_iobuf
 *fill*         0x0800d37a        0x2 
 .text.mg_vsnprintf
                0x0800d37c       0x50 ./Core/Src/mongoose.o
                0x0800d37c                mg_vsnprintf
 .text.mg_snprintf
                0x0800d3cc       0x32 ./Core/Src/mongoose.o
                0x0800d3cc                mg_snprintf
 *fill*         0x0800d3fe        0x2 
 .text.mg_vmprintf
                0x0800d400       0x38 ./Core/Src/mongoose.o
                0x0800d400                mg_vmprintf
 .text.mg_mprintf
                0x0800d438       0x2a ./Core/Src/mongoose.o
                0x0800d438                mg_mprintf
 .text.mg_pfn_stdout
                0x0800d462       0x1c ./Core/Src/mongoose.o
                0x0800d462                mg_pfn_stdout
 *fill*         0x0800d47e        0x2 
 .text.print_ip4
                0x0800d480       0x48 ./Core/Src/mongoose.o
 .text.print_ip6
                0x0800d4c8       0xbc ./Core/Src/mongoose.o
 .text.mg_print_ip4
                0x0800d584       0x2e ./Core/Src/mongoose.o
                0x0800d584                mg_print_ip4
 .text.mg_print_ip
                0x0800d5b2       0x48 ./Core/Src/mongoose.o
                0x0800d5b2                mg_print_ip
 *fill*         0x0800d5fa        0x2 
 .text.mg_print_ip_port
                0x0800d5fc       0x4c ./Core/Src/mongoose.o
                0x0800d5fc                mg_print_ip_port
 .text.mg_print_mac
                0x0800d648       0x6c ./Core/Src/mongoose.o
                0x0800d648                mg_print_mac
 .text.mg_esc   0x0800d6b4       0x7c ./Core/Src/mongoose.o
 .text.mg_escape
                0x0800d730       0x1a ./Core/Src/mongoose.o
 .text.qcpy     0x0800d74a       0x86 ./Core/Src/mongoose.o
 .text.mg_print_hex
                0x0800d7d0       0x88 ./Core/Src/mongoose.o
                0x0800d7d0                mg_print_hex
 .text.mg_print_esc
                0x0800d858       0x58 ./Core/Src/mongoose.o
                0x0800d858                mg_print_esc
 .text.mg_queue_read_len
                0x0800d8b0       0x54 ./Core/Src/mongoose.o
 .text.mg_queue_write_len
                0x0800d904       0x2c ./Core/Src/mongoose.o
 .text.mg_queue_book
                0x0800d930       0xae ./Core/Src/mongoose.o
                0x0800d930                mg_queue_book
 *fill*         0x0800d9de        0x2 
 .text.mg_queue_next
                0x0800d9e0       0x8c ./Core/Src/mongoose.o
                0x0800d9e0                mg_queue_next
 .text.mg_queue_add
                0x0800da6c       0x70 ./Core/Src/mongoose.o
                0x0800da6c                mg_queue_add
 .text.mg_queue_del
                0x0800dadc       0x48 ./Core/Src/mongoose.o
                0x0800dadc                mg_queue_del
 .text.mg_sha256_init
                0x0800db24       0x78 ./Core/Src/mongoose.o
                0x0800db24                mg_sha256_init
 .text.mg_sha256_chunk
                0x0800db9c      0x410 ./Core/Src/mongoose.o
 .text.mg_sha256_update
                0x0800dfac       0x72 ./Core/Src/mongoose.o
                0x0800dfac                mg_sha256_update
 .text.mg_sha256_final
                0x0800e01e      0x270 ./Core/Src/mongoose.o
                0x0800e01e                mg_sha256_final
 .text.mg_hmac_sha256
                0x0800e28e      0x1d4 ./Core/Src/mongoose.o
                0x0800e28e                mg_hmac_sha256
 *fill*         0x0800e462        0x2 
 .text.mg_now   0x0800e464       0x24 ./Core/Src/mongoose.o
                0x0800e464                mg_now
 .text.gettimestamp
                0x0800e488       0xec ./Core/Src/mongoose.o
 .text.mg_sntp_parse
                0x0800e574      0x1e0 ./Core/Src/mongoose.o
                0x0800e574                mg_sntp_parse
 .text.sntp_cb  0x0800e754      0x110 ./Core/Src/mongoose.o
 *fill*         0x0800e864        0x4 
 .text.mg_sntp_request
                0x0800e868      0x10c ./Core/Src/mongoose.o
                0x0800e868                mg_sntp_request
 .text.mg_sntp_connect
                0x0800e974       0x54 ./Core/Src/mongoose.o
                0x0800e974                mg_sntp_connect
 .text.mg_http_serve_ssi
                0x0800e9c8       0x28 ./Core/Src/mongoose.o
                0x0800e9c8                mg_http_serve_ssi
 .text.mg_str_s
                0x0800e9f0       0x3a ./Core/Src/mongoose.o
                0x0800e9f0                mg_str_s
 .text.mg_str_n
                0x0800ea2a       0x30 ./Core/Src/mongoose.o
                0x0800ea2a                mg_str_n
 .text.mg_tolc  0x0800ea5a       0x2a ./Core/Src/mongoose.o
 .text.mg_strdup
                0x0800ea84       0x6e ./Core/Src/mongoose.o
                0x0800ea84                mg_strdup
 .text.mg_strcmp
                0x0800eaf2       0x84 ./Core/Src/mongoose.o
                0x0800eaf2                mg_strcmp
 .text.mg_strcasecmp
                0x0800eb76       0x8e ./Core/Src/mongoose.o
                0x0800eb76                mg_strcasecmp
 .text.mg_match
                0x0800ec04      0x1e8 ./Core/Src/mongoose.o
                0x0800ec04                mg_match
 .text.mg_span  0x0800edec       0xba ./Core/Src/mongoose.o
                0x0800edec                mg_span
 .text.mg_str_to_num
                0x0800eea6      0x466 ./Core/Src/mongoose.o
                0x0800eea6                mg_str_to_num
 .text.mg_timer_init
                0x0800f30c       0x58 ./Core/Src/mongoose.o
                0x0800f30c                mg_timer_init
 .text.mg_timer_expired
                0x0800f364       0xc8 ./Core/Src/mongoose.o
                0x0800f364                mg_timer_expired
 .text.mg_timer_poll
                0x0800f42c       0xce ./Core/Src/mongoose.o
                0x0800f42c                mg_timer_poll
 *fill*         0x0800f4fa        0x2 
 .text.mg_tls_hexdump
                0x0800f4fc       0x50 ./Core/Src/mongoose.o
 .text.mg_der_to_tlv
                0x0800f54c       0xa8 ./Core/Src/mongoose.o
 .text.mg_der_find
                0x0800f5f4       0xde ./Core/Src/mongoose.o
 .text.mg_tls_got_record
                0x0800f6d2       0x4e ./Core/Src/mongoose.o
 .text.mg_tls_drop_record
                0x0800f720       0x42 ./Core/Src/mongoose.o
 *fill*         0x0800f762        0x2 
 .text.mg_tls_drop_message
                0x0800f764       0x98 ./Core/Src/mongoose.o
 .text.mg_tls_derive_secret
                0x0800f7fc      0x138 ./Core/Src/mongoose.o
 .text.mg_tls_generate_handshake_keys
                0x0800f934      0x2a0 ./Core/Src/mongoose.o
 .text.mg_tls_generate_application_keys
                0x0800fbd4      0x230 ./Core/Src/mongoose.o
 .text.mg_tls_encrypt
                0x0800fe04      0x1f8 ./Core/Src/mongoose.o
 .text.mg_tls_recv_record
                0x0800fffc      0x21c ./Core/Src/mongoose.o
 .text.mg_tls_calc_cert_verify_hash
                0x08010218      0x144 ./Core/Src/mongoose.o
 .text.mg_tls_server_recv_hello
                0x0801035c      0x2e8 ./Core/Src/mongoose.o
 .text.mg_tls_server_send_hello
                0x08010644      0x168 ./Core/Src/mongoose.o
 .text.mg_tls_server_send_ext
                0x080107ac       0x4c ./Core/Src/mongoose.o
 .text.mg_tls_server_send_cert
                0x080107f8      0x11c ./Core/Src/mongoose.o
 .text.init_SHA256
                0x08010914       0x1e ./Core/Src/mongoose.o
 .text.update_SHA256
                0x08010932       0x26 ./Core/Src/mongoose.o
 .text.finish_SHA256
                0x08010958       0x22 ./Core/Src/mongoose.o
 *fill*         0x0801097a        0x2 
 .text.mg_tls_send_cert_verify
                0x0801097c      0x27c ./Core/Src/mongoose.o
 .text.mg_tls_server_send_finish
                0x08010bf8       0xc4 ./Core/Src/mongoose.o
 .text.mg_tls_server_recv_finish
                0x08010cbc       0x80 ./Core/Src/mongoose.o
 .text.mg_tls_client_send_hello
                0x08010d3c      0x3e8 ./Core/Src/mongoose.o
 .text.mg_tls_client_recv_hello
                0x08011124      0x268 ./Core/Src/mongoose.o
 .text.mg_tls_client_recv_ext
                0x0801138c       0x60 ./Core/Src/mongoose.o
 .text.mg_tls_client_recv_cert
                0x080113ec      0x358 ./Core/Src/mongoose.o
 .text.mg_tls_client_recv_cert_verify
                0x08011744      0x174 ./Core/Src/mongoose.o
 .text.mg_tls_client_recv_finish
                0x080118b8       0x60 ./Core/Src/mongoose.o
 .text.mg_tls_client_send_finish
                0x08011918       0xb0 ./Core/Src/mongoose.o
 .text.mg_tls_client_handshake
                0x080119c8      0x20c ./Core/Src/mongoose.o
 .text.mg_tls_server_handshake
                0x08011bd4       0xa0 ./Core/Src/mongoose.o
 .text.mg_tls_handshake
                0x08011c74       0x2e ./Core/Src/mongoose.o
                0x08011c74                mg_tls_handshake
 *fill*         0x08011ca2        0x2 
 .text.mg_parse_pem
                0x08011ca4      0x140 ./Core/Src/mongoose.o
 .text.mg_tls_init
                0x08011de4      0x2a4 ./Core/Src/mongoose.o
                0x08011de4                mg_tls_init
 .text.mg_tls_free
                0x08012088       0x48 ./Core/Src/mongoose.o
                0x08012088                mg_tls_free
 .text.mg_tls_send
                0x080120d0       0x90 ./Core/Src/mongoose.o
                0x080120d0                mg_tls_send
 .text.mg_tls_recv
                0x08012160       0x98 ./Core/Src/mongoose.o
                0x08012160                mg_tls_recv
 .text.mg_tls_pending
                0x080121f8       0x18 ./Core/Src/mongoose.o
                0x080121f8                mg_tls_pending
 .text.mg_tls_ctx_init
                0x08012210       0x14 ./Core/Src/mongoose.o
                0x08012210                mg_tls_ctx_init
 .text.initialize_state
                0x08012224       0xd0 ./Core/Src/mongoose.o
 .text.core_block
                0x080122f4      0x4a4 ./Core/Src/mongoose.o
 .text.xor_block
                0x08012798      0x116 ./Core/Src/mongoose.o
 .text.chacha20_xor_stream
                0x080128ae       0xf0 ./Core/Src/mongoose.o
 .text.rfc8439_keygen
                0x0801299e       0x40 ./Core/Src/mongoose.o
 .text.U8TO32   0x080129de       0x38 ./Core/Src/mongoose.o
 .text.U32TO8   0x08012a16       0x42 ./Core/Src/mongoose.o
 .text.poly1305_init
                0x08012a58       0xf8 ./Core/Src/mongoose.o
 .text.poly1305_blocks
                0x08012b50      0xe06 ./Core/Src/mongoose.o
 .text.poly1305_finish
                0x08013956      0x4b8 ./Core/Src/mongoose.o
 .text.poly1305_update
                0x08013e0e      0x106 ./Core/Src/mongoose.o
 .text.pad_if_needed
                0x08013f14       0x34 ./Core/Src/mongoose.o
 .text.write_64bit_int
                0x08013f48       0xbe ./Core/Src/mongoose.o
 .text.poly1305_calculate_mac
                0x08014006       0xd8 ./Core/Src/mongoose.o
 .text.mg_chacha20_poly1305_encrypt
                0x080140de       0x70 ./Core/Src/mongoose.o
                0x080140de                mg_chacha20_poly1305_encrypt
 .text.mg_chacha20_poly1305_decrypt
                0x0801414e       0x54 ./Core/Src/mongoose.o
                0x0801414e                mg_chacha20_poly1305_decrypt
 .text.mg_uecc_vli_clear
                0x080141a2       0x42 ./Core/Src/mongoose.o
 .text.mg_uecc_vli_isZero
                0x080141e4       0x54 ./Core/Src/mongoose.o
 .text.mg_uecc_vli_testBit
                0x08014238       0x36 ./Core/Src/mongoose.o
 .text.vli_numDigits
                0x0801426e       0x4a ./Core/Src/mongoose.o
 .text.mg_uecc_vli_numBits
                0x080142b8       0x70 ./Core/Src/mongoose.o
 .text.mg_uecc_vli_set
                0x08014328       0x4e ./Core/Src/mongoose.o
 .text.mg_uecc_vli_cmp_unsafe
                0x08014376       0x78 ./Core/Src/mongoose.o
 .text.mg_uecc_vli_equal
                0x080143ee       0x64 ./Core/Src/mongoose.o
 .text.mg_uecc_vli_cmp
                0x08014452       0x62 ./Core/Src/mongoose.o
 .text.mg_uecc_vli_rshift1
                0x080144b4       0x54 ./Core/Src/mongoose.o
 .text.mg_uecc_vli_add
                0x08014508       0x94 ./Core/Src/mongoose.o
 .text.mg_uecc_vli_sub
                0x0801459c       0x94 ./Core/Src/mongoose.o
 .text.muladd   0x08014630       0xd4 ./Core/Src/mongoose.o
 .text.mg_uecc_vli_mult
                0x08014704      0x140 ./Core/Src/mongoose.o
 .text.mg_uecc_vli_modAdd
                0x08014844       0x4e ./Core/Src/mongoose.o
 .text.mg_uecc_vli_modSub
                0x08014892       0x3a ./Core/Src/mongoose.o
 .text.mg_uecc_vli_mmod
                0x080148cc      0x278 ./Core/Src/mongoose.o
 .text.mg_uecc_vli_modMult
                0x08014b44       0x36 ./Core/Src/mongoose.o
 .text.mg_uecc_vli_modMult_fast
                0x08014b7a       0x38 ./Core/Src/mongoose.o
 .text.mg_uecc_vli_modSquare_fast
                0x08014bb2       0x20 ./Core/Src/mongoose.o
 .text.vli_modInv_update
                0x08014bd2       0x70 ./Core/Src/mongoose.o
 .text.mg_uecc_vli_modInv
                0x08014c42      0x1f2 ./Core/Src/mongoose.o
 .text.double_jacobian_default
                0x08014e34      0x1fe ./Core/Src/mongoose.o
 .text.x_side_default
                0x08015032       0x76 ./Core/Src/mongoose.o
 .text.mod_sqrt_default
                0x080150a8       0xca ./Core/Src/mongoose.o
 *fill*         0x08015172        0x2 
 .text.mg_uecc_secp256r1
                0x08015174       0x14 ./Core/Src/mongoose.o
                0x08015174                mg_uecc_secp256r1
 .text.vli_mmod_fast_secp256r1
                0x08015188      0x2b4 ./Core/Src/mongoose.o
 .text.apply_z  0x0801543c       0x50 ./Core/Src/mongoose.o
 .text.XYcZ_initial_double
                0x0801548c       0x94 ./Core/Src/mongoose.o
 .text.XYcZ_add
                0x08015520      0x134 ./Core/Src/mongoose.o
 .text.XYcZ_addC
                0x08015654      0x1e2 ./Core/Src/mongoose.o
 .text.EccPoint_mult
                0x08015836      0x2c2 ./Core/Src/mongoose.o
 .text.regularize_k
                0x08015af8       0x82 ./Core/Src/mongoose.o
 *fill*         0x08015b7a        0x2 
 .text.mg_uecc_generate_random_int
                0x08015b7c       0xd4 ./Core/Src/mongoose.o
 .text.mg_uecc_vli_nativeToBytes
                0x08015c50       0x5a ./Core/Src/mongoose.o
 .text.mg_uecc_vli_bytesToNative
                0x08015caa       0x78 ./Core/Src/mongoose.o
 .text.bits2int
                0x08015d22       0xe4 ./Core/Src/mongoose.o
 *fill*         0x08015e06        0x2 
 .text.mg_uecc_sign_with_k_internal
                0x08015e08      0x2d8 ./Core/Src/mongoose.o
 .text.HMAC_init
                0x080160e0       0x7e ./Core/Src/mongoose.o
 .text.HMAC_update
                0x0801615e       0x20 ./Core/Src/mongoose.o
 .text.HMAC_finish
                0x0801617e       0xa2 ./Core/Src/mongoose.o
 .text.update_V
                0x08016220       0x34 ./Core/Src/mongoose.o
 .text.mg_uecc_sign_deterministic
                0x08016254      0x22c ./Core/Src/mongoose.o
                0x08016254                mg_uecc_sign_deterministic
 .text.smax     0x08016480       0x2c ./Core/Src/mongoose.o
 .text.mg_uecc_verify
                0x080164ac      0x598 ./Core/Src/mongoose.o
                0x080164ac                mg_uecc_verify
 .text.umaal    0x08016a44       0x9c ./Core/Src/mongoose.o
 .text.adc      0x08016ae0       0x6e ./Core/Src/mongoose.o
 .text.adc0     0x08016b4e       0x4c ./Core/Src/mongoose.o
 .text.propagate
                0x08016b9a       0x74 ./Core/Src/mongoose.o
 .text.add      0x08016c0e       0x60 ./Core/Src/mongoose.o
 .text.sub      0x08016c6e       0xa2 ./Core/Src/mongoose.o
 .text.mul      0x08016d10       0xfa ./Core/Src/mongoose.o
 .text.sqr      0x08016e0a       0x1e ./Core/Src/mongoose.o
 .text.mul1     0x08016e28       0x1e ./Core/Src/mongoose.o
 .text.sqr1     0x08016e46       0x18 ./Core/Src/mongoose.o
 .text.condswap
                0x08016e5e       0x78 ./Core/Src/mongoose.o
 .text.canon    0x08016ed6       0xe4 ./Core/Src/mongoose.o
 *fill*         0x08016fba        0x2 
 .text.ladder_part1
                0x08016fbc       0xa8 ./Core/Src/mongoose.o
 .text.ladder_part2
                0x08017064       0x5c ./Core/Src/mongoose.o
 .text.x25519_core
                0x080170c0      0x15c ./Core/Src/mongoose.o
 .text.mg_tls_x25519
                0x0801721c      0x198 ./Core/Src/mongoose.o
                0x0801721c                mg_tls_x25519
 .text.mg_url_is_ssl
                0x080173b4       0x90 ./Core/Src/mongoose.o
                0x080173b4                mg_url_is_ssl
 .text.urlparse
                0x08017444      0x102 ./Core/Src/mongoose.o
 .text.mg_url_host
                0x08017546       0x66 ./Core/Src/mongoose.o
                0x08017546                mg_url_host
 .text.mg_url_port
                0x080175ac       0xc8 ./Core/Src/mongoose.o
                0x080175ac                mg_url_port
 .text.mg_bzero
                0x08017674       0x32 ./Core/Src/mongoose.o
                0x08017674                mg_bzero
 *fill*         0x080176a6        0x2 
 .text.mg_random_str
                0x080176a8       0x8c ./Core/Src/mongoose.o
                0x080176a8                mg_random_str
 .text.mg_ntohl
                0x08017734       0x32 ./Core/Src/mongoose.o
                0x08017734                mg_ntohl
 .text.mg_ntohs
                0x08017766       0x2e ./Core/Src/mongoose.o
                0x08017766                mg_ntohs
 .text.mg_crc32
                0x08017794       0x74 ./Core/Src/mongoose.o
                0x08017794                mg_crc32
 .text.mg_path_is_sane
                0x08017808       0x80 ./Core/Src/mongoose.o
                0x08017808                mg_path_is_sane
 .text.mg_phy_id_to_str
                0x08017888       0xa0 ./Core/Src/mongoose.o
 .text.mg_phy_init
                0x08017928      0x170 ./Core/Src/mongoose.o
                0x08017928                mg_phy_init
 .text.mg_phy_up
                0x08017a98      0x1ea ./Core/Src/mongoose.o
                0x08017a98                mg_phy_up
 *fill*         0x08017c82        0x2 
 .text.eth_read_phy
                0x08017c84       0x74 ./Core/Src/mongoose.o
 .text.eth_write_phy
                0x08017cf8       0x78 ./Core/Src/mongoose.o
 .text.mg_tcpip_driver_stm32h_init
                0x08017d70      0x268 ./Core/Src/mongoose.o
 .text.mg_tcpip_driver_stm32h_tx
                0x08017fd8      0x1b4 ./Core/Src/mongoose.o
 .text.mg_tcpip_driver_stm32h_up
                0x0801818c       0xf8 ./Core/Src/mongoose.o
 .text.ETH_IRQHandler
                0x08018284      0x120 ./Core/Src/mongoose.o
                0x08018284                ETH_IRQHandler
 .text.scmp     0x080183a4       0x44 ./Core/Src/mongoose_fs.o
 .text.mg_unlist
                0x080183e8       0x28 ./Core/Src/mongoose_fs.o
                0x080183e8                mg_unlist
 .text.mg_unpack
                0x08018410       0x6c ./Core/Src/mongoose_fs.o
                0x08018410                mg_unpack
 *fill*         0x0801847c        0x4 
 .text.timer_fn_1
                0x08018480       0xb0 ./Core/Src/mongoose_glue.o
 .text.glue_init_1
                0x08018530       0x58 ./Core/Src/mongoose_glue.o
                0x08018530                glue_init_1
 .text.glue_lock
                0x08018588        0xe ./Core/Src/mongoose_glue.o
                0x08018588                glue_lock
 .text.glue_unlock
                0x08018596        0xe ./Core/Src/mongoose_glue.o
                0x08018596                glue_unlock
 .text.glue_mqtt_tls_init
                0x080185a4       0x90 ./Core/Src/mongoose_glue.o
                0x080185a4                glue_mqtt_tls_init
 .text.glue_mqtt_on_connect
                0x08018634       0xc0 ./Core/Src/mongoose_glue.o
                0x08018634                glue_mqtt_on_connect
 .text.glue_mqtt_on_message
                0x080186f4       0xe0 ./Core/Src/mongoose_glue.o
                0x080186f4                glue_mqtt_on_message
 .text.glue_mqtt_on_cmd
                0x080187d4       0x4c ./Core/Src/mongoose_glue.o
                0x080187d4                glue_mqtt_on_cmd
 .text.glue_mqtt_connect
                0x08018820       0x7c ./Core/Src/mongoose_glue.o
                0x08018820                glue_mqtt_connect
 .text.glue_sntp_on_time
                0x0801889c       0x4c ./Core/Src/mongoose_glue.o
                0x0801889c                glue_sntp_on_time
 .text.glue_modbus_read_reg
                0x080188e8       0x9c ./Core/Src/mongoose_glue.o
                0x080188e8                glue_modbus_read_reg
 .text.glue_modbus_write_reg
                0x08018984       0x9c ./Core/Src/mongoose_glue.o
                0x08018984                glue_modbus_write_reg
 .text.glue_authenticate
                0x08018a20       0x68 ./Core/Src/mongoose_glue.o
                0x08018a20                glue_authenticate
 .text.glue_check_reboot
                0x08018a88       0x24 ./Core/Src/mongoose_glue.o
                0x08018a88                glue_check_reboot
 .text.glue_start_reboot
                0x08018aac       0x24 ./Core/Src/mongoose_glue.o
                0x08018aac                glue_start_reboot
 .text.glue_ota_begin_firmware_update
                0x08018ad0       0x5c ./Core/Src/mongoose_glue.o
                0x08018ad0                glue_ota_begin_firmware_update
 .text.glue_ota_end_firmware_update
                0x08018b2c       0x98 ./Core/Src/mongoose_glue.o
                0x08018b2c                glue_ota_end_firmware_update
 .text.glue_ota_write_firmware_update
                0x08018bc4       0x50 ./Core/Src/mongoose_glue.o
                0x08018bc4                glue_ota_write_firmware_update
 .text.glue_file_open_file_upload
                0x08018c14       0x88 ./Core/Src/mongoose_glue.o
                0x08018c14                glue_file_open_file_upload
 .text.glue_file_close_file_upload
                0x08018c9c       0x40 ./Core/Src/mongoose_glue.o
                0x08018c9c                glue_file_close_file_upload
 .text.glue_file_write_file_upload
                0x08018cdc       0x48 ./Core/Src/mongoose_glue.o
                0x08018cdc                glue_file_write_file_upload
 .text.glue_graph_get_graph1
                0x08018d24       0xb4 ./Core/Src/mongoose_glue.o
                0x08018d24                glue_graph_get_graph1
 .text.glue_get_state
                0x08018dd8       0x30 ./Core/Src/mongoose_glue.o
                0x08018dd8                glue_get_state
 .text.glue_set_state
                0x08018e08       0x30 ./Core/Src/mongoose_glue.o
                0x08018e08                glue_set_state
 .text.glue_get_leds
                0x08018e38       0x24 ./Core/Src/mongoose_glue.o
                0x08018e38                glue_get_leds
 .text.glue_set_leds
                0x08018e5c       0x24 ./Core/Src/mongoose_glue.o
                0x08018e5c                glue_set_leds
 .text.glue_get_settings
                0x08018e80       0x34 ./Core/Src/mongoose_glue.o
                0x08018e80                glue_get_settings
 .text.glue_set_settings
                0x08018eb4       0x34 ./Core/Src/mongoose_glue.o
                0x08018eb4                glue_set_settings
 .text.glue_get_security
                0x08018ee8       0x24 ./Core/Src/mongoose_glue.o
                0x08018ee8                glue_get_security
 .text.glue_set_security
                0x08018f0c       0x24 ./Core/Src/mongoose_glue.o
                0x08018f0c                glue_set_security
 .text.find_handler
                0x08018f30       0xf8 ./Core/Src/mongoose_impl.o
 .text.mg_json_get_str2
                0x08019028       0x58 ./Core/Src/mongoose_impl.o
                0x08019028                mg_json_get_str2
 .text.authenticate
                0x08019080      0x1c0 ./Core/Src/mongoose_impl.o
 .text.handle_login
                0x08019240       0xdc ./Core/Src/mongoose_impl.o
 .text.handle_logout
                0x0801931c       0x70 ./Core/Src/mongoose_impl.o
 .text.close_uploaded_file
                0x0801938c       0x42 ./Core/Src/mongoose_impl.o
 *fill*         0x080193ce        0x2 
 .text.upload_handler
                0x080193d0      0x1b0 ./Core/Src/mongoose_impl.o
 .text.prep_upload
                0x08019580      0x150 ./Core/Src/mongoose_impl.o
 .text.handle_uploads
                0x080196d0       0xf8 ./Core/Src/mongoose_impl.o
 .text.handle_action
                0x080197c8       0x80 ./Core/Src/mongoose_impl.o
 .text.print_struct
                0x08019848      0x210 ./Core/Src/mongoose_impl.o
                0x08019848                print_struct
 .text.handle_object
                0x08019a58      0x230 ./Core/Src/mongoose_impl.o
 .text.print_timeseries
                0x08019c88       0xa4 ./Core/Src/mongoose_impl.o
                0x08019c88                print_timeseries
 .text.handle_graph
                0x08019d2c       0xcc ./Core/Src/mongoose_impl.o
 .text.handle_api_call
                0x08019df8       0x9c ./Core/Src/mongoose_impl.o
 .text.http_ev_handler
                0x08019e94      0x358 ./Core/Src/mongoose_impl.o
 .text.sntp_ev_handler
                0x0801a1ec       0x54 ./Core/Src/mongoose_impl.o
 .text.sntp_timer
                0x0801a240       0x70 ./Core/Src/mongoose_impl.o
 .text.mqtt_event_handler
                0x0801a2b0       0xa8 ./Core/Src/mongoose_impl.o
 .text.mqtt_timer
                0x0801a358       0x34 ./Core/Src/mongoose_impl.o
 .text.handle_modbus_pdu
                0x0801a38c      0x494 ./Core/Src/mongoose_impl.o
 .text.modbus_ev_handler
                0x0801a820       0xa0 ./Core/Src/mongoose_impl.o
 .text.mongoose_init
                0x0801a8c0      0x178 ./Core/Src/mongoose_impl.o
                0x0801a8c0                mongoose_init
 .text.mongoose_poll
                0x0801aa38       0x1c ./Core/Src/mongoose_impl.o
                0x0801aa38                mongoose_poll
 .text.HAL_MspInit
                0x0801aa54       0x34 ./Core/Src/stm32h7xx_hal_msp.o
                0x0801aa54                HAL_MspInit
 .text.HAL_ETH_MspInit
                0x0801aa88      0x1ac ./Core/Src/stm32h7xx_hal_msp.o
                0x0801aa88                HAL_ETH_MspInit
 .text.HAL_RNG_MspInit
                0x0801ac34       0x74 ./Core/Src/stm32h7xx_hal_msp.o
                0x0801ac34                HAL_RNG_MspInit
 .text.HAL_UART_MspInit
                0x0801aca8      0x1cc ./Core/Src/stm32h7xx_hal_msp.o
                0x0801aca8                HAL_UART_MspInit
 .text.NMI_Handler
                0x0801ae74        0x8 ./Core/Src/stm32h7xx_it.o
                0x0801ae74                NMI_Handler
 .text.HardFault_Handler
                0x0801ae7c        0x8 ./Core/Src/stm32h7xx_it.o
                0x0801ae7c                HardFault_Handler
 .text.MemManage_Handler
                0x0801ae84        0x8 ./Core/Src/stm32h7xx_it.o
                0x0801ae84                MemManage_Handler
 .text.BusFault_Handler
                0x0801ae8c        0x8 ./Core/Src/stm32h7xx_it.o
                0x0801ae8c                BusFault_Handler
 .text.UsageFault_Handler
                0x0801ae94        0x8 ./Core/Src/stm32h7xx_it.o
                0x0801ae94                UsageFault_Handler
 .text.SVC_Handler
                0x0801ae9c        0xe ./Core/Src/stm32h7xx_it.o
                0x0801ae9c                SVC_Handler
 .text.DebugMon_Handler
                0x0801aeaa        0xe ./Core/Src/stm32h7xx_it.o
                0x0801aeaa                DebugMon_Handler
 .text.PendSV_Handler
                0x0801aeb8        0xe ./Core/Src/stm32h7xx_it.o
                0x0801aeb8                PendSV_Handler
 .text.SysTick_Handler
                0x0801aec6        0xc ./Core/Src/stm32h7xx_it.o
                0x0801aec6                SysTick_Handler
 *fill*         0x0801aed2        0x2 
 .text.USART2_IRQHandler
                0x0801aed4       0x14 ./Core/Src/stm32h7xx_it.o
                0x0801aed4                USART2_IRQHandler
 .text._getpid  0x0801aee8       0x10 ./Core/Src/syscalls.o
                0x0801aee8                _getpid
 .text._kill    0x0801aef8       0x20 ./Core/Src/syscalls.o
                0x0801aef8                _kill
 .text._exit    0x0801af18       0x16 ./Core/Src/syscalls.o
                0x0801af18                _exit
 .text._read    0x0801af2e       0x3a ./Core/Src/syscalls.o
                0x0801af2e                _read
 .text._close   0x0801af68       0x18 ./Core/Src/syscalls.o
                0x0801af68                _close
 .text._fstat   0x0801af80       0x20 ./Core/Src/syscalls.o
                0x0801af80                _fstat
 .text._isatty  0x0801afa0       0x16 ./Core/Src/syscalls.o
                0x0801afa0                _isatty
 .text._lseek   0x0801afb6       0x1a ./Core/Src/syscalls.o
                0x0801afb6                _lseek
 .text._sbrk    0x0801afd0       0x6c ./Core/Src/sysmem.o
                0x0801afd0                _sbrk
 .text.Reset_Handler
                0x0801b03c       0x50 ./Core/Startup/startup_stm32h745zitx.o
                0x0801b03c                Reset_Handler
 .text.Default_Handler
                0x0801b08c        0x2 ./Core/Startup/startup_stm32h745zitx.o
                0x0801b08c                RTC_Alarm_IRQHandler
                0x0801b08c                EXTI2_IRQHandler
                0x0801b08c                TIM8_CC_IRQHandler
                0x0801b08c                HRTIM1_Master_IRQHandler
                0x0801b08c                UART8_IRQHandler
                0x0801b08c                SPI4_IRQHandler
                0x0801b08c                TIM1_CC_IRQHandler
                0x0801b08c                BDMA_Channel6_IRQHandler
                0x0801b08c                DMA2_Stream5_IRQHandler
                0x0801b08c                HRTIM1_FLT_IRQHandler
                0x0801b08c                JPEG_IRQHandler
                0x0801b08c                DMA1_Stream5_IRQHandler
                0x0801b08c                BDMA_Channel1_IRQHandler
                0x0801b08c                HRTIM1_TIMD_IRQHandler
                0x0801b08c                TAMP_STAMP_IRQHandler
                0x0801b08c                EXTI3_IRQHandler
                0x0801b08c                LPTIM4_IRQHandler
                0x0801b08c                TIM8_TRG_COM_TIM14_IRQHandler
                0x0801b08c                LPTIM2_IRQHandler
                0x0801b08c                DFSDM1_FLT1_IRQHandler
                0x0801b08c                DMAMUX2_OVR_IRQHandler
                0x0801b08c                TIM8_UP_TIM13_IRQHandler
                0x0801b08c                I2C3_ER_IRQHandler
                0x0801b08c                DFSDM1_FLT2_IRQHandler
                0x0801b08c                MDMA_IRQHandler
                0x0801b08c                LPTIM3_IRQHandler
                0x0801b08c                HSEM1_IRQHandler
                0x0801b08c                EXTI0_IRQHandler
                0x0801b08c                I2C2_EV_IRQHandler
                0x0801b08c                DMA1_Stream2_IRQHandler
                0x0801b08c                FPU_IRQHandler
                0x0801b08c                OTG_HS_WKUP_IRQHandler
                0x0801b08c                FDCAN1_IT1_IRQHandler
                0x0801b08c                LTDC_ER_IRQHandler
                0x0801b08c                DMA2_Stream2_IRQHandler
                0x0801b08c                HRTIM1_TIME_IRQHandler
                0x0801b08c                SPI1_IRQHandler
                0x0801b08c                TIM6_DAC_IRQHandler
                0x0801b08c                DCMI_IRQHandler
                0x0801b08c                HRTIM1_TIMC_IRQHandler
                0x0801b08c                DMA2_Stream3_IRQHandler
                0x0801b08c                SAI2_IRQHandler
                0x0801b08c                DFSDM1_FLT3_IRQHandler
                0x0801b08c                USART6_IRQHandler
                0x0801b08c                TIM17_IRQHandler
                0x0801b08c                USART3_IRQHandler
                0x0801b08c                BDMA_Channel7_IRQHandler
                0x0801b08c                LPTIM5_IRQHandler
                0x0801b08c                UART5_IRQHandler
                0x0801b08c                ADC3_IRQHandler
                0x0801b08c                DMA2_Stream0_IRQHandler
                0x0801b08c                TIM4_IRQHandler
                0x0801b08c                BDMA_Channel2_IRQHandler
                0x0801b08c                QUADSPI_IRQHandler
                0x0801b08c                I2C1_EV_IRQHandler
                0x0801b08c                DMA1_Stream6_IRQHandler
                0x0801b08c                DMAMUX1_OVR_IRQHandler
                0x0801b08c                DMA1_Stream1_IRQHandler
                0x0801b08c                TIM16_IRQHandler
                0x0801b08c                UART4_IRQHandler
                0x0801b08c                BDMA_Channel5_IRQHandler
                0x0801b08c                TIM3_IRQHandler
                0x0801b08c                RCC_IRQHandler
                0x0801b08c                TIM8_BRK_TIM12_IRQHandler
                0x0801b08c                TIM1_TRG_COM_IRQHandler
                0x0801b08c                Default_Handler
                0x0801b08c                ECC_IRQHandler
                0x0801b08c                CEC_IRQHandler
                0x0801b08c                EXTI15_10_IRQHandler
                0x0801b08c                BDMA_Channel0_IRQHandler
                0x0801b08c                ADC_IRQHandler
                0x0801b08c                DMA1_Stream7_IRQHandler
                0x0801b08c                HRTIM1_TIMA_IRQHandler
                0x0801b08c                SPI5_IRQHandler
                0x0801b08c                TIM7_IRQHandler
                0x0801b08c                SDMMC1_IRQHandler
                0x0801b08c                TIM5_IRQHandler
                0x0801b08c                DMA2_Stream7_IRQHandler
                0x0801b08c                TIM15_IRQHandler
                0x0801b08c                PVD_AVD_IRQHandler
                0x0801b08c                I2C3_EV_IRQHandler
                0x0801b08c                EXTI9_5_IRQHandler
                0x0801b08c                RTC_WKUP_IRQHandler
                0x0801b08c                LTDC_IRQHandler
                0x0801b08c                SAI3_IRQHandler
                0x0801b08c                ETH_WKUP_IRQHandler
                0x0801b08c                SPDIF_RX_IRQHandler
                0x0801b08c                SPI2_IRQHandler
                0x0801b08c                OTG_HS_EP1_IN_IRQHandler
                0x0801b08c                DMA1_Stream0_IRQHandler
                0x0801b08c                CRS_IRQHandler
                0x0801b08c                CM7_SEV_IRQHandler
                0x0801b08c                EXTI4_IRQHandler
                0x0801b08c                RNG_IRQHandler
                0x0801b08c                CM4_SEV_IRQHandler
                0x0801b08c                HRTIM1_TIMB_IRQHandler
                0x0801b08c                FDCAN2_IT1_IRQHandler
                0x0801b08c                TIM1_UP_IRQHandler
                0x0801b08c                WWDG_RST_IRQHandler
                0x0801b08c                BDMA_Channel4_IRQHandler
                0x0801b08c                OTG_HS_EP1_OUT_IRQHandler
                0x0801b08c                WWDG_IRQHandler
                0x0801b08c                SPI6_IRQHandler
                0x0801b08c                MDIOS_IRQHandler
                0x0801b08c                I2C4_EV_IRQHandler
                0x0801b08c                FDCAN2_IT0_IRQHandler
                0x0801b08c                LPUART1_IRQHandler
                0x0801b08c                FDCAN1_IT0_IRQHandler
                0x0801b08c                TIM2_IRQHandler
                0x0801b08c                OTG_FS_WKUP_IRQHandler
                0x0801b08c                OTG_HS_IRQHandler
                0x0801b08c                HSEM2_IRQHandler
                0x0801b08c                DMA2D_IRQHandler
                0x0801b08c                TIM1_BRK_IRQHandler
                0x0801b08c                EXTI1_IRQHandler
                0x0801b08c                SDMMC2_IRQHandler
                0x0801b08c                OTG_FS_EP1_OUT_IRQHandler
                0x0801b08c                BDMA_Channel3_IRQHandler
                0x0801b08c                HOLD_CORE_IRQHandler
                0x0801b08c                UART7_IRQHandler
                0x0801b08c                MDIOS_WKUP_IRQHandler
                0x0801b08c                DFSDM1_FLT0_IRQHandler
                0x0801b08c                SAI4_IRQHandler
                0x0801b08c                I2C2_ER_IRQHandler
                0x0801b08c                DMA2_Stream1_IRQHandler
                0x0801b08c                FLASH_IRQHandler
                0x0801b08c                DMA2_Stream4_IRQHandler
                0x0801b08c                USART1_IRQHandler
                0x0801b08c                OTG_FS_IRQHandler
                0x0801b08c                SPI3_IRQHandler
                0x0801b08c                WAKEUP_PIN_IRQHandler
                0x0801b08c                DMA1_Stream4_IRQHandler
                0x0801b08c                OTG_FS_EP1_IN_IRQHandler
                0x0801b08c                I2C1_ER_IRQHandler
                0x0801b08c                FMC_IRQHandler
                0x0801b08c                FDCAN_CAL_IRQHandler
                0x0801b08c                SWPMI1_IRQHandler
                0x0801b08c                COMP1_IRQHandler
                0x0801b08c                LPTIM1_IRQHandler
                0x0801b08c                I2C4_ER_IRQHandler
                0x0801b08c                DMA2_Stream6_IRQHandler
                0x0801b08c                SAI1_IRQHandler
                0x0801b08c                DMA1_Stream3_IRQHandler
 *fill*         0x0801b08e        0x2 
 .text.HAL_Init
                0x0801b090       0x78 ./Drivers/STM32H7xx_HAL_Driver/stm32h7xx_hal.o
                0x0801b090                HAL_Init
 .text.HAL_InitTick
                0x0801b108       0x6c ./Drivers/STM32H7xx_HAL_Driver/stm32h7xx_hal.o
                0x0801b108                HAL_InitTick
 .text.HAL_IncTick
                0x0801b174       0x28 ./Drivers/STM32H7xx_HAL_Driver/stm32h7xx_hal.o
                0x0801b174                HAL_IncTick
 .text.HAL_GetTick
                0x0801b19c       0x18 ./Drivers/STM32H7xx_HAL_Driver/stm32h7xx_hal.o
                0x0801b19c                HAL_GetTick
 .text.HAL_GetREVID
                0x0801b1b4       0x18 ./Drivers/STM32H7xx_HAL_Driver/stm32h7xx_hal.o
                0x0801b1b4                HAL_GetREVID
 .text.HAL_SYSCFG_ETHInterfaceSelect
                0x0801b1cc       0x28 ./Drivers/STM32H7xx_HAL_Driver/stm32h7xx_hal.o
                0x0801b1cc                HAL_SYSCFG_ETHInterfaceSelect
 .text.__NVIC_SetPriorityGrouping
                0x0801b1f4       0x48 ./Drivers/STM32H7xx_HAL_Driver/stm32h7xx_hal_cortex.o
 .text.__NVIC_GetPriorityGrouping
                0x0801b23c       0x1c ./Drivers/STM32H7xx_HAL_Driver/stm32h7xx_hal_cortex.o
 .text.__NVIC_EnableIRQ
                0x0801b258       0x3c ./Drivers/STM32H7xx_HAL_Driver/stm32h7xx_hal_cortex.o
 .text.__NVIC_SetPriority
                0x0801b294       0x54 ./Drivers/STM32H7xx_HAL_Driver/stm32h7xx_hal_cortex.o
 .text.NVIC_EncodePriority
                0x0801b2e8       0x66 ./Drivers/STM32H7xx_HAL_Driver/stm32h7xx_hal_cortex.o
 *fill*         0x0801b34e        0x2 
 .text.SysTick_Config
                0x0801b350       0x44 ./Drivers/STM32H7xx_HAL_Driver/stm32h7xx_hal_cortex.o
 .text.HAL_NVIC_SetPriorityGrouping
                0x0801b394       0x16 ./Drivers/STM32H7xx_HAL_Driver/stm32h7xx_hal_cortex.o
                0x0801b394                HAL_NVIC_SetPriorityGrouping
 .text.HAL_NVIC_SetPriority
                0x0801b3aa       0x34 ./Drivers/STM32H7xx_HAL_Driver/stm32h7xx_hal_cortex.o
                0x0801b3aa                HAL_NVIC_SetPriority
 .text.HAL_NVIC_EnableIRQ
                0x0801b3de       0x1c ./Drivers/STM32H7xx_HAL_Driver/stm32h7xx_hal_cortex.o
                0x0801b3de                HAL_NVIC_EnableIRQ
 .text.HAL_SYSTICK_Config
                0x0801b3fa       0x18 ./Drivers/STM32H7xx_HAL_Driver/stm32h7xx_hal_cortex.o
                0x0801b3fa                HAL_SYSTICK_Config
 *fill*         0x0801b412        0x2 
 .text.HAL_DMA_Abort
                0x0801b414      0x63c ./Drivers/STM32H7xx_HAL_Driver/stm32h7xx_hal_dma.o
                0x0801b414                HAL_DMA_Abort
 .text.HAL_DMA_Abort_IT
                0x0801ba50      0x48c ./Drivers/STM32H7xx_HAL_Driver/stm32h7xx_hal_dma.o
                0x0801ba50                HAL_DMA_Abort_IT
 .text.HAL_ETH_Init
                0x0801bedc      0x1fc ./Drivers/STM32H7xx_HAL_Driver/stm32h7xx_hal_eth.o
                0x0801bedc                HAL_ETH_Init
 .text.HAL_ETH_SetMDIOClockRange
                0x0801c0d8       0xa0 ./Drivers/STM32H7xx_HAL_Driver/stm32h7xx_hal_eth.o
                0x0801c0d8                HAL_ETH_SetMDIOClockRange
 .text.ETH_SetMACConfig
                0x0801c178      0x238 ./Drivers/STM32H7xx_HAL_Driver/stm32h7xx_hal_eth.o
 .text.ETH_SetDMAConfig
                0x0801c3b0      0x10c ./Drivers/STM32H7xx_HAL_Driver/stm32h7xx_hal_eth.o
 .text.ETH_MACDMAConfig
                0x0801c4bc      0x13a ./Drivers/STM32H7xx_HAL_Driver/stm32h7xx_hal_eth.o
 .text.ETH_DMATxDescListInit
                0x0801c5f6       0x92 ./Drivers/STM32H7xx_HAL_Driver/stm32h7xx_hal_eth.o
 .text.ETH_DMARxDescListInit
                0x0801c688       0xba ./Drivers/STM32H7xx_HAL_Driver/stm32h7xx_hal_eth.o
 *fill*         0x0801c742        0x2 
 .text.HAL_GPIO_Init
                0x0801c744      0x360 ./Drivers/STM32H7xx_HAL_Driver/stm32h7xx_hal_gpio.o
                0x0801c744                HAL_GPIO_Init
 .text.HAL_PWREx_ConfigSupply
                0x0801caa4       0xb4 ./Drivers/STM32H7xx_HAL_Driver/stm32h7xx_hal_pwr_ex.o
                0x0801caa4                HAL_PWREx_ConfigSupply
 .text.HAL_RCC_OscConfig
                0x0801cb58      0x8b4 ./Drivers/STM32H7xx_HAL_Driver/stm32h7xx_hal_rcc.o
                0x0801cb58                HAL_RCC_OscConfig
 .text.HAL_RCC_ClockConfig
                0x0801d40c      0x36c ./Drivers/STM32H7xx_HAL_Driver/stm32h7xx_hal_rcc.o
                0x0801d40c                HAL_RCC_ClockConfig
 .text.HAL_RCC_GetSysClockFreq
                0x0801d778      0x2f4 ./Drivers/STM32H7xx_HAL_Driver/stm32h7xx_hal_rcc.o
                0x0801d778                HAL_RCC_GetSysClockFreq
 .text.HAL_RCC_GetHCLKFreq
                0x0801da6c       0x60 ./Drivers/STM32H7xx_HAL_Driver/stm32h7xx_hal_rcc.o
                0x0801da6c                HAL_RCC_GetHCLKFreq
 .text.HAL_RCC_GetPCLK1Freq
                0x0801dacc       0x2c ./Drivers/STM32H7xx_HAL_Driver/stm32h7xx_hal_rcc.o
                0x0801dacc                HAL_RCC_GetPCLK1Freq
 .text.HAL_RCC_GetPCLK2Freq
                0x0801daf8       0x2c ./Drivers/STM32H7xx_HAL_Driver/stm32h7xx_hal_rcc.o
                0x0801daf8                HAL_RCC_GetPCLK2Freq
 .text.HAL_RCCEx_PeriphCLKConfig
                0x0801db24     0x1414 ./Drivers/STM32H7xx_HAL_Driver/stm32h7xx_hal_rcc_ex.o
                0x0801db24                HAL_RCCEx_PeriphCLKConfig
 .text.HAL_RCCEx_GetD3PCLK1Freq
                0x0801ef38       0x2c ./Drivers/STM32H7xx_HAL_Driver/stm32h7xx_hal_rcc_ex.o
                0x0801ef38                HAL_RCCEx_GetD3PCLK1Freq
 .text.HAL_RCCEx_GetPLL2ClockFreq
                0x0801ef64      0x2a8 ./Drivers/STM32H7xx_HAL_Driver/stm32h7xx_hal_rcc_ex.o
                0x0801ef64                HAL_RCCEx_GetPLL2ClockFreq
 .text.HAL_RCCEx_GetPLL3ClockFreq
                0x0801f20c      0x2a8 ./Drivers/STM32H7xx_HAL_Driver/stm32h7xx_hal_rcc_ex.o
                0x0801f20c                HAL_RCCEx_GetPLL3ClockFreq
 .text.RCCEx_PLL2_Config
                0x0801f4b4      0x164 ./Drivers/STM32H7xx_HAL_Driver/stm32h7xx_hal_rcc_ex.o
 .text.RCCEx_PLL3_Config
                0x0801f618      0x164 ./Drivers/STM32H7xx_HAL_Driver/stm32h7xx_hal_rcc_ex.o
 .text.HAL_RNG_Init
                0x0801f77c       0xc4 ./Drivers/STM32H7xx_HAL_Driver/stm32h7xx_hal_rng.o
                0x0801f77c                HAL_RNG_Init
 .text.HAL_RNG_GenerateRandomNumber
                0x0801f840       0xac ./Drivers/STM32H7xx_HAL_Driver/stm32h7xx_hal_rng.o
                0x0801f840                HAL_RNG_GenerateRandomNumber
 .text.HAL_UART_Init
                0x0801f8ec       0xa0 ./Drivers/STM32H7xx_HAL_Driver/stm32h7xx_hal_uart.o
                0x0801f8ec                HAL_UART_Init
 .text.HAL_UART_Transmit
                0x0801f98c      0x11c ./Drivers/STM32H7xx_HAL_Driver/stm32h7xx_hal_uart.o
                0x0801f98c                HAL_UART_Transmit
 .text.HAL_UART_Receive_IT
                0x0801faa8       0x98 ./Drivers/STM32H7xx_HAL_Driver/stm32h7xx_hal_uart.o
                0x0801faa8                HAL_UART_Receive_IT
 .text.HAL_UART_IRQHandler
                0x0801fb40      0x774 ./Drivers/STM32H7xx_HAL_Driver/stm32h7xx_hal_uart.o
                0x0801fb40                HAL_UART_IRQHandler
 .text.HAL_UART_TxCpltCallback
                0x080202b4       0x14 ./Drivers/STM32H7xx_HAL_Driver/stm32h7xx_hal_uart.o
                0x080202b4                HAL_UART_TxCpltCallback
 .text.HAL_UART_ErrorCallback
                0x080202c8       0x14 ./Drivers/STM32H7xx_HAL_Driver/stm32h7xx_hal_uart.o
                0x080202c8                HAL_UART_ErrorCallback
 .text.HAL_UARTEx_RxEventCallback
                0x080202dc       0x18 ./Drivers/STM32H7xx_HAL_Driver/stm32h7xx_hal_uart.o
                0x080202dc                HAL_UARTEx_RxEventCallback
 .text.UART_SetConfig
                0x080202f4      0xad0 ./Drivers/STM32H7xx_HAL_Driver/stm32h7xx_hal_uart.o
                0x080202f4                UART_SetConfig
 .text.UART_AdvFeatureConfig
                0x08020dc4      0x144 ./Drivers/STM32H7xx_HAL_Driver/stm32h7xx_hal_uart.o
                0x08020dc4                UART_AdvFeatureConfig
 .text.UART_CheckIdleState
                0x08020f08      0x154 ./Drivers/STM32H7xx_HAL_Driver/stm32h7xx_hal_uart.o
                0x08020f08                UART_CheckIdleState
 .text.UART_WaitOnFlagUntilTimeout
                0x0802105c       0xda ./Drivers/STM32H7xx_HAL_Driver/stm32h7xx_hal_uart.o
                0x0802105c                UART_WaitOnFlagUntilTimeout
 *fill*         0x08021136        0x2 
 .text.UART_Start_Receive_IT
                0x08021138      0x244 ./Drivers/STM32H7xx_HAL_Driver/stm32h7xx_hal_uart.o
                0x08021138                UART_Start_Receive_IT
 .text.UART_EndRxTransfer
                0x0802137c       0xcc ./Drivers/STM32H7xx_HAL_Driver/stm32h7xx_hal_uart.o
 .text.UART_DMAAbortOnError
                0x08021448       0x2c ./Drivers/STM32H7xx_HAL_Driver/stm32h7xx_hal_uart.o
 .text.UART_EndTransmit_IT
                0x08021474       0x56 ./Drivers/STM32H7xx_HAL_Driver/stm32h7xx_hal_uart.o
 *fill*         0x080214ca        0x2 
 .text.UART_RxISR_8BIT
                0x080214cc      0x1b8 ./Drivers/STM32H7xx_HAL_Driver/stm32h7xx_hal_uart.o
 .text.UART_RxISR_16BIT
                0x08021684      0x1b8 ./Drivers/STM32H7xx_HAL_Driver/stm32h7xx_hal_uart.o
 .text.UART_RxISR_8BIT_FIFOEN
                0x0802183c      0x360 ./Drivers/STM32H7xx_HAL_Driver/stm32h7xx_hal_uart.o
 .text.UART_RxISR_16BIT_FIFOEN
                0x08021b9c      0x368 ./Drivers/STM32H7xx_HAL_Driver/stm32h7xx_hal_uart.o
 .text.HAL_UARTEx_WakeupCallback
                0x08021f04       0x14 ./Drivers/STM32H7xx_HAL_Driver/stm32h7xx_hal_uart_ex.o
                0x08021f04                HAL_UARTEx_WakeupCallback
 .text.HAL_UARTEx_RxFifoFullCallback
                0x08021f18       0x14 ./Drivers/STM32H7xx_HAL_Driver/stm32h7xx_hal_uart_ex.o
                0x08021f18                HAL_UARTEx_RxFifoFullCallback
 .text.HAL_UARTEx_TxFifoEmptyCallback
                0x08021f2c       0x14 ./Drivers/STM32H7xx_HAL_Driver/stm32h7xx_hal_uart_ex.o
                0x08021f2c                HAL_UARTEx_TxFifoEmptyCallback
 .text.HAL_UARTEx_DisableFifoMode
                0x08021f40       0x72 ./Drivers/STM32H7xx_HAL_Driver/stm32h7xx_hal_uart_ex.o
                0x08021f40                HAL_UARTEx_DisableFifoMode
 .text.HAL_UARTEx_SetTxFifoThreshold
                0x08021fb2       0x7c ./Drivers/STM32H7xx_HAL_Driver/stm32h7xx_hal_uart_ex.o
                0x08021fb2                HAL_UARTEx_SetTxFifoThreshold
 .text.HAL_UARTEx_SetRxFifoThreshold
                0x0802202e       0x7c ./Drivers/STM32H7xx_HAL_Driver/stm32h7xx_hal_uart_ex.o
                0x0802202e                HAL_UARTEx_SetRxFifoThreshold
 *fill*         0x080220aa        0x2 
 .text.UARTEx_SetNbDataToProcess
                0x080220ac       0x9c ./Drivers/STM32H7xx_HAL_Driver/stm32h7xx_hal_uart_ex.o
 .text.__assert_func
                0x08022148       0x3c C:/ST/STM32CubeIDE_1.13.1/STM32CubeIDE/plugins/com.st.stm32cube.ide.mcu.externaltools.gnu-tools-for-stm32.12.3.rel1.win32_1.1.0.202410251130/tools/bin/../lib/gcc/arm-none-eabi/12.3.1/../../../../arm-none-eabi/lib/thumb/v7e-m+dp/hard\libc_nano.a(libc_a-assert.o)
                0x08022148                __assert_func
 .text.atoi     0x08022184        0x8 C:/ST/STM32CubeIDE_1.13.1/STM32CubeIDE/plugins/com.st.stm32cube.ide.mcu.externaltools.gnu-tools-for-stm32.12.3.rel1.win32_1.1.0.202410251130/tools/bin/../lib/gcc/arm-none-eabi/12.3.1/../../../../arm-none-eabi/lib/thumb/v7e-m+dp/hard\libc_nano.a(libc_a-atoi.o)
                0x08022184                atoi
 .text.calloc   0x0802218c       0x10 C:/ST/STM32CubeIDE_1.13.1/STM32CubeIDE/plugins/com.st.stm32cube.ide.mcu.externaltools.gnu-tools-for-stm32.12.3.rel1.win32_1.1.0.202410251130/tools/bin/../lib/gcc/arm-none-eabi/12.3.1/../../../../arm-none-eabi/lib/thumb/v7e-m+dp/hard\libc_nano.a(libc_a-calloc.o)
                0x0802218c                calloc
 .text._calloc_r
                0x0802219c       0x28 C:/ST/STM32CubeIDE_1.13.1/STM32CubeIDE/plugins/com.st.stm32cube.ide.mcu.externaltools.gnu-tools-for-stm32.12.3.rel1.win32_1.1.0.202410251130/tools/bin/../lib/gcc/arm-none-eabi/12.3.1/../../../../arm-none-eabi/lib/thumb/v7e-m+dp/hard\libc_nano.a(libc_a-callocr.o)
                0x0802219c                _calloc_r
 .text.malloc   0x080221c4       0x10 C:/ST/STM32CubeIDE_1.13.1/STM32CubeIDE/plugins/com.st.stm32cube.ide.mcu.externaltools.gnu-tools-for-stm32.12.3.rel1.win32_1.1.0.202410251130/tools/bin/../lib/gcc/arm-none-eabi/12.3.1/../../../../arm-none-eabi/lib/thumb/v7e-m+dp/hard\libc_nano.a(libc_a-malloc.o)
                0x080221c4                malloc
 .text.free     0x080221d4       0x10 C:/ST/STM32CubeIDE_1.13.1/STM32CubeIDE/plugins/com.st.stm32cube.ide.mcu.externaltools.gnu-tools-for-stm32.12.3.rel1.win32_1.1.0.202410251130/tools/bin/../lib/gcc/arm-none-eabi/12.3.1/../../../../arm-none-eabi/lib/thumb/v7e-m+dp/hard\libc_nano.a(libc_a-malloc.o)
                0x080221d4                free
 .text.sbrk_aligned
                0x080221e4       0x44 C:/ST/STM32CubeIDE_1.13.1/STM32CubeIDE/plugins/com.st.stm32cube.ide.mcu.externaltools.gnu-tools-for-stm32.12.3.rel1.win32_1.1.0.202410251130/tools/bin/../lib/gcc/arm-none-eabi/12.3.1/../../../../arm-none-eabi/lib/thumb/v7e-m+dp/hard\libc_nano.a(libc_a-mallocr.o)
 .text._malloc_r
                0x08022228      0x100 C:/ST/STM32CubeIDE_1.13.1/STM32CubeIDE/plugins/com.st.stm32cube.ide.mcu.externaltools.gnu-tools-for-stm32.12.3.rel1.win32_1.1.0.202410251130/tools/bin/../lib/gcc/arm-none-eabi/12.3.1/../../../../arm-none-eabi/lib/thumb/v7e-m+dp/hard\libc_nano.a(libc_a-mallocr.o)
                0x08022228                _malloc_r
 .text.__malloc_lock
                0x08022328        0xc C:/ST/STM32CubeIDE_1.13.1/STM32CubeIDE/plugins/com.st.stm32cube.ide.mcu.externaltools.gnu-tools-for-stm32.12.3.rel1.win32_1.1.0.202410251130/tools/bin/../lib/gcc/arm-none-eabi/12.3.1/../../../../arm-none-eabi/lib/thumb/v7e-m+dp/hard\libc_nano.a(libc_a-mlock.o)
                0x08022328                __malloc_lock
 .text.__malloc_unlock
                0x08022334        0xc C:/ST/STM32CubeIDE_1.13.1/STM32CubeIDE/plugins/com.st.stm32cube.ide.mcu.externaltools.gnu-tools-for-stm32.12.3.rel1.win32_1.1.0.202410251130/tools/bin/../lib/gcc/arm-none-eabi/12.3.1/../../../../arm-none-eabi/lib/thumb/v7e-m+dp/hard\libc_nano.a(libc_a-mlock.o)
                0x08022334                __malloc_unlock
 .text.srand    0x08022340       0x5c C:/ST/STM32CubeIDE_1.13.1/STM32CubeIDE/plugins/com.st.stm32cube.ide.mcu.externaltools.gnu-tools-for-stm32.12.3.rel1.win32_1.1.0.202410251130/tools/bin/../lib/gcc/arm-none-eabi/12.3.1/../../../../arm-none-eabi/lib/thumb/v7e-m+dp/hard\libc_nano.a(libc_a-rand.o)
                0x08022340                srand
 .text._strtol_l.constprop.0
                0x0802239c       0xf4 C:/ST/STM32CubeIDE_1.13.1/STM32CubeIDE/plugins/com.st.stm32cube.ide.mcu.externaltools.gnu-tools-for-stm32.12.3.rel1.win32_1.1.0.202410251130/tools/bin/../lib/gcc/arm-none-eabi/12.3.1/../../../../arm-none-eabi/lib/thumb/v7e-m+dp/hard\libc_nano.a(libc_a-strtol.o)
 .text._strtol_r
                0x08022490        0x4 C:/ST/STM32CubeIDE_1.13.1/STM32CubeIDE/plugins/com.st.stm32cube.ide.mcu.externaltools.gnu-tools-for-stm32.12.3.rel1.win32_1.1.0.202410251130/tools/bin/../lib/gcc/arm-none-eabi/12.3.1/../../../../arm-none-eabi/lib/thumb/v7e-m+dp/hard\libc_nano.a(libc_a-strtol.o)
                0x08022490                _strtol_r
 .text.strtol   0x08022494       0x14 C:/ST/STM32CubeIDE_1.13.1/STM32CubeIDE/plugins/com.st.stm32cube.ide.mcu.externaltools.gnu-tools-for-stm32.12.3.rel1.win32_1.1.0.202410251130/tools/bin/../lib/gcc/arm-none-eabi/12.3.1/../../../../arm-none-eabi/lib/thumb/v7e-m+dp/hard\libc_nano.a(libc_a-strtol.o)
                0x08022494                strtol
 .text._strtoul_l.constprop.0
                0x080224a8       0xdc C:/ST/STM32CubeIDE_1.13.1/STM32CubeIDE/plugins/com.st.stm32cube.ide.mcu.externaltools.gnu-tools-for-stm32.12.3.rel1.win32_1.1.0.202410251130/tools/bin/../lib/gcc/arm-none-eabi/12.3.1/../../../../arm-none-eabi/lib/thumb/v7e-m+dp/hard\libc_nano.a(libc_a-strtoul.o)
 .text.strtoul  0x08022584       0x14 C:/ST/STM32CubeIDE_1.13.1/STM32CubeIDE/plugins/com.st.stm32cube.ide.mcu.externaltools.gnu-tools-for-stm32.12.3.rel1.win32_1.1.0.202410251130/tools/bin/../lib/gcc/arm-none-eabi/12.3.1/../../../../arm-none-eabi/lib/thumb/v7e-m+dp/hard\libc_nano.a(libc_a-strtoul.o)
                0x08022584                strtoul
 .text.__cvt    0x08022598       0xa8 C:/ST/STM32CubeIDE_1.13.1/STM32CubeIDE/plugins/com.st.stm32cube.ide.mcu.externaltools.gnu-tools-for-stm32.12.3.rel1.win32_1.1.0.202410251130/tools/bin/../lib/gcc/arm-none-eabi/12.3.1/../../../../arm-none-eabi/lib/thumb/v7e-m+dp/hard\libc_nano.a(libc_a-nano-vfprintf_float.o)
                0x08022598                __cvt
 .text.__exponent
                0x08022640       0x74 C:/ST/STM32CubeIDE_1.13.1/STM32CubeIDE/plugins/com.st.stm32cube.ide.mcu.externaltools.gnu-tools-for-stm32.12.3.rel1.win32_1.1.0.202410251130/tools/bin/../lib/gcc/arm-none-eabi/12.3.1/../../../../arm-none-eabi/lib/thumb/v7e-m+dp/hard\libc_nano.a(libc_a-nano-vfprintf_float.o)
                0x08022640                __exponent
 *fill*         0x080226b4        0x4 
 .text._printf_float
                0x080226b8      0x434 C:/ST/STM32CubeIDE_1.13.1/STM32CubeIDE/plugins/com.st.stm32cube.ide.mcu.externaltools.gnu-tools-for-stm32.12.3.rel1.win32_1.1.0.202410251130/tools/bin/../lib/gcc/arm-none-eabi/12.3.1/../../../../arm-none-eabi/lib/thumb/v7e-m+dp/hard\libc_nano.a(libc_a-nano-vfprintf_float.o)
                0x080226b8                _printf_float
 .text._printf_common
                0x08022aec       0xda C:/ST/STM32CubeIDE_1.13.1/STM32CubeIDE/plugins/com.st.stm32cube.ide.mcu.externaltools.gnu-tools-for-stm32.12.3.rel1.win32_1.1.0.202410251130/tools/bin/../lib/gcc/arm-none-eabi/12.3.1/../../../../arm-none-eabi/lib/thumb/v7e-m+dp/hard\libc_nano.a(libc_a-nano-vfprintf_i.o)
                0x08022aec                _printf_common
 *fill*         0x08022bc6        0x2 
 .text._printf_i
                0x08022bc8      0x240 C:/ST/STM32CubeIDE_1.13.1/STM32CubeIDE/plugins/com.st.stm32cube.ide.mcu.externaltools.gnu-tools-for-stm32.12.3.rel1.win32_1.1.0.202410251130/tools/bin/../lib/gcc/arm-none-eabi/12.3.1/../../../../arm-none-eabi/lib/thumb/v7e-m+dp/hard\libc_nano.a(libc_a-nano-vfprintf_i.o)
                0x08022bc8                _printf_i
 .text._scanf_float
                0x08022e08      0x418 C:/ST/STM32CubeIDE_1.13.1/STM32CubeIDE/plugins/com.st.stm32cube.ide.mcu.externaltools.gnu-tools-for-stm32.12.3.rel1.win32_1.1.0.202410251130/tools/bin/../lib/gcc/arm-none-eabi/12.3.1/../../../../arm-none-eabi/lib/thumb/v7e-m+dp/hard\libc_nano.a(libc_a-nano-vfscanf_float.o)
                0x08022e08                _scanf_float
 .text.std      0x08023220       0x6c C:/ST/STM32CubeIDE_1.13.1/STM32CubeIDE/plugins/com.st.stm32cube.ide.mcu.externaltools.gnu-tools-for-stm32.12.3.rel1.win32_1.1.0.202410251130/tools/bin/../lib/gcc/arm-none-eabi/12.3.1/../../../../arm-none-eabi/lib/thumb/v7e-m+dp/hard\libc_nano.a(libc_a-findfp.o)
 .text.stdio_exit_handler
                0x0802328c       0x18 C:/ST/STM32CubeIDE_1.13.1/STM32CubeIDE/plugins/com.st.stm32cube.ide.mcu.externaltools.gnu-tools-for-stm32.12.3.rel1.win32_1.1.0.202410251130/tools/bin/../lib/gcc/arm-none-eabi/12.3.1/../../../../arm-none-eabi/lib/thumb/v7e-m+dp/hard\libc_nano.a(libc_a-findfp.o)
 .text.cleanup_stdio
                0x080232a4       0x40 C:/ST/STM32CubeIDE_1.13.1/STM32CubeIDE/plugins/com.st.stm32cube.ide.mcu.externaltools.gnu-tools-for-stm32.12.3.rel1.win32_1.1.0.202410251130/tools/bin/../lib/gcc/arm-none-eabi/12.3.1/../../../../arm-none-eabi/lib/thumb/v7e-m+dp/hard\libc_nano.a(libc_a-findfp.o)
 .text.global_stdio_init.part.0
                0x080232e4       0x3c C:/ST/STM32CubeIDE_1.13.1/STM32CubeIDE/plugins/com.st.stm32cube.ide.mcu.externaltools.gnu-tools-for-stm32.12.3.rel1.win32_1.1.0.202410251130/tools/bin/../lib/gcc/arm-none-eabi/12.3.1/../../../../arm-none-eabi/lib/thumb/v7e-m+dp/hard\libc_nano.a(libc_a-findfp.o)
 .text.__sfp_lock_acquire
                0x08023320        0xc C:/ST/STM32CubeIDE_1.13.1/STM32CubeIDE/plugins/com.st.stm32cube.ide.mcu.externaltools.gnu-tools-for-stm32.12.3.rel1.win32_1.1.0.202410251130/tools/bin/../lib/gcc/arm-none-eabi/12.3.1/../../../../arm-none-eabi/lib/thumb/v7e-m+dp/hard\libc_nano.a(libc_a-findfp.o)
                0x08023320                __sfp_lock_acquire
 .text.__sfp_lock_release
                0x0802332c        0xc C:/ST/STM32CubeIDE_1.13.1/STM32CubeIDE/plugins/com.st.stm32cube.ide.mcu.externaltools.gnu-tools-for-stm32.12.3.rel1.win32_1.1.0.202410251130/tools/bin/../lib/gcc/arm-none-eabi/12.3.1/../../../../arm-none-eabi/lib/thumb/v7e-m+dp/hard\libc_nano.a(libc_a-findfp.o)
                0x0802332c                __sfp_lock_release
 .text.__sinit  0x08023338       0x30 C:/ST/STM32CubeIDE_1.13.1/STM32CubeIDE/plugins/com.st.stm32cube.ide.mcu.externaltools.gnu-tools-for-stm32.12.3.rel1.win32_1.1.0.202410251130/tools/bin/../lib/gcc/arm-none-eabi/12.3.1/../../../../arm-none-eabi/lib/thumb/v7e-m+dp/hard\libc_nano.a(libc_a-findfp.o)
                0x08023338                __sinit
 .text.fprintf  0x08023368       0x24 C:/ST/STM32CubeIDE_1.13.1/STM32CubeIDE/plugins/com.st.stm32cube.ide.mcu.externaltools.gnu-tools-for-stm32.12.3.rel1.win32_1.1.0.202410251130/tools/bin/../lib/gcc/arm-none-eabi/12.3.1/../../../../arm-none-eabi/lib/thumb/v7e-m+dp/hard\libc_nano.a(libc_a-fprintf.o)
                0x08023368                fiprintf
                0x08023368                fprintf
 .text._fwalk_sglue
                0x0802338c       0x3c C:/ST/STM32CubeIDE_1.13.1/STM32CubeIDE/plugins/com.st.stm32cube.ide.mcu.externaltools.gnu-tools-for-stm32.12.3.rel1.win32_1.1.0.202410251130/tools/bin/../lib/gcc/arm-none-eabi/12.3.1/../../../../arm-none-eabi/lib/thumb/v7e-m+dp/hard\libc_nano.a(libc_a-fwalk.o)
                0x0802338c                _fwalk_sglue
 .text.putchar  0x080233c8       0x10 C:/ST/STM32CubeIDE_1.13.1/STM32CubeIDE/plugins/com.st.stm32cube.ide.mcu.externaltools.gnu-tools-for-stm32.12.3.rel1.win32_1.1.0.202410251130/tools/bin/../lib/gcc/arm-none-eabi/12.3.1/../../../../arm-none-eabi/lib/thumb/v7e-m+dp/hard\libc_nano.a(libc_a-putchar.o)
                0x080233c8                putchar
 .text.snprintf
                0x080233d8       0x68 C:/ST/STM32CubeIDE_1.13.1/STM32CubeIDE/plugins/com.st.stm32cube.ide.mcu.externaltools.gnu-tools-for-stm32.12.3.rel1.win32_1.1.0.202410251130/tools/bin/../lib/gcc/arm-none-eabi/12.3.1/../../../../arm-none-eabi/lib/thumb/v7e-m+dp/hard\libc_nano.a(libc_a-snprintf.o)
                0x080233d8                sniprintf
                0x080233d8                snprintf
 .text.sprintf  0x08023440       0x40 C:/ST/STM32CubeIDE_1.13.1/STM32CubeIDE/plugins/com.st.stm32cube.ide.mcu.externaltools.gnu-tools-for-stm32.12.3.rel1.win32_1.1.0.202410251130/tools/bin/../lib/gcc/arm-none-eabi/12.3.1/../../../../arm-none-eabi/lib/thumb/v7e-m+dp/hard\libc_nano.a(libc_a-sprintf.o)
                0x08023440                siprintf
                0x08023440                sprintf
 .text.__sread  0x08023480       0x22 C:/ST/STM32CubeIDE_1.13.1/STM32CubeIDE/plugins/com.st.stm32cube.ide.mcu.externaltools.gnu-tools-for-stm32.12.3.rel1.win32_1.1.0.202410251130/tools/bin/../lib/gcc/arm-none-eabi/12.3.1/../../../../arm-none-eabi/lib/thumb/v7e-m+dp/hard\libc_nano.a(libc_a-stdio.o)
                0x08023480                __sread
 .text.__swrite
                0x080234a2       0x38 C:/ST/STM32CubeIDE_1.13.1/STM32CubeIDE/plugins/com.st.stm32cube.ide.mcu.externaltools.gnu-tools-for-stm32.12.3.rel1.win32_1.1.0.202410251130/tools/bin/../lib/gcc/arm-none-eabi/12.3.1/../../../../arm-none-eabi/lib/thumb/v7e-m+dp/hard\libc_nano.a(libc_a-stdio.o)
                0x080234a2                __swrite
 .text.__sseek  0x080234da       0x24 C:/ST/STM32CubeIDE_1.13.1/STM32CubeIDE/plugins/com.st.stm32cube.ide.mcu.externaltools.gnu-tools-for-stm32.12.3.rel1.win32_1.1.0.202410251130/tools/bin/../lib/gcc/arm-none-eabi/12.3.1/../../../../arm-none-eabi/lib/thumb/v7e-m+dp/hard\libc_nano.a(libc_a-stdio.o)
                0x080234da                __sseek
 .text.__sclose
                0x080234fe        0x8 C:/ST/STM32CubeIDE_1.13.1/STM32CubeIDE/plugins/com.st.stm32cube.ide.mcu.externaltools.gnu-tools-for-stm32.12.3.rel1.win32_1.1.0.202410251130/tools/bin/../lib/gcc/arm-none-eabi/12.3.1/../../../../arm-none-eabi/lib/thumb/v7e-m+dp/hard\libc_nano.a(libc_a-stdio.o)
                0x080234fe                __sclose
 .text.__swbuf_r
                0x08023506       0x7c C:/ST/STM32CubeIDE_1.13.1/STM32CubeIDE/plugins/com.st.stm32cube.ide.mcu.externaltools.gnu-tools-for-stm32.12.3.rel1.win32_1.1.0.202410251130/tools/bin/../lib/gcc/arm-none-eabi/12.3.1/../../../../arm-none-eabi/lib/thumb/v7e-m+dp/hard\libc_nano.a(libc_a-wbuf.o)
                0x08023506                __swbuf_r
 *fill*         0x08023582        0x2 
 .text.__swsetup_r