Archive member included to satisfy reference by file (symbol)

C:/ST/STM32CubeIDE_1.13.1/STM32CubeIDE/plugins/com.st.stm32cube.ide.mcu.externaltools.gnu-tools-for-stm32.12.3.rel1.win32_1.1.0.202410251130/tools/bin/../lib/gcc/arm-none-eabi/12.3.1/../../../../arm-none-eabi/lib/thumb/v7e-m+dp/hard\libc_nano.a(libc_a-assert.o)
                              ./Core/Src/mongoose.o (__assert_func)
C:/ST/STM32CubeIDE_1.13.1/STM32CubeIDE/plugins/com.st.stm32cube.ide.mcu.externaltools.gnu-tools-for-stm32.12.3.rel1.win32_1.1.0.202410251130/tools/bin/../lib/gcc/arm-none-eabi/12.3.1/../../../../arm-none-eabi/lib/thumb/v7e-m+dp/hard\libc_nano.a(libc_a-atoi.o)
                              ./Core/Src/mongoose.o (atoi)
C:/ST/STM32CubeIDE_1.13.1/STM32CubeIDE/plugins/com.st.stm32cube.ide.mcu.externaltools.gnu-tools-for-stm32.12.3.rel1.win32_1.1.0.202410251130/tools/bin/../lib/gcc/arm-none-eabi/12.3.1/../../../../arm-none-eabi/lib/thumb/v7e-m+dp/hard\libc_nano.a(libc_a-calloc.o)
                              ./Core/Src/mongoose.o (calloc)
C:/ST/STM32CubeIDE_1.13.1/STM32CubeIDE/plugins/com.st.stm32cube.ide.mcu.externaltools.gnu-tools-for-stm32.12.3.rel1.win32_1.1.0.202410251130/tools/bin/../lib/gcc/arm-none-eabi/12.3.1/../../../../arm-none-eabi/lib/thumb/v7e-m+dp/hard\libc_nano.a(libc_a-callocr.o)
                              C:/ST/STM32CubeIDE_1.13.1/STM32CubeIDE/plugins/com.st.stm32cube.ide.mcu.externaltools.gnu-tools-for-stm32.12.3.rel1.win32_1.1.0.202410251130/tools/bin/../lib/gcc/arm-none-eabi/12.3.1/../../../../arm-none-eabi/lib/thumb/v7e-m+dp/hard\libc_nano.a(libc_a-calloc.o) (_calloc_r)
C:/ST/STM32CubeIDE_1.13.1/STM32CubeIDE/plugins/com.st.stm32cube.ide.mcu.externaltools.gnu-tools-for-stm32.12.3.rel1.win32_1.1.0.202410251130/tools/bin/../lib/gcc/arm-none-eabi/12.3.1/../../../../arm-none-eabi/lib/thumb/v7e-m+dp/hard\libc_nano.a(libc_a-exit.o)
                              C:/ST/STM32CubeIDE_1.13.1/STM32CubeIDE/plugins/com.st.stm32cube.ide.mcu.externaltools.gnu-tools-for-stm32.12.3.rel1.win32_1.1.0.202410251130/tools/bin/../lib/gcc/arm-none-eabi/12.3.1/../../../../arm-none-eabi/lib/thumb/v7e-m+dp/hard/crt0.o (exit)
C:/ST/STM32CubeIDE_1.13.1/STM32CubeIDE/plugins/com.st.stm32cube.ide.mcu.externaltools.gnu-tools-for-stm32.12.3.rel1.win32_1.1.0.202410251130/tools/bin/../lib/gcc/arm-none-eabi/12.3.1/../../../../arm-none-eabi/lib/thumb/v7e-m+dp/hard\libc_nano.a(libc_a-malloc.o)
                              ./Core/Src/mongoose.o (free)
C:/ST/STM32CubeIDE_1.13.1/STM32CubeIDE/plugins/com.st.stm32cube.ide.mcu.externaltools.gnu-tools-for-stm32.12.3.rel1.win32_1.1.0.202410251130/tools/bin/../lib/gcc/arm-none-eabi/12.3.1/../../../../arm-none-eabi/lib/thumb/v7e-m+dp/hard\libc_nano.a(libc_a-mallocr.o)
                              C:/ST/STM32CubeIDE_1.13.1/STM32CubeIDE/plugins/com.st.stm32cube.ide.mcu.externaltools.gnu-tools-for-stm32.12.3.rel1.win32_1.1.0.202410251130/tools/bin/../lib/gcc/arm-none-eabi/12.3.1/../../../../arm-none-eabi/lib/thumb/v7e-m+dp/hard\libc_nano.a(libc_a-callocr.o) (_malloc_r)
C:/ST/STM32CubeIDE_1.13.1/STM32CubeIDE/plugins/com.st.stm32cube.ide.mcu.externaltools.gnu-tools-for-stm32.12.3.rel1.win32_1.1.0.202410251130/tools/bin/../lib/gcc/arm-none-eabi/12.3.1/../../../../arm-none-eabi/lib/thumb/v7e-m+dp/hard\libc_nano.a(libc_a-mlock.o)
                              C:/ST/STM32CubeIDE_1.13.1/STM32CubeIDE/plugins/com.st.stm32cube.ide.mcu.externaltools.gnu-tools-for-stm32.12.3.rel1.win32_1.1.0.202410251130/tools/bin/../lib/gcc/arm-none-eabi/12.3.1/../../../../arm-none-eabi/lib/thumb/v7e-m+dp/hard\libc_nano.a(libc_a-mallocr.o) (__malloc_lock)
C:/ST/STM32CubeIDE_1.13.1/STM32CubeIDE/plugins/com.st.stm32cube.ide.mcu.externaltools.gnu-tools-for-stm32.12.3.rel1.win32_1.1.0.202410251130/tools/bin/../lib/gcc/arm-none-eabi/12.3.1/../../../../arm-none-eabi/lib/thumb/v7e-m+dp/hard\libc_nano.a(libc_a-rand.o)
                              ./Core/Src/mongoose.o (srand)
C:/ST/STM32CubeIDE_1.13.1/STM32CubeIDE/plugins/com.st.stm32cube.ide.mcu.externaltools.gnu-tools-for-stm32.12.3.rel1.win32_1.1.0.202410251130/tools/bin/../lib/gcc/arm-none-eabi/12.3.1/../../../../arm-none-eabi/lib/thumb/v7e-m+dp/hard\libc_nano.a(libc_a-strtol.o)
                              C:/ST/STM32CubeIDE_1.13.1/STM32CubeIDE/plugins/com.st.stm32cube.ide.mcu.externaltools.gnu-tools-for-stm32.12.3.rel1.win32_1.1.0.202410251130/tools/bin/../lib/gcc/arm-none-eabi/12.3.1/../../../../arm-none-eabi/lib/thumb/v7e-m+dp/hard\libc_nano.a(libc_a-atoi.o) (_strtol_r)
C:/ST/STM32CubeIDE_1.13.1/STM32CubeIDE/plugins/com.st.stm32cube.ide.mcu.externaltools.gnu-tools-for-stm32.12.3.rel1.win32_1.1.0.202410251130/tools/bin/../lib/gcc/arm-none-eabi/12.3.1/../../../../arm-none-eabi/lib/thumb/v7e-m+dp/hard\libc_nano.a(libc_a-ctype_.o)
[...]
Memory Configuration

Name             Origin             Length             Attributes
RAM_D1           0x24000000         0x00080000         xrw
FLASH            0x08000000         0x00100000         xr
DTCMRAM          0x20000000         0x00020000         xrw
RAM_D2           0x30000000         0x00048000         xrw
RAM_D3           0x38000000         0x00010000         xrw
ITCMRAM          0x00000000         0x00010000         xrw
*default*        0x00000000         0xffffffff

Linker script and memory map

LOAD C:/ST/STM32CubeIDE_1.13.1/STM32CubeIDE/plugins/com.st.stm32cube.ide.mcu.externaltools.gnu-tools-for-stm32.12.3.rel1.win32_1.1.0.202410251130/tools/bin/../lib/gcc/arm-none-eabi/12.3.1/thumb/v7e-m+dp/hard/crti.o
LOAD C:/ST/STM32CubeIDE_1.13.1/STM32CubeIDE/plugins/com.st.stm32cube.ide.mcu.externaltools.gnu-tools-for-stm32.12.3.rel1.win32_1.1.0.202410251130/tools/bin/../lib/gcc/arm-none-eabi/12.3.1/thumb/v7e-m+dp/hard/crtbegin.o
LOAD C:/ST/STM32CubeIDE_1.13.1/STM32CubeIDE/plugins/com.st.stm32cube.ide.mcu.externaltools.gnu-tools-for-stm32.12.3.rel1.win32_1.1.0.202410251130/tools/bin/../lib/gcc/arm-none-eabi/12.3.1/../../../../arm-none-eabi/lib/thumb/v7e-m+dp/hard/crt0.o
LOAD ./Common/Src/system_stm32h7xx_dualcore_boot_cm4_cm7.o
LOAD ./Core/Src/Master_Modbus.o
LOAD ./Core/Src/main.o
LOAD ./Core/Src/mongoose.o
LOAD ./Core/Src/mongoose_fs.o
LOAD ./Core/Src/mongoose_glue.o
LOAD ./Core/Src/mongoose_impl.o
LOAD ./Core/Src/stm32h7xx_hal_msp.o
LOAD ./Core/Src/stm32h7xx_it.o
LOAD ./Core/Src/syscalls.o
LOAD ./Core/Src/sysmem.o
LOAD ./Core/Startup/startup_stm32h745zitx.o
LOAD ./Drivers/STM32H7xx_HAL_Driver/stm32h7xx_hal.o
LOAD ./Drivers/STM32H7xx_HAL_Driver/stm32h7xx_hal_cortex.o
LOAD ./Drivers/STM32H7xx_HAL_Driver/stm32h7xx_hal_dma.o
LOAD ./Drivers/STM32H7xx_HAL_Driver/stm32h7xx_hal_dma_ex.o
LOAD ./Drivers/STM32H7xx_HAL_Driver/stm32h7xx_hal_eth.o
LOAD ./Drivers/STM32H7xx_HAL_Driver/stm32h7xx_hal_eth_ex.o
LOAD ./Drivers/STM32H7xx_HAL_Driver/stm32h7xx_hal_exti.o
LOAD ./Drivers/STM32H7xx_HAL_Driver/stm32h7xx_hal_flash.o
LOAD ./Drivers/STM32H7xx_HAL_Driver/stm32h7xx_hal_flash_ex.o
LOAD ./Drivers/STM32H7xx_HAL_Driver/stm32h7xx_hal_gpio.o
LOAD ./Drivers/STM32H7xx_HAL_Driver/stm32h7xx_hal_hsem.o
LOAD ./Drivers/STM32H7xx_HAL_Driver/stm32h7xx_hal_i2c.o
LOAD ./Drivers/STM32H7xx_HAL_Driver/stm32h7xx_hal_i2c_ex.o
LOAD ./Drivers/STM32H7xx_HAL_Driver/stm32h7xx_hal_mdma.o
LOAD ./Drivers/STM32H7xx_HAL_Driver/stm32h7xx_hal_pwr.o
LOAD ./Drivers/STM32H7xx_HAL_Driver/stm32h7xx_hal_pwr_ex.o
LOAD ./Drivers/STM32H7xx_HAL_Driver/stm32h7xx_hal_rcc.o
LOAD ./Drivers/STM32H7xx_HAL_Driver/stm32h7xx_hal_rcc_ex.o
LOAD ./Drivers/STM32H7xx_HAL_Driver/stm32h7xx_hal_rng.o
LOAD ./Drivers/STM32H7xx_HAL_Driver/stm32h7xx_hal_rng_ex.o
LOAD ./Drivers/STM32H7xx_HAL_Driver/stm32h7xx_hal_tim.o
LOAD ./Drivers/STM32H7xx_HAL_Driver/stm32h7xx_hal_tim_ex.o
LOAD ./Drivers/STM32H7xx_HAL_Driver/stm32h7xx_hal_uart.o
LOAD ./Drivers/STM32H7xx_HAL_Driver/stm32h7xx_hal_uart_ex.o
START GROUP
LOAD C:/ST/STM32CubeIDE_1.13.1/STM32CubeIDE/plugins/com.st.stm32cube.ide.mcu.externaltools.gnu-tools-for-stm32.12.3.rel1.win32_1.1.0.202410251130/tools/bin/../lib/gcc/arm-none-eabi/12.3.1/../../../../arm-none-eabi/lib/thumb/v7e-m+dp/hard\libc_nano.a
LOAD C:/ST/STM32CubeIDE_1.13.1/STM32CubeIDE/plugins/com.st.stm32cube.ide.mcu.externaltools.gnu-tools-for-stm32.12.3.rel1.win32_1.1.0.202410251130/tools/bin/../lib/gcc/arm-none-eabi/12.3.1/../../../../arm-none-eabi/lib/thumb/v7e-m+dp/hard\libm.a
END GROUP
START GROUP
LOAD C:/ST/STM32CubeIDE_1.13.1/STM32CubeIDE/plugins/com.st.stm32cube.ide.mcu.externaltools.gnu-tools-for-stm32.12.3.rel1.win32_1.1.0.202410251130/tools/bin/../lib/gcc/arm-none-eabi/12.3.1/thumb/v7e-m+dp/hard\libgcc.a
LOAD C:/ST/STM32CubeIDE_1.13.1/STM32CubeIDE/plugins/com.st.stm32cube.ide.mcu.externaltools.gnu-tools-for-stm32.12.3.rel1.win32_1.1.0.202410251130/tools/bin/../lib/gcc/arm-none-eabi/12.3.1/../../../../arm-none-eabi/lib/thumb/v7e-m+dp/hard\libc_nano.a
END GROUP
START GROUP
LOAD C:/ST/STM32CubeIDE_1.13.1/STM32CubeIDE/plugins/com.st.stm32cube.ide.mcu.externaltools.gnu-tools-for-stm32.12.3.rel1.win32_1.1.0.202410251130/tools/bin/../lib/gcc/arm-none-eabi/12.3.1/thumb/v7e-m+dp/hard\libgcc.a
LOAD C:/ST/STM32CubeIDE_1.13.1/STM32CubeIDE/plugins/com.st.stm32cube.ide.mcu.externaltools.gnu-tools-for-stm32.12.3.rel1.win32_1.1.0.202410251130/tools/bin/../lib/gcc/arm-none-eabi/12.3.1/../../../../arm-none-eabi/lib/thumb/v7e-m+dp/hard\libc_nano.a
LOAD C:/ST/STM32CubeIDE_1.13.1/STM32CubeIDE/plugins/com.st.stm32cube.ide.mcu.externaltools.gnu-tools-for-stm32.12.3.rel1.win32_1.1.0.202410251130/tools/bin/../lib/gcc/arm-none-eabi/12.3.1/../../../../arm-none-eabi/lib/thumb/v7e-m+dp/hard\libnosys.a
END GROUP
START GROUP
LOAD C:/ST/STM32CubeIDE_1.13.1/STM32CubeIDE/plugins/com.st.stm32cube.ide.mcu.externaltools.gnu-tools-for-stm32.12.3.rel1.win32_1.1.0.202410251130/tools/bin/../lib/gcc/arm-none-eabi/12.3.1/thumb/v7e-m+dp/hard\libgcc.a
LOAD C:/ST/STM32CubeIDE_1.13.1/STM32CubeIDE/plugins/com.st.stm32cube.ide.mcu.externaltools.gnu-tools-for-stm32.12.3.rel1.win32_1.1.0.202410251130/tools/bin/../lib/gcc/arm-none-eabi/12.3.1/../../../../arm-none-eabi/lib/thumb/v7e-m+dp/hard\libc_nano.a
LOAD C:/ST/STM32CubeIDE_1.13.1/STM32CubeIDE/plugins/com.st.stm32cube.ide.mcu.externaltools.gnu-tools-for-stm32.12.3.rel1.win32_1.1.0.202410251130/tools/bin/../lib/gcc/arm-none-eabi/12.3.1/../../../../arm-none-eabi/lib/thumb/v7e-m+dp/hard\libnosys.a
END GROUP
LOAD C:/ST/STM32CubeIDE_1.13.1/STM32CubeIDE/plugins/com.st.stm32cube.ide.mcu.externaltools.gnu-tools-for-stm32.12.3.rel1.win32_1.1.0.202410251130/tools/bin/../lib/gcc/arm-none-eabi/12.3.1/thumb/v7e-m+dp/hard/crtend.o
LOAD C:/ST/STM32CubeIDE_1.13.1/STM32CubeIDE/plugins/com.st.stm32cube.ide.mcu.externaltools.gnu-tools-for-stm32.12.3.rel1.win32_1.1.0.202410251130/tools/bin/../lib/gcc/arm-none-eabi/12.3.1/thumb/v7e-m+dp/hard/crtn.o
                0x24080000                        _estack = (ORIGIN (RAM_D1) + LENGTH (RAM_D1))
                0x00000200                        _Min_Heap_Size = 0x200
                0x00000400                        _Min_Stack_Size = 0x400

.isr_vector     0x08000000      0x298
                0x08000000                        . = ALIGN (0x4)
 *(.isr_vector)
 .isr_vector    0x08000000      0x298 ./Core/Startup/startup_stm32h745zitx.o
                0x08000000                g_pfnVectors
                0x08000298                        . = ALIGN (0x4)

.text           0x080002a0    0x24e54
                0x080002a0                        . = ALIGN (0x4)
 *(.text)
 .text          0x080002a0       0x40 C:/ST/STM32CubeIDE_1.13.1/STM32CubeIDE/plugins/com.st.stm32cube.ide.mcu.externaltools.gnu-tools-for-stm32.12.3.rel1.win32_1.1.0.202410251130/tools/bin/../lib/gcc/arm-none-eabi/12.3.1/thumb/v7e-m+dp/hard/crtbegin.o
 .text          0x080002e0       0x14 C:/ST/STM32CubeIDE_1.13.1/STM32CubeIDE/plugins/com.st.stm32cube.ide.mcu.externaltools.gnu-tools-for-stm32.12.3.rel1.win32_1.1.0.202410251130/tools/bin/../lib/gcc/arm-none-eabi/12.3.1/../../../../arm-none-eabi/lib/thumb/v7e-m+dp/hard\libc_nano.a(libc_a-strcmp.o)
                0x080002e0                strcmp
 *fill*         0x080002f4        0xc 
 .text          0x08000300       0xa0 C:/ST/STM32CubeIDE_1.13.1/STM32CubeIDE/plugins/com.st.stm32cube.ide.mcu.externaltools.gnu-tools-for-stm32.12.3.rel1.win32_1.1.0.202410251130/tools/bin/../lib/gcc/arm-none-eabi/12.3.1/../../../../arm-none-eabi/lib/thumb/v7e-m+dp/hard\libc_nano.a(libc_a-memchr.o)
                0x08000300                memchr
 .text          0x080003a0       0x10 C:/ST/STM32CubeIDE_1.13.1/STM32CubeIDE/plugins/com.st.stm32cube.ide.mcu.externaltools.gnu-tools-for-stm32.12.3.rel1.win32_1.1.0.202410251130/tools/bin/../lib/gcc/arm-none-eabi/12.3.1/../../../../arm-none-eabi/lib/thumb/v7e-m+dp/hard\libc_nano.a(libc_a-strlen.o)
                0x080003a0                strlen
 .text          0x080003b0      0x378 C:/ST/STM32CubeIDE_1.13.1/STM32CubeIDE/plugins/com.st.stm32cube.ide.mcu.externaltools.gnu-tools-for-stm32.12.3.rel1.win32_1.1.0.202410251130/tools/bin/../lib/gcc/arm-none-eabi/12.3.1/thumb/v7e-m+dp/hard\libgcc.a(_arm_addsubdf3.o)
                0x080003b0                __aeabi_drsub
                0x080003b8                __aeabi_dsub
                0x080003b8                __subdf3
                0x080003bc                __aeabi_dadd
                0x080003bc                __adddf3
                0x08000634                __floatunsidf
                0x08000634                __aeabi_ui2d
                0x08000654                __floatsidf
                0x08000654                __aeabi_i2d
                0x08000678                __aeabi_f2d
                0x08000678                __extendsfdf2
                0x080006bc                __floatundidf
                0x080006bc                __aeabi_ul2d
                0x080006cc                __floatdidf
                0x080006cc                __aeabi_l2d
 .text          0x08000728       0xa0 C:/ST/STM32CubeIDE_1.13.1/STM32CubeIDE/plugins/com.st.stm32cube.ide.mcu.externaltools.gnu-tools-for-stm32.12.3.rel1.win32_1.1.0.202410251130/tools/bin/../lib/gcc/arm-none-eabi/12.3.1/thumb/v7e-m+dp/hard\libgcc.a(_aeabi_ldivmod.o)
                0x08000728                __aeabi_ldivmod
 .text          0x080007c8       0x30 C:/ST/STM32CubeIDE_1.13.1/STM32CubeIDE/plugins/com.st.stm32cube.ide.mcu.externaltools.gnu-tools-for-stm32.12.3.rel1.win32_1.1.0.202410251130/tools/bin/../lib/gcc/arm-none-eabi/12.3.1/thumb/v7e-m+dp/hard\libgcc.a(_aeabi_uldivmod.o)
                0x080007c8                __aeabi_uldivmod
 .text          0x080007f8       0x30 C:/ST/STM32CubeIDE_1.13.1/STM32CubeIDE/plugins/com.st.stm32cube.ide.mcu.externaltools.gnu-tools-for-stm32.12.3.rel1.win32_1.1.0.202410251130/tools/bin/../lib/gcc/arm-none-eabi/12.3.1/thumb/v7e-m+dp/hard\libgcc.a(_fixdfdi.o)
                0x080007f8                __fixdfdi
                0x080007f8                __aeabi_d2lz
 .text          0x08000828       0x40 C:/ST/STM32CubeIDE_1.13.1/STM32CubeIDE/plugins/com.st.stm32cube.ide.mcu.externaltools.gnu-tools-for-stm32.12.3.rel1.win32_1.1.0.202410251130/tools/bin/../lib/gcc/arm-none-eabi/12.3.1/thumb/v7e-m+dp/hard\libgcc.a(_fixunsdfdi.o)
                0x08000828                __fixunsdfdi
                0x08000828                __aeabi_d2ulz
 .text          0x08000868      0x2bc C:/ST/STM32CubeIDE_1.13.1/STM32CubeIDE/plugins/com.st.stm32cube.ide.mcu.externaltools.gnu-tools-for-stm32.12.3.rel1.win32_1.1.0.202410251130/tools/bin/../lib/gcc/arm-none-eabi/12.3.1/thumb/v7e-m+dp/hard\libgcc.a(_udivmoddi4.o)
                0x08000868                __udivmoddi4
 .text          0x08000b24        0x4 C:/ST/STM32CubeIDE_1.13.1/STM32CubeIDE/plugins/com.st.stm32cube.ide.mcu.externaltools.gnu-tools-for-stm32.12.3.rel1.win32_1.1.0.202410251130/tools/bin/../lib/gcc/arm-none-eabi/12.3.1/thumb/v7e-m+dp/hard\libgcc.a(_dvmd_tls.o)
                0x08000b24                __aeabi_idiv0
                0x08000b24                __aeabi_ldiv0
 *(.text*)
 .text.SystemInit
                0x08000b28      0x12c ./Common/Src/system_stm32h7xx_dualcore_boot_cm4_cm7.o
                0x08000b28                SystemInit
 .text.ModbusMaster_CalculateCRC
                0x08000c54       0x78 ./Core/Src/Master_Modbus.o
                0x08000c54                ModbusMaster_CalculateCRC
 .text.ModbusMaster_SendRequest
                0x08000ccc      0x164 ./Core/Src/Master_Modbus.o
                0x08000ccc                ModbusMaster_SendRequest
 .text.ModbusMaster_ReceiveResponse
                0x08000e30       0xc8 ./Core/Src/Master_Modbus.o
                0x08000e30                ModbusMaster_ReceiveResponse
 .text.ModbusMaster_ReadInputRegisters
                0x08000ef8       0x2a ./Core/Src/Master_Modbus.o
                0x08000ef8                ModbusMaster_ReadInputRegisters
 *fill*         0x08000f22        0x2 
 .text.mg_random
                0x08000f24       0x5c ./Core/Src/main.o
                0x08000f24                mg_random
 .text.mg_millis
                0x08000f80       0x1a ./Core/Src/main.o
                0x08000f80                mg_millis
 *fill*         0x08000f9a        0x2 
 .text._write   0x08000f9c       0x38 ./Core/Src/main.o
                0x08000f9c                _write
 .text.main     0x08000fd4       0x50 ./Core/Src/main.o
                0x08000fd4                main
 .text.SystemClock_Config
                0x08001024       0xf8 ./Core/Src/main.o
                0x08001024                SystemClock_Config
 .text.MX_ETH_Init
                0x0800111c       0x98 ./Core/Src/main.o
 .text.MX_RNG_Init
                0x080011b4       0x2c ./Core/Src/main.o
 .text.MX_USART2_UART_Init
                0x080011e0       0xa0 ./Core/Src/main.o
 .text.MX_USART3_UART_Init
                0x08001280       0x98 ./Core/Src/main.o
 .text.MX_GPIO_Init
                0x08001318       0xac ./Core/Src/main.o
 .text.modbus_handler
                0x080013c4       0xb4 ./Core/Src/main.o
                0x080013c4                modbus_handler
 .text.Error_Handler
                0x08001478        0xc ./Core/Src/main.o
                0x08001478                Error_Handler
 .text.mg_base64_decode_single
                0x08001484       0x6c ./Core/Src/mongoose.o
 .text.mg_base64_decode
                0x080014f0      0x13e ./Core/Src/mongoose.o
                0x080014f0                mg_base64_decode
 .text.mg_flash_next
                0x0800162e       0xae ./Core/Src/mongoose.o
                0x0800162e                mg_flash_next
 .text.flash_last_sector
                0x080016dc       0x44 ./Core/Src/mongoose.o
 .text.mg_flash_load
                0x08001720      0x14c ./Core/Src/mongoose.o
                0x08001720                mg_flash_load
 .text.mg_flash_sector_cleanup
                0x0800186c      0x148 ./Core/Src/mongoose.o
 .text.mg_flash_save
                0x080019b4      0x3e4 ./Core/Src/mongoose.o
                0x080019b4                mg_flash_save
 .text.mg_dns_free
                0x08001d98       0x36 ./Core/Src/mongoose.o
 .text.mg_resolve_cancel
                0x08001dce       0x44 ./Core/Src/mongoose.o
                0x08001dce                mg_resolve_cancel
 .text.mg_dns_parse_name_depth
                0x08001e12      0x160 ./Core/Src/mongoose.o
 .text.mg_dns_parse_name
                0x08001f72       0x30 ./Core/Src/mongoose.o
 .text.mg_dns_parse_rr
                0x08001fa2      0x124 ./Core/Src/mongoose.o
                0x08001fa2                mg_dns_parse_rr
 *fill*         0x080020c6        0x2 
 .text.mg_dns_parse
                0x080020c8      0x198 ./Core/Src/mongoose.o
                0x080020c8                mg_dns_parse
 .text.dns_cb   0x08002260      0x2fc ./Core/Src/mongoose.o
 .text.mg_dns_send
                0x0800255c      0x1c0 ./Core/Src/mongoose.o
 .text.mg_sendnsreq
                0x0800271c      0x178 ./Core/Src/mongoose.o
 .text.mg_resolve
                0x08002894       0x88 ./Core/Src/mongoose.o
                0x08002894                mg_resolve
 .text.mg_call  0x0800291c       0x40 ./Core/Src/mongoose.o
                0x0800291c                mg_call
 .text.mg_error
                0x0800295c       0x84 ./Core/Src/mongoose.o
                0x0800295c                mg_error
 .text.is_digit
                0x080029e0       0x2c ./Core/Src/mongoose.o
 .text.addexp   0x08002a0c      0x104 ./Core/Src/mongoose.o
 .text.xisinf   0x08002b10       0x50 ./Core/Src/mongoose.o
 .text.xisnan   0x08002b60       0x58 ./Core/Src/mongoose.o
 .text.mg_dtoa  0x08002bb8      0x524 ./Core/Src/mongoose.o
 .text.mg_lld   0x080030dc      0x160 ./Core/Src/mongoose.o
 .text.scpy     0x0800323c       0x46 ./Core/Src/mongoose.o
 .text.mg_xprintf
                0x08003282       0x36 ./Core/Src/mongoose.o
                0x08003282                mg_xprintf
 .text.mg_vxprintf
                0x080032b8      0x748 ./Core/Src/mongoose.o
                0x080032b8                mg_vxprintf
 .text.mg_fs_open
                0x08003a00       0x50 ./Core/Src/mongoose.o
                0x08003a00                mg_fs_open
 .text.mg_fs_close
                0x08003a50       0x2a ./Core/Src/mongoose.o
                0x08003a50                mg_fs_close
 .text.is_dir_prefix
                0x08003a7a       0x58 ./Core/Src/mongoose.o
 .text.packed_stat
                0x08003ad2       0x60 ./Core/Src/mongoose.o
 *fill*         0x08003b32        0x2 
 .text.packed_list
                0x08003b34       0xfc ./Core/Src/mongoose.o
 .text.packed_open
                0x08003c30       0x62 ./Core/Src/mongoose.o
 .text.packed_close
                0x08003c92       0x1c ./Core/Src/mongoose.o
 .text.packed_read
                0x08003cae       0x56 ./Core/Src/mongoose.o
 .text.packed_write
                0x08003d04       0x1a ./Core/Src/mongoose.o
 .text.packed_seek
                0x08003d1e       0x38 ./Core/Src/mongoose.o
 .text.packed_rename
                0x08003d56       0x18 ./Core/Src/mongoose.o
 .text.packed_remove
                0x08003d6e       0x16 ./Core/Src/mongoose.o
 .text.packed_mkdir
                0x08003d84       0x16 ./Core/Src/mongoose.o
 .text.p_stat   0x08003d9a       0x1a ./Core/Src/mongoose.o
 .text.p_list   0x08003db4       0x18 ./Core/Src/mongoose.o
 .text.p_open   0x08003dcc       0x18 ./Core/Src/mongoose.o
 .text.p_close  0x08003de4       0x14 ./Core/Src/mongoose.o
 .text.p_read   0x08003df8       0x1a ./Core/Src/mongoose.o
 .text.p_write  0x08003e12       0x1a ./Core/Src/mongoose.o
 .text.p_seek   0x08003e2c       0x1a ./Core/Src/mongoose.o
 .text.p_rename
                0x08003e46       0x18 ./Core/Src/mongoose.o
 .text.p_remove
                0x08003e5e       0x16 ./Core/Src/mongoose.o
 .text.p_mkdir  0x08003e74       0x16 ./Core/Src/mongoose.o
 .text.mg_ncasecmp
                0x08003e8a       0x80 ./Core/Src/mongoose.o
 *fill*         0x08003f0a        0x2 
 .text.mg_to_size_t
                0x08003f0c      0x12c ./Core/Src/mongoose.o
                0x08003f0c                mg_to_size_t
 .text.mg_http_var
                0x08004038       0xa0 ./Core/Src/mongoose.o
                0x08004038                mg_http_var
 .text.mg_http_get_var
                0x080040d8       0xa6 ./Core/Src/mongoose.o
                0x080040d8                mg_http_get_var
 .text.isx      0x0800417e       0x44 ./Core/Src/mongoose.o
 .text.mg_url_decode
                0x080041c2      0x110 ./Core/Src/mongoose.o
                0x080041c2                mg_url_decode
 .text.isok     0x080042d2       0x3a ./Core/Src/mongoose.o
 .text.mg_http_get_request_len
                0x0800430c       0x9c ./Core/Src/mongoose.o
                0x0800430c                mg_http_get_request_len
 .text.mg_http_get_header
                0x080043a8       0x80 ./Core/Src/mongoose.o
                0x080043a8                mg_http_get_header
 .text.vcb      0x08004428       0x26 ./Core/Src/mongoose.o
 .text.clen     0x0800444e       0xde ./Core/Src/mongoose.o
 .text.skiptorn
                0x0800452c       0x96 ./Core/Src/mongoose.o
 .text.mg_http_parse_headers
                0x080045c2      0x15e ./Core/Src/mongoose.o
 .text.mg_http_parse
                0x08004720      0x2dc ./Core/Src/mongoose.o
                0x08004720                mg_http_parse
 .text.mg_http_status_code_str
                0x080049fc      0x9f8 ./Core/Src/mongoose.o
 .text.mg_http_reply
                0x080053f4       0xb0 ./Core/Src/mongoose.o
                0x080053f4                mg_http_reply
 .text.restore_http_cb
                0x080054a4       0x40 ./Core/Src/mongoose.o
 .text.mg_http_etag
                0x080054e4       0x38 ./Core/Src/mongoose.o
                0x080054e4                mg_http_etag
 .text.static_cb
                0x0800551c       0xc4 ./Core/Src/mongoose.o
 .text.guess_content_type
                0x080055e0      0x13c ./Core/Src/mongoose.o
 .text.getrange
                0x0800571c       0xe8 ./Core/Src/mongoose.o
 .text.mg_http_serve_file
                0x08005804      0x5a4 ./Core/Src/mongoose.o
                0x08005804                mg_http_serve_file
 .text.uri_to_path2
                0x08005da8      0x2dc ./Core/Src/mongoose.o
 .text.uri_to_path
                0x08006084      0x194 ./Core/Src/mongoose.o
 .text.mg_http_serve_dir
                0x08006218       0xc8 ./Core/Src/mongoose.o
                0x08006218                mg_http_serve_dir
 .text.mg_http_creds
                0x080062e0      0x238 ./Core/Src/mongoose.o
                0x080062e0                mg_http_creds
 .text.stripquotes
                0x08006518       0x52 ./Core/Src/mongoose.o
 .text.mg_http_get_header_var
                0x0800656a      0x12c ./Core/Src/mongoose.o
                0x0800656a                mg_http_get_header_var
 .text.mg_http_status
                0x08006696       0x1c ./Core/Src/mongoose.o
                0x08006696                mg_http_status
 .text.is_hex_digit
                0x080066b2       0x44 ./Core/Src/mongoose.o
 .text.skip_chunk
                0x080066f6      0x11e ./Core/Src/mongoose.o
 .text.http_cb  0x08006814      0x714 ./Core/Src/mongoose.o
 .text.mg_http_listen
                0x08006f28       0x38 ./Core/Src/mongoose.o
                0x08006f28                mg_http_listen
 .text.roundup  0x08006f60       0x34 ./Core/Src/mongoose.o
 .text.mg_iobuf_resize
                0x08006f94      0x118 ./Core/Src/mongoose.o
                0x08006f94                mg_iobuf_resize
 .text.mg_iobuf_add
                0x080070ac       0xa4 ./Core/Src/mongoose.o
                0x080070ac                mg_iobuf_add
 .text.mg_iobuf_del
                0x08007150       0x96 ./Core/Src/mongoose.o
                0x08007150                mg_iobuf_del
 .text.mg_iobuf_free
                0x080071e6       0x18 ./Core/Src/mongoose.o
                0x080071e6                mg_iobuf_free
 *fill*         0x080071fe        0x2 
 .text.escapeseq
                0x08007200       0x28 ./Core/Src/mongoose.o
 .text.json_esc
                0x08007228       0x60 ./Core/Src/mongoose.o
 .text.mg_pass_string
                0x08007288       0x82 ./Core/Src/mongoose.o
 *fill*         0x0800730a        0x6 
 .text.mg_atod  0x08007310      0x2a0 ./Core/Src/mongoose.o
 .text.mg_json_get
                0x080075b0      0x674 ./Core/Src/mongoose.o
                0x080075b0                mg_json_get
 .text.mg_json_get_tok
                0x08007c24       0x4a ./Core/Src/mongoose.o
                0x08007c24                mg_json_get_tok
 .text.mg_json_get_num
                0x08007c6e       0x8a ./Core/Src/mongoose.o
                0x08007c6e                mg_json_get_num
 .text.mg_json_get_bool
                0x08007cf8       0x78 ./Core/Src/mongoose.o
                0x08007cf8                mg_json_get_bool
 .text.mg_json_unescape
                0x08007d70      0x11c ./Core/Src/mongoose.o
                0x08007d70                mg_json_unescape
 .text.mg_json_get_long
                0x08007e8c       0x44 ./Core/Src/mongoose.o
                0x08007e8c                mg_json_get_long
 .text.logc     0x08007ed0       0x28 ./Core/Src/mongoose.o
 .text.logs     0x08007ef8       0x36 ./Core/Src/mongoose.o
 *fill*         0x08007f2e        0x2 
 .text.mg_log_prefix
                0x08007f30       0xa0 ./Core/Src/mongoose.o
                0x08007f30                mg_log_prefix
 .text.mg_log   0x08007fd0       0x40 ./Core/Src/mongoose.o
                0x08007fd0                mg_log
 .text.nibble   0x08008010       0x2c ./Core/Src/mongoose.o
 .text.mg_hexdump
                0x0800803c      0x168 ./Core/Src/mongoose.o
                0x0800803c                mg_hexdump
 .text.mg_mqtt_send_header
                0x080081a4       0x8a ./Core/Src/mongoose.o
                0x080081a4                mg_mqtt_send_header
 .text.mg_send_u16
                0x0800822e       0x20 ./Core/Src/mongoose.o
 .text.mg_send_u32
                0x0800824e       0x1e ./Core/Src/mongoose.o
 .text.varint_size
                0x0800826c       0x2c ./Core/Src/mongoose.o
 .text.encode_varint
                0x08008298       0x4e ./Core/Src/mongoose.o
 .text.decode_varint
                0x080082e6       0x72 ./Core/Src/mongoose.o
 .text.mqtt_prop_type_by_id
                0x08008358       0x50 ./Core/Src/mongoose.o
 .text.get_properties_length
                0x080083a8      0x11c ./Core/Src/mongoose.o
 .text.get_props_size
                0x080084c4       0x2e ./Core/Src/mongoose.o
 *fill*         0x080084f2        0x2 
 .text.mg_send_mqtt_properties
                0x080084f4      0x294 ./Core/Src/mongoose.o
 .text.mg_mqtt_login
                0x08008788      0x2c8 ./Core/Src/mongoose.o
                0x08008788                mg_mqtt_login
 .text.mg_mqtt_pub
                0x08008a50      0x19c ./Core/Src/mongoose.o
                0x08008a50                mg_mqtt_pub
 .text.mg_mqtt_sub
                0x08008bec       0xe8 ./Core/Src/mongoose.o
                0x08008bec                mg_mqtt_sub
 .text.mg_mqtt_parse
                0x08008cd4      0x24a ./Core/Src/mongoose.o
                0x08008cd4                mg_mqtt_parse
 *fill*         0x08008f1e        0x2 
 .text.mqtt_cb  0x08008f20      0x280 ./Core/Src/mongoose.o
 .text.mg_mqtt_connect
                0x080091a0       0x5c ./Core/Src/mongoose.o
                0x080091a0                mg_mqtt_connect
 .text.mg_vprintf
                0x080091fc       0x38 ./Core/Src/mongoose.o
                0x080091fc                mg_vprintf
 .text.mg_printf
                0x08009234       0x34 ./Core/Src/mongoose.o
                0x08009234                mg_printf
 .text.mg_atonl
                0x08009268       0x60 ./Core/Src/mongoose.o
 .text.mg_atone
                0x080092c8       0x36 ./Core/Src/mongoose.o
 .text.mg_aton4
                0x080092fe       0xec ./Core/Src/mongoose.o
 .text.mg_v4mapped
                0x080093ea       0xd0 ./Core/Src/mongoose.o
 .text.mg_aton6
                0x080094ba      0x220 ./Core/Src/mongoose.o
 .text.mg_aton  0x080096da       0x74 ./Core/Src/mongoose.o
                0x080096da                mg_aton
 .text.mg_alloc_conn
                0x0800974e       0x5a ./Core/Src/mongoose.o
                0x0800974e                mg_alloc_conn
 .text.mg_close_conn
                0x080097a8       0xd0 ./Core/Src/mongoose.o
                0x080097a8                mg_close_conn
 .text.mg_connect
                0x08009878      0x11c ./Core/Src/mongoose.o
                0x08009878                mg_connect
 .text.mg_listen
                0x08009994      0x144 ./Core/Src/mongoose.o
                0x08009994                mg_listen
 .text.mg_timer_add
                0x08009ad8       0x52 ./Core/Src/mongoose.o
                0x08009ad8                mg_timer_add
 *fill*         0x08009b2a        0x2 
 .text.mg_mgr_init
                0x08009b2c      0x120 ./Core/Src/mongoose.o
                0x08009b2c                mg_mgr_init
 .text.mg_tcpip_call
                0x08009c4c       0x28 ./Core/Src/mongoose.o
 .text.mkpay    0x08009c74       0x3c ./Core/Src/mongoose.o
 .text.csumup   0x08009cb0       0x56 ./Core/Src/mongoose.o
 .text.csumfin  0x08009d06       0x36 ./Core/Src/mongoose.o
 .text.ipcsum   0x08009d3c       0x26 ./Core/Src/mongoose.o
 *fill*         0x08009d62        0x2 
 .text.settmout
                0x08009d64       0xb8 ./Core/Src/mongoose.o
 .text.ether_output
                0x08009e1c       0x38 ./Core/Src/mongoose.o
 .text.mg_tcpip_arp_request
                0x08009e54       0xd0 ./Core/Src/mongoose.o
                0x08009e54                mg_tcpip_arp_request
 .text.onstatechange
                0x08009f24      0x154 ./Core/Src/mongoose.o
 .text.tx_ip    0x0800a078       0xae ./Core/Src/mongoose.o
 .text.tx_udp   0x0800a126       0xd2 ./Core/Src/mongoose.o
 .text.tx_dhcp  0x0800a1f8      0x120 ./Core/Src/mongoose.o
 .text.tx_dhcp_request_sel
                0x0800a318       0xec ./Core/Src/mongoose.o
 .text.tx_dhcp_request_re
                0x0800a404       0x64 ./Core/Src/mongoose.o
 .text.tx_dhcp_discover
                0x0800a468       0x78 ./Core/Src/mongoose.o
 .text.getpeer  0x0800a4e0       0xe2 ./Core/Src/mongoose.o
 *fill*         0x0800a5c2        0x2 
 .text.rx_arp   0x0800a5c4      0x224 ./Core/Src/mongoose.o
 .text.rx_icmp  0x0800a7e8       0xb8 ./Core/Src/mongoose.o
 .text.rx_dhcp_client
                0x0800a8a0      0x3d0 ./Core/Src/mongoose.o
 .text.rx_dhcp_server
                0x0800ac70      0x3dc ./Core/Src/mongoose.o
 .text.rx_udp   0x0800b04c       0xe4 ./Core/Src/mongoose.o
 .text.tx_tcp   0x0800b130      0x198 ./Core/Src/mongoose.o
 .text.tx_tcp_pkt
                0x0800b2c8       0x8c ./Core/Src/mongoose.o
 .text.accept_conn
                0x0800b354      0x170 ./Core/Src/mongoose.o
 .text.trim_len
                0x0800b4c4      0x11c ./Core/Src/mongoose.o
 .text.mg_io_send
                0x0800b5e0       0xee ./Core/Src/mongoose.o
                0x0800b5e0                mg_io_send
 *fill*         0x0800b6ce        0x2 
 .text.handle_tls_recv
                0x0800b6d0       0x68 ./Core/Src/mongoose.o
 .text.read_conn
                0x0800b738      0x42c ./Core/Src/mongoose.o
 .text.rx_tcp   0x0800bb64      0x260 ./Core/Src/mongoose.o
 .text.rx_ip    0x0800bdc4      0x2dc ./Core/Src/mongoose.o
 .text.rx_ip6   0x0800c0a0       0x84 ./Core/Src/mongoose.o
 .text.mg_tcpip_rx
                0x0800c124      0x228 ./Core/Src/mongoose.o
 .text.mg_tcpip_poll
                0x0800c34c      0x4ac ./Core/Src/mongoose.o
 .text.mg_tcpip_qwrite
                0x0800c7f8       0x5a ./Core/Src/mongoose.o
                0x0800c7f8                mg_tcpip_qwrite
 *fill*         0x0800c852        0x2 
 .text.mg_tcpip_init
                0x0800c854      0x1b4 ./Core/Src/mongoose.o
                0x0800c854                mg_tcpip_init
 .text.send_syn
                0x0800ca08       0x6a ./Core/Src/mongoose.o
 .text.mac_resolved
                0x0800ca72       0x48 ./Core/Src/mongoose.o
 *fill*         0x0800caba        0x2 
 .text.mg_connect_resolved
                0x0800cabc      0x208 ./Core/Src/mongoose.o
                0x0800cabc                mg_connect_resolved
 .text.mg_open_listener
                0x0800ccc4       0x2a ./Core/Src/mongoose.o
                0x0800ccc4                mg_open_listener
 *fill*         0x0800ccee        0x2 
 .text.write_conn
                0x0800ccf0       0x80 ./Core/Src/mongoose.o
 .text.init_closure
                0x0800cd70       0xa6 ./Core/Src/mongoose.o
 .text.close_conn
                0x0800ce16       0x26 ./Core/Src/mongoose.o
 .text.can_write
                0x0800ce3c       0x68 ./Core/Src/mongoose.o
 .text.mg_mgr_poll
                0x0800cea4      0x1a0 ./Core/Src/mongoose.o
                0x0800cea4                mg_mgr_poll
 .text.mg_send  0x0800d044      0x118 ./Core/Src/mongoose.o
                0x0800d044                mg_send
 .text.mg_ota_begin
                0x0800d15c      0x104 ./Core/Src/mongoose.o
                0x0800d15c                mg_ota_begin
 .text.mg_ota_write
                0x0800d260      0x178 ./Core/Src/mongoose.o
                0x0800d260                mg_ota_write
 .text.mg_ota_end
                0x0800d3d8      0x160 ./Core/Src/mongoose.o
                0x0800d3d8                mg_ota_end
 .text.swap_size
                0x0800d538       0x42 ./Core/Src/mongoose.o
 .text.mg_pfn_iobuf_private
                0x0800d57a       0x90 ./Core/Src/mongoose.o
 .text.mg_putchar_iobuf_static
                0x0800d60a       0x20 ./Core/Src/mongoose.o
 .text.mg_pfn_iobuf
                0x0800d62a       0x20 ./Core/Src/mongoose.o
                0x0800d62a                mg_pfn_iobuf
 *fill*         0x0800d64a        0x2 
 .text.mg_vsnprintf
                0x0800d64c       0x50 ./Core/Src/mongoose.o
                0x0800d64c                mg_vsnprintf
 .text.mg_snprintf
                0x0800d69c       0x32 ./Core/Src/mongoose.o
                0x0800d69c                mg_snprintf
 *fill*         0x0800d6ce        0x2 
 .text.mg_vmprintf
                0x0800d6d0       0x38 ./Core/Src/mongoose.o
                0x0800d6d0                mg_vmprintf
 .text.mg_mprintf
                0x0800d708       0x2a ./Core/Src/mongoose.o
                0x0800d708                mg_mprintf
 .text.mg_pfn_stdout
                0x0800d732       0x1c ./Core/Src/mongoose.o
                0x0800d732                mg_pfn_stdout
 *fill*         0x0800d74e        0x2 
 .text.print_ip4
                0x0800d750       0x48 ./Core/Src/mongoose.o
 .text.print_ip6
                0x0800d798       0xbc ./Core/Src/mongoose.o
 .text.mg_print_ip4
                0x0800d854       0x2e ./Core/Src/mongoose.o
                0x0800d854                mg_print_ip4
 .text.mg_print_ip
                0x0800d882       0x48 ./Core/Src/mongoose.o
                0x0800d882                mg_print_ip
 *fill*         0x0800d8ca        0x2 
 .text.mg_print_ip_port
                0x0800d8cc       0x4c ./Core/Src/mongoose.o
                0x0800d8cc                mg_print_ip_port
 .text.mg_print_mac
                0x0800d918       0x6c ./Core/Src/mongoose.o
                0x0800d918                mg_print_mac
 .text.mg_esc   0x0800d984       0x7c ./Core/Src/mongoose.o
 .text.mg_escape
                0x0800da00       0x1a ./Core/Src/mongoose.o
 .text.qcpy     0x0800da1a       0x86 ./Core/Src/mongoose.o
 .text.mg_print_hex
                0x0800daa0       0x88 ./Core/Src/mongoose.o
                0x0800daa0                mg_print_hex
 .text.mg_print_esc
                0x0800db28       0x58 ./Core/Src/mongoose.o
                0x0800db28                mg_print_esc
 .text.mg_queue_read_len
                0x0800db80       0x54 ./Core/Src/mongoose.o
 .text.mg_queue_write_len
                0x0800dbd4       0x2c ./Core/Src/mongoose.o
 .text.mg_queue_book
                0x0800dc00       0xae ./Core/Src/mongoose.o
                0x0800dc00                mg_queue_book
 *fill*         0x0800dcae        0x2 
 .text.mg_queue_next
                0x0800dcb0       0x8c ./Core/Src/mongoose.o
                0x0800dcb0                mg_queue_next
 .text.mg_queue_add
                0x0800dd3c       0x70 ./Core/Src/mongoose.o
                0x0800dd3c                mg_queue_add
 .text.mg_queue_del
                0x0800ddac       0x48 ./Core/Src/mongoose.o
                0x0800ddac                mg_queue_del
 .text.mg_sha256_init
                0x0800ddf4       0x78 ./Core/Src/mongoose.o
                0x0800ddf4                mg_sha256_init
 .text.mg_sha256_chunk
                0x0800de6c      0x410 ./Core/Src/mongoose.o
 .text.mg_sha256_update
                0x0800e27c       0x72 ./Core/Src/mongoose.o
                0x0800e27c                mg_sha256_update
 .text.mg_sha256_final
                0x0800e2ee      0x270 ./Core/Src/mongoose.o
                0x0800e2ee                mg_sha256_final
 .text.mg_hmac_sha256
                0x0800e55e      0x1d4 ./Core/Src/mongoose.o
                0x0800e55e                mg_hmac_sha256
 *fill*         0x0800e732        0x2 
 .text.mg_now   0x0800e734       0x24 ./Core/Src/mongoose.o
                0x0800e734                mg_now
 .text.gettimestamp
                0x0800e758       0xec ./Core/Src/mongoose.o
 .text.mg_sntp_parse
                0x0800e844      0x1e0 ./Core/Src/mongoose.o
                0x0800e844                mg_sntp_parse
 .text.sntp_cb  0x0800ea24      0x110 ./Core/Src/mongoose.o
 *fill*         0x0800eb34        0x4 
 .text.mg_sntp_request
                0x0800eb38      0x10c ./Core/Src/mongoose.o
                0x0800eb38                mg_sntp_request
 .text.mg_sntp_connect
                0x0800ec44       0x54 ./Core/Src/mongoose.o
                0x0800ec44                mg_sntp_connect
 .text.mg_http_serve_ssi
                0x0800ec98       0x28 ./Core/Src/mongoose.o
                0x0800ec98                mg_http_serve_ssi
 .text.mg_str_s
                0x0800ecc0       0x3a ./Core/Src/mongoose.o
                0x0800ecc0                mg_str_s
 .text.mg_str_n
                0x0800ecfa       0x30 ./Core/Src/mongoose.o
                0x0800ecfa                mg_str_n
 .text.mg_tolc  0x0800ed2a       0x2a ./Core/Src/mongoose.o
 .text.mg_strdup
                0x0800ed54       0x6e ./Core/Src/mongoose.o
                0x0800ed54                mg_strdup
 .text.mg_strcmp
                0x0800edc2       0x84 ./Core/Src/mongoose.o
                0x0800edc2                mg_strcmp
 .text.mg_strcasecmp
                0x0800ee46       0x8e ./Core/Src/mongoose.o
                0x0800ee46                mg_strcasecmp
 .text.mg_match
                0x0800eed4      0x1e8 ./Core/Src/mongoose.o
                0x0800eed4                mg_match
 .text.mg_span  0x0800f0bc       0xba ./Core/Src/mongoose.o
                0x0800f0bc                mg_span
 .text.mg_str_to_num
                0x0800f176      0x466 ./Core/Src/mongoose.o
                0x0800f176                mg_str_to_num
 .text.mg_timer_init
                0x0800f5dc       0x58 ./Core/Src/mongoose.o
                0x0800f5dc                mg_timer_init
 .text.mg_timer_expired
                0x0800f634       0xc8 ./Core/Src/mongoose.o
                0x0800f634                mg_timer_expired
 .text.mg_timer_poll
                0x0800f6fc       0xce ./Core/Src/mongoose.o
                0x0800f6fc                mg_timer_poll
 *fill*         0x0800f7ca        0x2 
 .text.mg_tls_hexdump
                0x0800f7cc       0x50 ./Core/Src/mongoose.o
 .text.mg_der_to_tlv
                0x0800f81c       0xa8 ./Core/Src/mongoose.o
 .text.mg_der_find
                0x0800f8c4       0xde ./Core/Src/mongoose.o
 .text.mg_tls_got_record
                0x0800f9a2       0x4e ./Core/Src/mongoose.o
 .text.mg_tls_drop_record
                0x0800f9f0       0x42 ./Core/Src/mongoose.o
 *fill*         0x0800fa32        0x2 
 .text.mg_tls_drop_message
                0x0800fa34       0x98 ./Core/Src/mongoose.o
 .text.mg_tls_derive_secret
                0x0800facc      0x138 ./Core/Src/mongoose.o
 .text.mg_tls_generate_handshake_keys
                0x0800fc04      0x2a0 ./Core/Src/mongoose.o
 .text.mg_tls_generate_application_keys
                0x0800fea4      0x230 ./Core/Src/mongoose.o
 .text.mg_tls_encrypt
                0x080100d4      0x1f8 ./Core/Src/mongoose.o
 .text.mg_tls_recv_record
                0x080102cc      0x21c ./Core/Src/mongoose.o
 .text.mg_tls_calc_cert_verify_hash
                0x080104e8      0x144 ./Core/Src/mongoose.o
 .text.mg_tls_server_recv_hello
                0x0801062c      0x2e8 ./Core/Src/mongoose.o
 .text.mg_tls_server_send_hello
                0x08010914      0x168 ./Core/Src/mongoose.o
 .text.mg_tls_server_send_ext
                0x08010a7c       0x4c ./Core/Src/mongoose.o
 .text.mg_tls_server_send_cert
                0x08010ac8      0x11c ./Core/Src/mongoose.o
 .text.init_SHA256
                0x08010be4       0x1e ./Core/Src/mongoose.o
 .text.update_SHA256
                0x08010c02       0x26 ./Core/Src/mongoose.o
 .text.finish_SHA256
                0x08010c28       0x22 ./Core/Src/mongoose.o
 *fill*         0x08010c4a        0x2 
 .text.mg_tls_send_cert_verify
                0x08010c4c      0x27c ./Core/Src/mongoose.o
 .text.mg_tls_server_send_finish
                0x08010ec8       0xc4 ./Core/Src/mongoose.o
 .text.mg_tls_server_recv_finish
                0x08010f8c       0x80 ./Core/Src/mongoose.o
 .text.mg_tls_client_send_hello
                0x0801100c      0x3e8 ./Core/Src/mongoose.o
 .text.mg_tls_client_recv_hello
                0x080113f4      0x268 ./Core/Src/mongoose.o
 .text.mg_tls_client_recv_ext
                0x0801165c       0x60 ./Core/Src/mongoose.o
 .text.mg_tls_client_recv_cert
                0x080116bc      0x358 ./Core/Src/mongoose.o
 .text.mg_tls_client_recv_cert_verify
                0x08011a14      0x174 ./Core/Src/mongoose.o
 .text.mg_tls_client_recv_finish
                0x08011b88       0x60 ./Core/Src/mongoose.o
 .text.mg_tls_client_send_finish
                0x08011be8       0xb0 ./Core/Src/mongoose.o
 .text.mg_tls_client_handshake
                0x08011c98      0x20c ./Core/Src/mongoose.o
 .text.mg_tls_server_handshake
                0x08011ea4       0xa0 ./Core/Src/mongoose.o
 .text.mg_tls_handshake
                0x08011f44       0x2e ./Core/Src/mongoose.o
                0x08011f44                mg_tls_handshake
 *fill*         0x08011f72        0x2 
 .text.mg_parse_pem
                0x08011f74      0x140 ./Core/Src/mongoose.o
 .text.mg_tls_init
                0x080120b4      0x2a4 ./Core/Src/mongoose.o
                0x080120b4                mg_tls_init
 .text.mg_tls_free
                0x08012358       0x48 ./Core/Src/mongoose.o
                0x08012358                mg_tls_free
 .text.mg_tls_send
                0x080123a0       0x90 ./Core/Src/mongoose.o
                0x080123a0                mg_tls_send
 .text.mg_tls_recv
                0x08012430       0x98 ./Core/Src/mongoose.o
                0x08012430                mg_tls_recv
 .text.mg_tls_pending
                0x080124c8       0x18 ./Core/Src/mongoose.o
                0x080124c8                mg_tls_pending
 .text.mg_tls_ctx_init
                0x080124e0       0x14 ./Core/Src/mongoose.o
                0x080124e0                mg_tls_ctx_init
 .text.initialize_state
                0x080124f4       0xd0 ./Core/Src/mongoose.o
 .text.core_block
                0x080125c4      0x4a4 ./Core/Src/mongoose.o
 .text.xor_block
                0x08012a68      0x116 ./Core/Src/mongoose.o
 .text.chacha20_xor_stream
                0x08012b7e       0xf0 ./Core/Src/mongoose.o
 .text.rfc8439_keygen
                0x08012c6e       0x40 ./Core/Src/mongoose.o
 .text.U8TO32   0x08012cae       0x38 ./Core/Src/mongoose.o
 .text.U32TO8   0x08012ce6       0x42 ./Core/Src/mongoose.o
 .text.poly1305_init
                0x08012d28       0xf8 ./Core/Src/mongoose.o
 .text.poly1305_blocks
                0x08012e20      0xe06 ./Core/Src/mongoose.o
 .text.poly1305_finish
                0x08013c26      0x4b8 ./Core/Src/mongoose.o
 .text.poly1305_update
                0x080140de      0x106 ./Core/Src/mongoose.o
 .text.pad_if_needed
                0x080141e4       0x34 ./Core/Src/mongoose.o
 .text.write_64bit_int
                0x08014218       0xbe ./Core/Src/mongoose.o
 .text.poly1305_calculate_mac
                0x080142d6       0xd8 ./Core/Src/mongoose.o
 .text.mg_chacha20_poly1305_encrypt
                0x080143ae       0x70 ./Core/Src/mongoose.o
                0x080143ae                mg_chacha20_poly1305_encrypt
 .text.mg_chacha20_poly1305_decrypt
                0x0801441e       0x54 ./Core/Src/mongoose.o
                0x0801441e                mg_chacha20_poly1305_decrypt
 .text.mg_uecc_vli_clear
                0x08014472       0x42 ./Core/Src/mongoose.o
 .text.mg_uecc_vli_isZero
                0x080144b4       0x54 ./Core/Src/mongoose.o
 .text.mg_uecc_vli_testBit
                0x08014508       0x36 ./Core/Src/mongoose.o
 .text.vli_numDigits
                0x0801453e       0x4a ./Core/Src/mongoose.o
 .text.mg_uecc_vli_numBits
                0x08014588       0x70 ./Core/Src/mongoose.o
 .text.mg_uecc_vli_set
                0x080145f8       0x4e ./Core/Src/mongoose.o
 .text.mg_uecc_vli_cmp_unsafe
                0x08014646       0x78 ./Core/Src/mongoose.o
 .text.mg_uecc_vli_equal
                0x080146be       0x64 ./Core/Src/mongoose.o
 .text.mg_uecc_vli_cmp
                0x08014722       0x62 ./Core/Src/mongoose.o
 .text.mg_uecc_vli_rshift1
                0x08014784       0x54 ./Core/Src/mongoose.o
 .text.mg_uecc_vli_add
                0x080147d8       0x94 ./Core/Src/mongoose.o
 .text.mg_uecc_vli_sub
                0x0801486c       0x94 ./Core/Src/mongoose.o
 .text.muladd   0x08014900       0xd4 ./Core/Src/mongoose.o
 .text.mg_uecc_vli_mult
                0x080149d4      0x140 ./Core/Src/mongoose.o
 .text.mg_uecc_vli_modAdd
                0x08014b14       0x4e ./Core/Src/mongoose.o
 .text.mg_uecc_vli_modSub
                0x08014b62       0x3a ./Core/Src/mongoose.o
 .text.mg_uecc_vli_mmod
                0x08014b9c      0x278 ./Core/Src/mongoose.o
 .text.mg_uecc_vli_modMult
                0x08014e14       0x36 ./Core/Src/mongoose.o
 .text.mg_uecc_vli_modMult_fast
                0x08014e4a       0x38 ./Core/Src/mongoose.o
 .text.mg_uecc_vli_modSquare_fast
                0x08014e82       0x20 ./Core/Src/mongoose.o
 .text.vli_modInv_update
                0x08014ea2       0x70 ./Core/Src/mongoose.o
 .text.mg_uecc_vli_modInv
                0x08014f12      0x1f2 ./Core/Src/mongoose.o
 .text.double_jacobian_default
                0x08015104      0x1fe ./Core/Src/mongoose.o
 .text.x_side_default
                0x08015302       0x76 ./Core/Src/mongoose.o
 .text.mod_sqrt_default
                0x08015378       0xca ./Core/Src/mongoose.o
 *fill*         0x08015442        0x2 
 .text.mg_uecc_secp256r1
                0x08015444       0x14 ./Core/Src/mongoose.o
                0x08015444                mg_uecc_secp256r1
 .text.vli_mmod_fast_secp256r1
                0x08015458      0x2b4 ./Core/Src/mongoose.o
 .text.apply_z  0x0801570c       0x50 ./Core/Src/mongoose.o
 .text.XYcZ_initial_double
                0x0801575c       0x94 ./Core/Src/mongoose.o
 .text.XYcZ_add
                0x080157f0      0x134 ./Core/Src/mongoose.o
 .text.XYcZ_addC
                0x08015924      0x1e2 ./Core/Src/mongoose.o
 .text.EccPoint_mult
                0x08015b06      0x2c2 ./Core/Src/mongoose.o
 .text.regularize_k
                0x08015dc8       0x82 ./Core/Src/mongoose.o
 *fill*         0x08015e4a        0x2 
 .text.mg_uecc_generate_random_int
                0x08015e4c       0xd4 ./Core/Src/mongoose.o
 .text.mg_uecc_vli_nativeToBytes
                0x08015f20       0x5a ./Core/Src/mongoose.o
 .text.mg_uecc_vli_bytesToNative
                0x08015f7a       0x78 ./Core/Src/mongoose.o
 .text.bits2int
                0x08015ff2       0xe4 ./Core/Src/mongoose.o
 *fill*         0x080160d6        0x2 
 .text.mg_uecc_sign_with_k_internal
                0x080160d8      0x2d8 ./Core/Src/mongoose.o
 .text.HMAC_init
                0x080163b0       0x7e ./Core/Src/mongoose.o
 .text.HMAC_update
                0x0801642e       0x20 ./Core/Src/mongoose.o
 .text.HMAC_finish
                0x0801644e       0xa2 ./Core/Src/mongoose.o
 .text.update_V
                0x080164f0       0x34 ./Core/Src/mongoose.o
 .text.mg_uecc_sign_deterministic
                0x08016524      0x22c ./Core/Src/mongoose.o
                0x08016524                mg_uecc_sign_deterministic
 .text.smax     0x08016750       0x2c ./Core/Src/mongoose.o
 .text.mg_uecc_verify
                0x0801677c      0x598 ./Core/Src/mongoose.o
                0x0801677c                mg_uecc_verify
 .text.umaal    0x08016d14       0x9c ./Core/Src/mongoose.o
 .text.adc      0x08016db0       0x6e ./Core/Src/mongoose.o
 .text.adc0     0x08016e1e       0x4c ./Core/Src/mongoose.o
 .text.propagate
                0x08016e6a       0x74 ./Core/Src/mongoose.o
 .text.add      0x08016ede       0x60 ./Core/Src/mongoose.o
 .text.sub      0x08016f3e       0xa2 ./Core/Src/mongoose.o
 .text.mul      0x08016fe0       0xfa ./Core/Src/mongoose.o
 .text.sqr      0x080170da       0x1e ./Core/Src/mongoose.o
 .text.mul1     0x080170f8       0x1e ./Core/Src/mongoose.o
 .text.sqr1     0x08017116       0x18 ./Core/Src/mongoose.o
 .text.condswap
                0x0801712e       0x78 ./Core/Src/mongoose.o
 .text.canon    0x080171a6       0xe4 ./Core/Src/mongoose.o
 *fill*         0x0801728a        0x2 
 .text.ladder_part1
                0x0801728c       0xa8 ./Core/Src/mongoose.o
 .text.ladder_part2
                0x08017334       0x5c ./Core/Src/mongoose.o
 .text.x25519_core
                0x08017390      0x15c ./Core/Src/mongoose.o
 .text.mg_tls_x25519
                0x080174ec      0x198 ./Core/Src/mongoose.o
                0x080174ec                mg_tls_x25519
 .text.mg_url_is_ssl
                0x08017684       0x90 ./Core/Src/mongoose.o
                0x08017684                mg_url_is_ssl
 .text.urlparse
                0x08017714      0x102 ./Core/Src/mongoose.o
 .text.mg_url_host
                0x08017816       0x66 ./Core/Src/mongoose.o
                0x08017816                mg_url_host
 .text.mg_url_port
                0x0801787c       0xc8 ./Core/Src/mongoose.o
                0x0801787c                mg_url_port
 .text.mg_bzero
                0x08017944       0x32 ./Core/Src/mongoose.o
                0x08017944                mg_bzero
 *fill*         0x08017976        0x2 
 .text.mg_random_str
                0x08017978       0x8c ./Core/Src/mongoose.o
                0x08017978                mg_random_str
 .text.mg_ntohl
                0x08017a04       0x32 ./Core/Src/mongoose.o
                0x08017a04                mg_ntohl
 .text.mg_ntohs
                0x08017a36       0x2e ./Core/Src/mongoose.o
                0x08017a36                mg_ntohs
 .text.mg_crc32
                0x08017a64       0x74 ./Core/Src/mongoose.o
                0x08017a64                mg_crc32
 .text.mg_path_is_sane
                0x08017ad8       0x80 ./Core/Src/mongoose.o
                0x08017ad8                mg_path_is_sane
 .text.mg_phy_id_to_str
                0x08017b58       0xa0 ./Core/Src/mongoose.o
 .text.mg_phy_init
                0x08017bf8      0x170 ./Core/Src/mongoose.o
                0x08017bf8                mg_phy_init
 .text.mg_phy_up
                0x08017d68      0x1ea ./Core/Src/mongoose.o
                0x08017d68                mg_phy_up
 *fill*         0x08017f52        0x2 
 .text.eth_read_phy
                0x08017f54       0x74 ./Core/Src/mongoose.o
 .text.eth_write_phy
                0x08017fc8       0x78 ./Core/Src/mongoose.o
 .text.mg_tcpip_driver_stm32h_init
                0x08018040      0x268 ./Core/Src/mongoose.o
 .text.mg_tcpip_driver_stm32h_tx
                0x080182a8      0x1b4 ./Core/Src/mongoose.o
 .text.mg_tcpip_driver_stm32h_up
                0x0801845c       0xf8 ./Core/Src/mongoose.o
 .text.ETH_IRQHandler
                0x08018554      0x120 ./Core/Src/mongoose.o
                0x08018554                ETH_IRQHandler
 .text.scmp     0x08018674       0x44 ./Core/Src/mongoose_fs.o
 .text.mg_unlist
                0x080186b8       0x28 ./Core/Src/mongoose_fs.o
                0x080186b8                mg_unlist
 .text.mg_unpack
                0x080186e0       0x6c ./Core/Src/mongoose_fs.o
                0x080186e0                mg_unpack
 .text.timer_fn_1
                0x0801874c       0xb4 ./Core/Src/mongoose_glue.o
 .text.glue_init_1
                0x08018800       0x58 ./Core/Src/mongoose_glue.o
                0x08018800                glue_init_1
 .text.timer_fn_2
                0x08018858       0xa4 ./Core/Src/mongoose_glue.o
 .text.glue_init_2
                0x080188fc       0x58 ./Core/Src/mongoose_glue.o
                0x080188fc                glue_init_2
 .text.timer_fn_3
                0x08018954       0xa4 ./Core/Src/mongoose_glue.o
 .text.glue_init_3
                0x080189f8       0x58 ./Core/Src/mongoose_glue.o
                0x080189f8                glue_init_3
 .text.glue_lock
                0x08018a50        0xe ./Core/Src/mongoose_glue.o
                0x08018a50                glue_lock
 .text.glue_unlock
                0x08018a5e        0xe ./Core/Src/mongoose_glue.o
                0x08018a5e                glue_unlock
 .text.glue_mqtt_tls_init
                0x08018a6c       0x90 ./Core/Src/mongoose_glue.o
                0x08018a6c                glue_mqtt_tls_init
 .text.glue_mqtt_on_connect
                0x08018afc       0xc0 ./Core/Src/mongoose_glue.o
                0x08018afc                glue_mqtt_on_connect
 .text.glue_mqtt_on_message
                0x08018bbc       0xe0 ./Core/Src/mongoose_glue.o
                0x08018bbc                glue_mqtt_on_message
 .text.glue_mqtt_on_cmd
                0x08018c9c       0x4c ./Core/Src/mongoose_glue.o
                0x08018c9c                glue_mqtt_on_cmd
 .text.glue_mqtt_connect
                0x08018ce8       0x7c ./Core/Src/mongoose_glue.o
                0x08018ce8                glue_mqtt_connect
 .text.glue_sntp_on_time
                0x08018d64       0x4c ./Core/Src/mongoose_glue.o
                0x08018d64                glue_sntp_on_time
 .text.glue_modbus_read_reg
                0x08018db0       0x9c ./Core/Src/mongoose_glue.o
                0x08018db0                glue_modbus_read_reg
 .text.glue_modbus_write_reg
                0x08018e4c       0x9c ./Core/Src/mongoose_glue.o
                0x08018e4c                glue_modbus_write_reg
 .text.glue_authenticate
                0x08018ee8       0x68 ./Core/Src/mongoose_glue.o
                0x08018ee8                glue_authenticate
 .text.glue_check_reboot
                0x08018f50       0x24 ./Core/Src/mongoose_glue.o
                0x08018f50                glue_check_reboot
 .text.glue_start_reboot
                0x08018f74       0x24 ./Core/Src/mongoose_glue.o
                0x08018f74                glue_start_reboot
 .text.glue_ota_begin_firmware_update
                0x08018f98       0x5c ./Core/Src/mongoose_glue.o
                0x08018f98                glue_ota_begin_firmware_update
 .text.glue_ota_end_firmware_update
                0x08018ff4       0x98 ./Core/Src/mongoose_glue.o
                0x08018ff4                glue_ota_end_firmware_update
 .text.glue_ota_write_firmware_update
                0x0801908c       0x50 ./Core/Src/mongoose_glue.o
                0x0801908c                glue_ota_write_firmware_update
 .text.glue_file_open_file_upload
                0x080190dc       0x88 ./Core/Src/mongoose_glue.o
                0x080190dc                glue_file_open_file_upload
 .text.glue_file_close_file_upload
                0x08019164       0x40 ./Core/Src/mongoose_glue.o
                0x08019164                glue_file_close_file_upload
 .text.glue_file_write_file_upload
                0x080191a4       0x48 ./Core/Src/mongoose_glue.o
                0x080191a4                glue_file_write_file_upload
 .text.glue_graph_get_graph1
                0x080191ec       0xb4 ./Core/Src/mongoose_glue.o
                0x080191ec                glue_graph_get_graph1
 .text.glue_get_state
                0x080192a0       0x30 ./Core/Src/mongoose_glue.o
                0x080192a0                glue_get_state
 .text.glue_set_state
                0x080192d0       0x30 ./Core/Src/mongoose_glue.o
                0x080192d0                glue_set_state
 .text.glue_get_leds
                0x08019300       0x24 ./Core/Src/mongoose_glue.o
                0x08019300                glue_get_leds
 .text.glue_set_leds
                0x08019324       0x24 ./Core/Src/mongoose_glue.o
                0x08019324                glue_set_leds
 .text.glue_get_settings
                0x08019348       0x34 ./Core/Src/mongoose_glue.o
                0x08019348                glue_get_settings
 .text.glue_set_settings
                0x0801937c       0x34 ./Core/Src/mongoose_glue.o
                0x0801937c                glue_set_settings
 .text.glue_get_security
                0x080193b0       0x24 ./Core/Src/mongoose_glue.o
                0x080193b0                glue_get_security
 .text.glue_set_security
                0x080193d4       0x24 ./Core/Src/mongoose_glue.o
                0x080193d4                glue_set_security
 .text.find_handler
                0x080193f8       0xf8 ./Core/Src/mongoose_impl.o
 .text.mg_json_get_str2
                0x080194f0       0x58 ./Core/Src/mongoose_impl.o
                0x080194f0                mg_json_get_str2
 .text.authenticate
                0x08019548      0x1c0 ./Core/Src/mongoose_impl.o
 .text.handle_login
                0x08019708       0xdc ./Core/Src/mongoose_impl.o
 .text.handle_logout
                0x080197e4       0x70 ./Core/Src/mongoose_impl.o
 .text.close_uploaded_file
                0x08019854       0x42 ./Core/Src/mongoose_impl.o
 *fill*         0x08019896        0x2 
 .text.upload_handler
                0x08019898      0x1b0 ./Core/Src/mongoose_impl.o
 .text.prep_upload
                0x08019a48      0x150 ./Core/Src/mongoose_impl.o
 .text.handle_uploads
                0x08019b98       0xf8 ./Core/Src/mongoose_impl.o
 .text.handle_action
                0x08019c90       0x80 ./Core/Src/mongoose_impl.o
 .text.print_struct
                0x08019d10      0x210 ./Core/Src/mongoose_impl.o
                0x08019d10                print_struct
 .text.handle_object
                0x08019f20      0x230 ./Core/Src/mongoose_impl.o
 .text.print_timeseries
                0x0801a150       0xa4 ./Core/Src/mongoose_impl.o
                0x0801a150                print_timeseries
 .text.handle_graph
                0x0801a1f4       0xcc ./Core/Src/mongoose_impl.o
 .text.handle_api_call
                0x0801a2c0       0x9c ./Core/Src/mongoose_impl.o
 .text.http_ev_handler
                0x0801a35c      0x358 ./Core/Src/mongoose_impl.o
 .text.sntp_ev_handler
                0x0801a6b4       0x54 ./Core/Src/mongoose_impl.o
 .text.sntp_timer
                0x0801a708       0x70 ./Core/Src/mongoose_impl.o
 .text.mqtt_event_handler
                0x0801a778       0xa8 ./Core/Src/mongoose_impl.o
 .text.mqtt_timer
                0x0801a820       0x34 ./Core/Src/mongoose_impl.o
 .text.handle_modbus_pdu
                0x0801a854      0x494 ./Core/Src/mongoose_impl.o
 .text.modbus_ev_handler
                0x0801ace8       0xa0 ./Core/Src/mongoose_impl.o
 .text.mongoose_init
                0x0801ad88      0x180 ./Core/Src/mongoose_impl.o
                0x0801ad88                mongoose_init
 .text.mongoose_poll
                0x0801af08       0x1c ./Core/Src/mongoose_impl.o
                0x0801af08                mongoose_poll
 .text.HAL_MspInit
                0x0801af24       0x34 ./Core/Src/stm32h7xx_hal_msp.o
                0x0801af24                HAL_MspInit
 .text.HAL_ETH_MspInit
                0x0801af58      0x1ac ./Core/Src/stm32h7xx_hal_msp.o
                0x0801af58                HAL_ETH_MspInit
 .text.HAL_RNG_MspInit
                0x0801b104       0x74 ./Core/Src/stm32h7xx_hal_msp.o
                0x0801b104                HAL_RNG_MspInit
 .text.HAL_UART_MspInit
                0x0801b178      0x1bc ./Core/Src/stm32h7xx_hal_msp.o
                0x0801b178                HAL_UART_MspInit
 .text.NMI_Handler
                0x0801b334        0x8 ./Core/Src/stm32h7xx_it.o
                0x0801b334                NMI_Handler
 .text.HardFault_Handler
                0x0801b33c        0x8 ./Core/Src/stm32h7xx_it.o
                0x0801b33c                HardFault_Handler
 .text.MemManage_Handler
                0x0801b344        0x8 ./Core/Src/stm32h7xx_it.o
                0x0801b344                MemManage_Handler
 .text.BusFault_Handler
                0x0801b34c        0x8 ./Core/Src/stm32h7xx_it.o
                0x0801b34c                BusFault_Handler
 .text.UsageFault_Handler
                0x0801b354        0x8 ./Core/Src/stm32h7xx_it.o
                0x0801b354                UsageFault_Handler
 .text.SVC_Handler
                0x0801b35c        0xe ./Core/Src/stm32h7xx_it.o
                0x0801b35c                SVC_Handler
 .text.DebugMon_Handler
                0x0801b36a        0xe ./Core/Src/stm32h7xx_it.o
                0x0801b36a                DebugMon_Handler
 .text.PendSV_Handler
                0x0801b378        0xe ./Core/Src/stm32h7xx_it.o
                0x0801b378                PendSV_Handler
 .text.SysTick_Handler
                0x0801b386        0xc ./Core/Src/stm32h7xx_it.o
                0x0801b386                SysTick_Handler
 .text._getpid  0x0801b392       0x10 ./Core/Src/syscalls.o
                0x0801b392                _getpid
 .text._kill    0x0801b3a2       0x20 ./Core/Src/syscalls.o
                0x0801b3a2                _kill
 .text._exit    0x0801b3c2       0x16 ./Core/Src/syscalls.o
                0x0801b3c2                _exit
 .text._read    0x0801b3d8       0x3a ./Core/Src/syscalls.o
                0x0801b3d8                _read
 .text._close   0x0801b412       0x18 ./Core/Src/syscalls.o
                0x0801b412                _close
 .text._fstat   0x0801b42a       0x20 ./Core/Src/syscalls.o
                0x0801b42a                _fstat
 .text._isatty  0x0801b44a       0x16 ./Core/Src/syscalls.o
                0x0801b44a                _isatty
 .text._lseek   0x0801b460       0x1a ./Core/Src/syscalls.o
                0x0801b460                _lseek
 *fill*         0x0801b47a        0x2 
 .text._sbrk    0x0801b47c       0x6c ./Core/Src/sysmem.o
                0x0801b47c                _sbrk
 .text.Reset_Handler
                0x0801b4e8       0x50 ./Core/Startup/startup_stm32h745zitx.o
                0x0801b4e8                Reset_Handler
 .text.Default_Handler
                0x0801b538        0x2 ./Core/Startup/startup_stm32h745zitx.o
                0x0801b538                RTC_Alarm_IRQHandler
                0x0801b538                EXTI2_IRQHandler
                0x0801b538                TIM8_CC_IRQHandler
                0x0801b538                HRTIM1_Master_IRQHandler
                0x0801b538                UART8_IRQHandler
                0x0801b538                SPI4_IRQHandler
                0x0801b538                TIM1_CC_IRQHandler
                0x0801b538                BDMA_Channel6_IRQHandler
                0x0801b538                DMA2_Stream5_IRQHandler
                0x0801b538                HRTIM1_FLT_IRQHandler
                0x0801b538                JPEG_IRQHandler
                0x0801b538                DMA1_Stream5_IRQHandler
                0x0801b538                BDMA_Channel1_IRQHandler
                0x0801b538                HRTIM1_TIMD_IRQHandler
                0x0801b538                TAMP_STAMP_IRQHandler
                0x0801b538                EXTI3_IRQHandler
                0x0801b538                LPTIM4_IRQHandler
                0x0801b538                TIM8_TRG_COM_TIM14_IRQHandler
                0x0801b538                LPTIM2_IRQHandler
                0x0801b538                DFSDM1_FLT1_IRQHandler
                0x0801b538                DMAMUX2_OVR_IRQHandler
                0x0801b538                TIM8_UP_TIM13_IRQHandler
                0x0801b538                I2C3_ER_IRQHandler
                0x0801b538                DFSDM1_FLT2_IRQHandler
                0x0801b538                MDMA_IRQHandler
                0x0801b538                LPTIM3_IRQHandler
                0x0801b538                HSEM1_IRQHandler
                0x0801b538                EXTI0_IRQHandler
                0x0801b538                I2C2_EV_IRQHandler
                0x0801b538                DMA1_Stream2_IRQHandler
                0x0801b538                FPU_IRQHandler
                0x0801b538                OTG_HS_WKUP_IRQHandler
                0x0801b538                FDCAN1_IT1_IRQHandler
                0x0801b538                LTDC_ER_IRQHandler
                0x0801b538                DMA2_Stream2_IRQHandler
                0x0801b538                HRTIM1_TIME_IRQHandler
                0x0801b538                SPI1_IRQHandler
                0x0801b538                TIM6_DAC_IRQHandler
                0x0801b538                DCMI_IRQHandler
                0x0801b538                HRTIM1_TIMC_IRQHandler
                0x0801b538                DMA2_Stream3_IRQHandler
                0x0801b538                SAI2_IRQHandler
                0x0801b538                DFSDM1_FLT3_IRQHandler
                0x0801b538                USART6_IRQHandler
                0x0801b538                TIM17_IRQHandler
                0x0801b538                USART3_IRQHandler
                0x0801b538                BDMA_Channel7_IRQHandler
                0x0801b538                LPTIM5_IRQHandler
                0x0801b538                UART5_IRQHandler
                0x0801b538                ADC3_IRQHandler
                0x0801b538                DMA2_Stream0_IRQHandler
                0x0801b538                TIM4_IRQHandler
                0x0801b538                BDMA_Channel2_IRQHandler
                0x0801b538                QUADSPI_IRQHandler
                0x0801b538                I2C1_EV_IRQHandler
                0x0801b538                DMA1_Stream6_IRQHandler
                0x0801b538                DMAMUX1_OVR_IRQHandler
                0x0801b538                DMA1_Stream1_IRQHandler
                0x0801b538                TIM16_IRQHandler
                0x0801b538                UART4_IRQHandler
                0x0801b538                BDMA_Channel5_IRQHandler
                0x0801b538                TIM3_IRQHandler
                0x0801b538                RCC_IRQHandler
                0x0801b538                TIM8_BRK_TIM12_IRQHandler
                0x0801b538                TIM1_TRG_COM_IRQHandler
                0x0801b538                Default_Handler
                0x0801b538                ECC_IRQHandler
                0x0801b538                CEC_IRQHandler
                0x0801b538                EXTI15_10_IRQHandler
                0x0801b538                BDMA_Channel0_IRQHandler
                0x0801b538                ADC_IRQHandler
                0x0801b538                DMA1_Stream7_IRQHandler
                0x0801b538                HRTIM1_TIMA_IRQHandler
                0x0801b538                SPI5_IRQHandler
                0x0801b538                TIM7_IRQHandler
                0x0801b538                SDMMC1_IRQHandler
                0x0801b538                TIM5_IRQHandler
                0x0801b538                DMA2_Stream7_IRQHandler
                0x0801b538                TIM15_IRQHandler
                0x0801b538                PVD_AVD_IRQHandler
                0x0801b538                I2C3_EV_IRQHandler
                0x0801b538                EXTI9_5_IRQHandler
                0x0801b538                RTC_WKUP_IRQHandler
                0x0801b538                LTDC_IRQHandler
                0x0801b538                SAI3_IRQHandler
                0x0801b538                ETH_WKUP_IRQHandler
                0x0801b538                SPDIF_RX_IRQHandler
                0x0801b538                SPI2_IRQHandler
                0x0801b538                OTG_HS_EP1_IN_IRQHandler
                0x0801b538                DMA1_Stream0_IRQHandler
                0x0801b538                CRS_IRQHandler
                0x0801b538                CM7_SEV_IRQHandler
                0x0801b538                EXTI4_IRQHandler
                0x0801b538                RNG_IRQHandler
                0x0801b538                CM4_SEV_IRQHandler
                0x0801b538                HRTIM1_TIMB_IRQHandler
                0x0801b538                FDCAN2_IT1_IRQHandler
                0x0801b538                TIM1_UP_IRQHandler
                0x0801b538                WWDG_RST_IRQHandler
                0x0801b538                BDMA_Channel4_IRQHandler
                0x0801b538                OTG_HS_EP1_OUT_IRQHandler
                0x0801b538                WWDG_IRQHandler
                0x0801b538                SPI6_IRQHandler
                0x0801b538                MDIOS_IRQHandler
                0x0801b538                I2C4_EV_IRQHandler
                0x0801b538                FDCAN2_IT0_IRQHandler
                0x0801b538                LPUART1_IRQHandler
                0x0801b538                FDCAN1_IT0_IRQHandler
                0x0801b538                TIM2_IRQHandler
                0x0801b538                OTG_FS_WKUP_IRQHandler
                0x0801b538                OTG_HS_IRQHandler
                0x0801b538                HSEM2_IRQHandler
                0x0801b538                DMA2D_IRQHandler
                0x0801b538                TIM1_BRK_IRQHandler
                0x0801b538                EXTI1_IRQHandler
                0x0801b538                SDMMC2_IRQHandler
                0x0801b538                OTG_FS_EP1_OUT_IRQHandler
                0x0801b538                BDMA_Channel3_IRQHandler
                0x0801b538                HOLD_CORE_IRQHandler
                0x0801b538                UART7_IRQHandler
                0x0801b538                MDIOS_WKUP_IRQHandler
                0x0801b538                USART2_IRQHandler
                0x0801b538                DFSDM1_FLT0_IRQHandler
                0x0801b538                SAI4_IRQHandler
                0x0801b538                I2C2_ER_IRQHandler
                0x0801b538                DMA2_Stream1_IRQHandler
                0x0801b538                FLASH_IRQHandler
                0x0801b538                DMA2_Stream4_IRQHandler
                0x0801b538                USART1_IRQHandler
                0x0801b538                OTG_FS_IRQHandler
                0x0801b538                SPI3_IRQHandler
                0x0801b538                WAKEUP_PIN_IRQHandler
                0x0801b538                DMA1_Stream4_IRQHandler
                0x0801b538                OTG_FS_EP1_IN_IRQHandler
                0x0801b538                I2C1_ER_IRQHandler
                0x0801b538                FMC_IRQHandler
                0x0801b538                FDCAN_CAL_IRQHandler
                0x0801b538                SWPMI1_IRQHandler
                0x0801b538                COMP1_IRQHandler
                0x0801b538                LPTIM1_IRQHandler
                0x0801b538                I2C4_ER_IRQHandler
                0x0801b538                DMA2_Stream6_IRQHandler
                0x0801b538                SAI1_IRQHandler
                0x0801b538                DMA1_Stream3_IRQHandler
 *fill*         0x0801b53a        0x2 
 .text.HAL_Init
                0x0801b53c       0x78 ./Drivers/STM32H7xx_HAL_Driver/stm32h7xx_hal.o
                0x0801b53c                HAL_Init
 .text.HAL_InitTick
                0x0801b5b4       0x6c ./Drivers/STM32H7xx_HAL_Driver/stm32h7xx_hal.o
                0x0801b5b4                HAL_InitTick
 .text.HAL_IncTick
                0x0801b620       0x28 ./Drivers/STM32H7xx_HAL_Driver/stm32h7xx_hal.o
                0x0801b620                HAL_IncTick
 .text.HAL_GetTick
                0x0801b648       0x18 ./Drivers/STM32H7xx_HAL_Driver/stm32h7xx_hal.o
                0x0801b648                HAL_GetTick
 .text.HAL_GetREVID
                0x0801b660       0x18 ./Drivers/STM32H7xx_HAL_Driver/stm32h7xx_hal.o
                0x0801b660                HAL_GetREVID
 .text.HAL_SYSCFG_ETHInterfaceSelect
                0x0801b678       0x28 ./Drivers/STM32H7xx_HAL_Driver/stm32h7xx_hal.o
                0x0801b678                HAL_SYSCFG_ETHInterfaceSelect
 .text.__NVIC_SetPriorityGrouping
                0x0801b6a0       0x48 ./Drivers/STM32H7xx_HAL_Driver/stm32h7xx_hal_cortex.o
 .text.__NVIC_GetPriorityGrouping
                0x0801b6e8       0x1c ./Drivers/STM32H7xx_HAL_Driver/stm32h7xx_hal_cortex.o
 .text.__NVIC_EnableIRQ
                0x0801b704       0x3c ./Drivers/STM32H7xx_HAL_Driver/stm32h7xx_hal_cortex.o
 .text.__NVIC_SetPriority
                0x0801b740       0x54 ./Drivers/STM32H7xx_HAL_Driver/stm32h7xx_hal_cortex.o
 .text.NVIC_EncodePriority
                0x0801b794       0x66 ./Drivers/STM32H7xx_HAL_Driver/stm32h7xx_hal_cortex.o
 *fill*         0x0801b7fa        0x2 
 .text.SysTick_Config
                0x0801b7fc       0x44 ./Drivers/STM32H7xx_HAL_Driver/stm32h7xx_hal_cortex.o
 .text.HAL_NVIC_SetPriorityGrouping
                0x0801b840       0x16 ./Drivers/STM32H7xx_HAL_Driver/stm32h7xx_hal_cortex.o
                0x0801b840                HAL_NVIC_SetPriorityGrouping
 .text.HAL_NVIC_SetPriority
                0x0801b856       0x34 ./Drivers/STM32H7xx_HAL_Driver/stm32h7xx_hal_cortex.o
                0x0801b856                HAL_NVIC_SetPriority
 .text.HAL_NVIC_EnableIRQ
                0x0801b88a       0x1c ./Drivers/STM32H7xx_HAL_Driver/stm32h7xx_hal_cortex.o
                0x0801b88a                HAL_NVIC_EnableIRQ
 .text.HAL_SYSTICK_Config
                0x0801b8a6       0x18 ./Drivers/STM32H7xx_HAL_Driver/stm32h7xx_hal_cortex.o
                0x0801b8a6                HAL_SYSTICK_Config
 *fill*         0x0801b8be        0x2 
 .text.HAL_ETH_Init
                0x0801b8c0      0x1fc ./Drivers/STM32H7xx_HAL_Driver/stm32h7xx_hal_eth.o
                0x0801b8c0                HAL_ETH_Init
 .text.HAL_ETH_SetMDIOClockRange
                0x0801babc       0xa0 ./Drivers/STM32H7xx_HAL_Driver/stm32h7xx_hal_eth.o
                0x0801babc                HAL_ETH_SetMDIOClockRange
 .text.ETH_SetMACConfig
                0x0801bb5c      0x238 ./Drivers/STM32H7xx_HAL_Driver/stm32h7xx_hal_eth.o
 .text.ETH_SetDMAConfig
                0x0801bd94      0x10c ./Drivers/STM32H7xx_HAL_Driver/stm32h7xx_hal_eth.o
 .text.ETH_MACDMAConfig
                0x0801bea0      0x13a ./Drivers/STM32H7xx_HAL_Driver/stm32h7xx_hal_eth.o
 .text.ETH_DMATxDescListInit
                0x0801bfda       0x92 ./Drivers/STM32H7xx_HAL_Driver/stm32h7xx_hal_eth.o
 .text.ETH_DMARxDescListInit
                0x0801c06c       0xba ./Drivers/STM32H7xx_HAL_Driver/stm32h7xx_hal_eth.o
 *fill*         0x0801c126        0x2 
 .text.HAL_GPIO_Init
                0x0801c128      0x360 ./Drivers/STM32H7xx_HAL_Driver/stm32h7xx_hal_gpio.o
                0x0801c128                HAL_GPIO_Init
 .text.HAL_GPIO_WritePin
                0x0801c488       0x32 ./Drivers/STM32H7xx_HAL_Driver/stm32h7xx_hal_gpio.o
                0x0801c488                HAL_GPIO_WritePin
 *fill*         0x0801c4ba        0x2 
 .text.HAL_PWREx_ConfigSupply
                0x0801c4bc       0xb4 ./Drivers/STM32H7xx_HAL_Driver/stm32h7xx_hal_pwr_ex.o
                0x0801c4bc                HAL_PWREx_ConfigSupply
 .text.HAL_RCC_OscConfig
                0x0801c570      0x8b4 ./Drivers/STM32H7xx_HAL_Driver/stm32h7xx_hal_rcc.o
                0x0801c570                HAL_RCC_OscConfig
 .text.HAL_RCC_ClockConfig
                0x0801ce24      0x36c ./Drivers/STM32H7xx_HAL_Driver/stm32h7xx_hal_rcc.o
                0x0801ce24                HAL_RCC_ClockConfig
 .text.HAL_RCC_GetSysClockFreq
                0x0801d190      0x2f4 ./Drivers/STM32H7xx_HAL_Driver/stm32h7xx_hal_rcc.o
                0x0801d190                HAL_RCC_GetSysClockFreq
 .text.HAL_RCC_GetHCLKFreq
                0x0801d484       0x60 ./Drivers/STM32H7xx_HAL_Driver/stm32h7xx_hal_rcc.o
                0x0801d484                HAL_RCC_GetHCLKFreq
 .text.HAL_RCC_GetPCLK1Freq
                0x0801d4e4       0x2c ./Drivers/STM32H7xx_HAL_Driver/stm32h7xx_hal_rcc.o
                0x0801d4e4                HAL_RCC_GetPCLK1Freq
 .text.HAL_RCC_GetPCLK2Freq
                0x0801d510       0x2c ./Drivers/STM32H7xx_HAL_Driver/stm32h7xx_hal_rcc.o
                0x0801d510                HAL_RCC_GetPCLK2Freq
 .text.HAL_RCCEx_PeriphCLKConfig
                0x0801d53c     0x1414 ./Drivers/STM32H7xx_HAL_Driver/stm32h7xx_hal_rcc_ex.o
                0x0801d53c                HAL_RCCEx_PeriphCLKConfig
 .text.HAL_RCCEx_GetD3PCLK1Freq
                0x0801e950       0x2c ./Drivers/STM32H7xx_HAL_Driver/stm32h7xx_hal_rcc_ex.o
                0x0801e950                HAL_RCCEx_GetD3PCLK1Freq
 .text.HAL_RCCEx_GetPLL2ClockFreq
                0x0801e97c      0x2a8 ./Drivers/STM32H7xx_HAL_Driver/stm32h7xx_hal_rcc_ex.o
                0x0801e97c                HAL_RCCEx_GetPLL2ClockFreq
 .text.HAL_RCCEx_GetPLL3ClockFreq
                0x0801ec24      0x2a8 ./Drivers/STM32H7xx_HAL_Driver/stm32h7xx_hal_rcc_ex.o
                0x0801ec24                HAL_RCCEx_GetPLL3ClockFreq
 .text.RCCEx_PLL2_Config
                0x0801eecc      0x164 ./Drivers/STM32H7xx_HAL_Driver/stm32h7xx_hal_rcc_ex.o
 .text.RCCEx_PLL3_Config
                0x0801f030      0x164 ./Drivers/STM32H7xx_HAL_Driver/stm32h7xx_hal_rcc_ex.o
 .text.HAL_RNG_Init
                0x0801f194       0xc4 ./Drivers/STM32H7xx_HAL_Driver/stm32h7xx_hal_rng.o
                0x0801f194                HAL_RNG_Init
 .text.HAL_RNG_GenerateRandomNumber
                0x0801f258       0xac ./Drivers/STM32H7xx_HAL_Driver/stm32h7xx_hal_rng.o
                0x0801f258                HAL_RNG_GenerateRandomNumber
 .text.HAL_UART_Init
                0x0801f304       0xa0 ./Drivers/STM32H7xx_HAL_Driver/stm32h7xx_hal_uart.o
                0x0801f304                HAL_UART_Init
 .text.HAL_UART_Transmit
                0x0801f3a4      0x11c ./Drivers/STM32H7xx_HAL_Driver/stm32h7xx_hal_uart.o
                0x0801f3a4                HAL_UART_Transmit
 .text.HAL_UART_Receive
                0x0801f4c0      0x190 ./Drivers/STM32H7xx_HAL_Driver/stm32h7xx_hal_uart.o
                0x0801f4c0                HAL_UART_Receive
 .text.UART_SetConfig
                0x0801f650      0xad0 ./Drivers/STM32H7xx_HAL_Driver/stm32h7xx_hal_uart.o
                0x0801f650                UART_SetConfig
 .text.UART_AdvFeatureConfig
                0x08020120      0x144 ./Drivers/STM32H7xx_HAL_Driver/stm32h7xx_hal_uart.o
                0x08020120                UART_AdvFeatureConfig
 .text.UART_CheckIdleState
                0x08020264      0x154 ./Drivers/STM32H7xx_HAL_Driver/stm32h7xx_hal_uart.o
                0x08020264                UART_CheckIdleState
 .text.UART_WaitOnFlagUntilTimeout
                0x080203b8       0xda ./Drivers/STM32H7xx_HAL_Driver/stm32h7xx_hal_uart.o
                0x080203b8                UART_WaitOnFlagUntilTimeout
 *fill*         0x08020492        0x2 
 .text.UART_EndRxTransfer
                0x08020494       0xcc ./Drivers/STM32H7xx_HAL_Driver/stm32h7xx_hal_uart.o
 .text.HAL_RS485Ex_Init
                0x08020560       0xd4 ./Drivers/STM32H7xx_HAL_Driver/stm32h7xx_hal_uart_ex.o
                0x08020560                HAL_RS485Ex_Init
 .text.HAL_UARTEx_DisableFifoMode
                0x08020634       0x72 ./Drivers/STM32H7xx_HAL_Driver/stm32h7xx_hal_uart_ex.o
                0x08020634                HAL_UARTEx_DisableFifoMode
 .text.HAL_UARTEx_SetTxFifoThreshold
                0x080206a6       0x7c ./Drivers/STM32H7xx_HAL_Driver/stm32h7xx_hal_uart_ex.o
                0x080206a6                HAL_UARTEx_SetTxFifoThreshold
 .text.HAL_UARTEx_SetRxFifoThreshold
                0x08020722       0x7c ./Drivers/STM32H7xx_HAL_Driver/stm32h7xx_hal_uart_ex.o
                0x08020722                HAL_UARTEx_SetRxFifoThreshold
 *fill*         0x0802079e        0x2 
 .text.UARTEx_SetNbDataToProcess
                0x080207a0       0x9c ./Drivers/STM32H7xx_HAL_Driver/stm32h7xx_hal_uart_ex.o
 .text.__assert_func
                0x0802083c       0x3c C:/ST/STM32CubeIDE_1.13.1/STM32CubeIDE/plugins/com.st.stm32cube.ide.mcu.externaltools.gnu-tools-for-stm32.12.3.rel1.win32_1.1.0.202410251130/tools/bin/../lib/gcc/arm-none-eabi/12.3.1/../../../../arm-none-eabi/lib/thumb/v7e-m+dp/hard\libc_nano.a(libc_a-assert.o)
                0x0802083c                __assert_func
 .text.atoi     0x08020878        0x8 C:/ST/STM32CubeIDE_1.13.1/STM32CubeIDE/plugins/com.st.stm32cube.ide.mcu.externaltools.gnu-tools-for-stm32.12.3.rel1.win32_1.1.0.202410251130/tools/bin/../lib/gcc/arm-none-eabi/12.3.1/../../../../arm-none-eabi/lib/thumb/v7e-m+dp/hard\libc_nano.a(libc_a-atoi.o)
                0x08020878                atoi
 .text.calloc   0x08020880       0x10 C:/ST/STM32CubeIDE_1.13.1/STM32CubeIDE/plugins/com.st.stm32cube.ide.mcu.externaltools.gnu-tools-for-stm32.12.3.rel1.win32_1.1.0.202410251130/tools/bin/../lib/gcc/arm-none-eabi/12.3.1/../../../../arm-none-eabi/lib/thumb/v7e-m+dp/hard\libc_nano.a(libc_a-calloc.o)
                0x08020880                calloc
 .text._calloc_r
                0x08020890       0x28 C:/ST/STM32CubeIDE_1.13.1/STM32CubeIDE/plugins/com.st.stm32cube.ide.mcu.externaltools.gnu-tools-for-stm32.12.3.rel1.win32_1.1.0.202410251130/tools/bin/../lib/gcc/arm-none-eabi/12.3.1/../../../../arm-none-eabi/lib/thumb/v7e-m+dp/hard\libc_nano.a(libc_a-callocr.o)
                0x08020890                _calloc_r
 .text.malloc   0x080208b8       0x10 C:/ST/STM32CubeIDE_1.13.1/STM32CubeIDE/plugins/com.st.stm32cube.ide.mcu.externaltools.gnu-tools-for-stm32.12.3.rel1.win32_1.1.0.202410251130/tools/bin/../lib/gcc/arm-none-eabi/12.3.1/../../../../arm-none-eabi/lib/thumb/v7e-m+dp/hard\libc_nano.a(libc_a-malloc.o)
                0x080208b8                malloc
 .text.free     0x080208c8       0x10 C:/ST/STM32CubeIDE_1.13.1/STM32CubeIDE/plugins/com.st.stm32cube.ide.mcu.externaltools.gnu-tools-for-stm32.12.3.rel1.win32_1.1.0.202410251130/tools/bin/../lib/gcc/arm-none-eabi/12.3.1/../../../../arm-none-eabi/lib/thumb/v7e-m+dp/hard\libc_nano.a(libc_a-malloc.o)
                0x080208c8                free
 .text.sbrk_aligned
                0x080208d8       0x44 C:/ST/STM32CubeIDE_1.13.1/STM32CubeIDE/plugins/com.st.stm32cube.ide.mcu.externaltools.gnu-tools-for-stm32.12.3.rel1.win32_1.1.0.202410251130/tools/bin/../lib/gcc/arm-none-eabi/12.3.1/../../../../arm-none-eabi/lib/thumb/v7e-m+dp/hard\libc_nano.a(libc_a-mallocr.o)
 .text._malloc_r
                0x0802091c      0x100 C:/ST/STM32CubeIDE_1.13.1/STM32CubeIDE/plugins/com.st.stm32cube.ide.mcu.externaltools.gnu-tools-for-stm32.12.3.rel1.win32_1.1.0.202410251130/tools/bin/../lib/gcc/arm-none-eabi/12.3.1/../../../../arm-none-eabi/lib/thumb/v7e-m+dp/hard\libc_nano.a(libc_a-mallocr.o)
                0x0802091c                _malloc_r
 .text.__malloc_lock
                0x08020a1c        0xc C:/ST/STM32CubeIDE_1.13.1/STM32CubeIDE/plugins/com.st.stm32cube.ide.mcu.externaltools.gnu-tools-for-stm32.12.3.rel1.win32_1.1.0.202410251130/tools/bin/../lib/gcc/arm-none-eabi/12.3.1/../../../../arm-none-eabi/lib/thumb/v7e-m+dp/hard\libc_nano.a(libc_a-mlock.o)
                0x08020a1c                __malloc_lock
 .text.__malloc_unlock
                0x08020a28        0xc C:/ST/STM32CubeIDE_1.13.1/STM32CubeIDE/plugins/com.st.stm32cube.ide.mcu.externaltools.gnu-tools-for-stm32.12.3.rel1.win32_1.1.0.202410251130/tools/bin/../lib/gcc/arm-none-eabi/12.3.1/../../../../arm-none-eabi/lib/thumb/v7e-m+dp/hard\libc_nano.a(libc_a-mlock.o)
                0x08020a28                __malloc_unlock
 .text.srand    0x08020a34       0x5c C:/ST/STM32CubeIDE_1.13.1/STM32CubeIDE/plugins/com.st.stm32cube.ide.mcu.externaltools.gnu-tools-for-stm32.12.3.rel1.win32_1.1.0.202410251130/tools/bin/../lib/gcc/arm-none-eabi/12.3.1/../../../../arm-none-eabi/lib/thumb/v7e-m+dp/hard\libc_nano.a(libc_a-rand.o)
                0x08020a34                srand
 .text.rand     0x08020a90       0x7c C:/ST/STM32CubeIDE_1.13.1/STM32CubeIDE/plugins/com.st.stm32cube.ide.mcu.externaltools.gnu-tools-for-stm32.12.3.rel1.win32_1.1.0.202410251130/tools/bin/../lib/gcc/arm-none-eabi/12.3.1/../../../../arm-none-eabi/lib/thumb/v7e-m+dp/hard\libc_nano.a(libc_a-rand.o)
                0x08020a90                rand
 .text._strtol_l.constprop.0
                0x08020b0c       0xf4 C:/ST/STM32CubeIDE_1.13.1/STM32CubeIDE/plugins/com.st.stm32cube.ide.mcu.externaltools.gnu-tools-for-stm32.12.3.rel1.win32_1.1.0.202410251130/tools/bin/../lib/gcc/arm-none-eabi/12.3.1/../../../../arm-none-eabi/lib/thumb/v7e-m+dp/hard\libc_nano.a(libc_a-strtol.o)
 .text._strtol_r
                0x08020c00        0x4 C:/ST/STM32CubeIDE_1.13.1/STM32CubeIDE/plugins/com.st.stm32cube.ide.mcu.externaltools.gnu-tools-for-stm32.12.3.rel1.win32_1.1.0.202410251130/tools/bin/../lib/gcc/arm-none-eabi/12.3.1/../../../../arm-none-eabi/lib/thumb/v7e-m+dp/hard\libc_nano.a(libc_a-strtol.o)
                0x08020c00                _strtol_r
 .text.strtol   0x08020c04       0x14 C:/ST/STM32CubeIDE_1.13.1/STM32CubeIDE/plugins/com.st.stm32cube.ide.mcu.externaltools.gnu-tools-for-stm32.12.3.rel1.win32_1.1.0.202410251130/tools/bin/../lib/gcc/arm-none-eabi/12.3.1/../../../../arm-none-eabi/lib/thumb/v7e-m+dp/hard\libc_nano.a(libc_a-strtol.o)
                0x08020c04                strtol
 .text.__cvt    0x08020c18       0xa8 C:/ST/STM32CubeIDE_1.13.1/STM32CubeIDE/plugins/com.st.stm32cube.ide.mcu.externaltools.gnu-tools-for-stm32.12.3.rel1.win32_1.1.0.202410251130/tools/bin/../lib/gcc/arm-none-eabi/12.3.1/../../../../arm-none-eabi/lib/thumb/v7e-m+dp/hard\libc_nano.a(libc_a-nano-vfprintf_float.o)
                0x08020c18                __cvt
 .text.__exponent
                0x08020cc0       0x74 C:/ST/STM32CubeIDE_1.13.1/STM32CubeIDE/plugins/com.st.stm32cube.ide.mcu.externaltools.gnu-tools-for-stm32.12.3.rel1.win32_1.1.0.202410251130/tools/bin/../lib/gcc/arm-none-eabi/12.3.1/../../../../arm-none-eabi/lib/thumb/v7e-m+dp/hard\libc_nano.a(libc_a-nano-vfprintf_float.o)
                0x08020cc0                __exponent
 *fill*         0x08020d34        0x4 
 .text._printf_float
                0x08020d38      0x434 C:/ST/STM32CubeIDE_1.13.1/STM32CubeIDE/plugins/com.st.stm32cube.ide.mcu.externaltools.gnu-tools-for-stm32.12.3.rel1.win32_1.1.0.202410251130/tools/bin/../lib/gcc/arm-none-eabi/12.3.1/../../../../arm-none-eabi/lib/thumb/v7e-m+dp/hard\libc_nano.a(libc_a-nano-vfprintf_float.o)
                0x08020d38                _printf_float
 .text._printf_common
                0x0802116c       0xda C:/ST/STM32CubeIDE_1.13.1/STM32CubeIDE/plugins/com.st.stm32cube.ide.mcu.externaltools.gnu-tools-for-stm32.12.3.rel1.win32_1.1.0.202410251130/tools/bin/../lib/gcc/arm-none-eabi/12.3.1/../../../../arm-none-eabi/lib/thumb/v7e-m+dp/hard\libc_nano.a(libc_a-nano-vfprintf_i.o)
                0x0802116c                _printf_common
 *fill*         0x08021246        0x2 
 .text._printf_i
                0x08021248      0x240 C:/ST/STM32CubeIDE_1.13.1/STM32CubeIDE/plugins/com.st.stm32cube.ide.mcu.externaltools.gnu-tools-for-stm32.12.3.rel1.win32_1.1.0.202410251130/tools/bin/../lib/gcc/arm-none-eabi/12.3.1/../../../../arm-none-eabi/lib/thumb/v7e-m+dp/hard\libc_nano.a(libc_a-nano-vfprintf_i.o)
                0x08021248                _printf_i
 .text._scanf_float
                0x08021488      0x418 C:/ST/STM32CubeIDE_1.13.1/STM32CubeIDE/plugins/com.st.stm32cube.ide.mcu.externaltools.gnu-tools-for-stm32.12.3.rel1.win32_1.1.0.202410251130/tools/bin/../lib/gcc/arm-none-eabi/12.3.1/../../../../arm-none-eabi/lib/thumb/v7e-m+dp/hard\libc_nano.a(libc_a-nano-vfscanf_float.o)
                0x08021488                _scanf_float
 .text.std      0x080218a0       0x6c C:/ST/STM32CubeIDE_1.13.1/STM32CubeIDE/plugins/com.st.stm32cube.ide.mcu.externaltools.gnu-tools-for-stm32.12.3.rel1.win32_1.1.0.202410251130/tools/bin/../lib/gcc/arm-none-eabi/12.3.1/../../../../arm-none-eabi/lib/thumb/v7e-m+dp/hard\libc_nano.a(libc_a-findfp.o)
 .text.stdio_exit_handler
                0x0802190c       0x18 C:/ST/STM32CubeIDE_1.13.1/STM32CubeIDE/plugins/com.st.stm32cube.ide.mcu.externaltools.gnu-tools-for-stm32.12.3.rel1.win32_1.1.0.202410251130/tools/bin/../lib/gcc/arm-none-eabi/12.3.1/../../../../arm-none-eabi/lib/thumb/v7e-m+dp/hard\libc_nano.a(libc_a-findfp.o)
 .text.cleanup_stdio
                0x08021924       0x40 C:/ST/STM32CubeIDE_1.13.1/STM32CubeIDE/plugins/com.st.stm32cube.ide.mcu.externaltools.gnu-tools-for-stm32.12.3.rel1.win32_1.1.0.202410251130/tools/bin/../lib/gcc/arm-none-eabi/12.3.1/../../../../arm-none-eabi/lib/thumb/v7e-m+dp/hard\libc_nano.a(libc_a-findfp.o)
 .text.global_stdio_init.part.0
                0x08021964       0x3c C:/ST/STM32CubeIDE_1.13.1/STM32CubeIDE/plugins/com.st.stm32cube.ide.mcu.externaltools.gnu-tools-for-stm32.12.3.rel1.win32_1.1.0.202410251130/tools/bin/../lib/gcc/arm-none-eabi/12.3.1/../../../../arm-none-eabi/lib/thumb/v7e-m+dp/hard\libc_nano.a(libc_a-findfp.o)
 .text.__sfp_lock_acquire
                0x080219a0        0xc C:/ST/STM32CubeIDE_1.13.1/STM32CubeIDE/plugins/com.st.stm32cube.ide.mcu.externaltools.gnu-tools-for-stm32.12.3.rel1.win32_1.1.0.202410251130/tools/bin/../lib/gcc/arm-none-eabi/12.3.1/../../../../arm-none-eabi/lib/thumb/v7e-m+dp/hard\libc_nano.a(libc_a-findfp.o)
                0x080219a0                __sfp_lock_acquire
 .text.__sfp_lock_release
                0x080219ac        0xc C:/ST/STM32CubeIDE_1.13.1/STM32CubeIDE/plugins/com.st.stm32cube.ide.mcu.externaltools.gnu-tools-for-stm32.12.3.rel1.win32_1.1.0.202410251130/tools/bin/../lib/gcc/arm-none-eabi/12.3.1/../../../../arm-none-eabi/lib/thumb/v7e-m+dp/hard\libc_nano.a(libc_a-findfp.o)
                0x080219ac                __sfp_lock_release
 .text.__sinit  0x080219b8       0x30 C:/ST/STM32CubeIDE_1.13.1/STM32CubeIDE/plugins/com.st.stm32cube.ide.mcu.externaltools.gnu-tools-for-stm32.12.3.rel1.win32_1.1.0.202410251130/tools/bin/../lib/gcc/arm-none-eabi/12.3.1/../../../../arm-none-eabi/lib/thumb/v7e-m+dp/hard\libc_nano.a(libc_a-findfp.o)
                0x080219b8                __sinit
 .text.fprintf  0x080219e8       0x24 C:/ST/STM32CubeIDE_1.13.1/STM32CubeIDE/plugins/com.st.stm32cube.ide.mcu.externaltools.gnu-tools-for-stm32.12.3.rel1.win32_1.1.0.202410251130/tools/bin/../lib/gcc/arm-none-eabi/12.3.1/../../../../arm-none-eabi/lib/thumb/v7e-m+dp/hard\libc_nano.a(libc_a-fprintf.o)
                0x080219e8                fiprintf
                0x080219e8                fprintf
 .text._fwalk_sglue
                0x08021a0c       0x3c C:/ST/STM32CubeIDE_1.13.1/STM32CubeIDE/plugins/com.st.stm32cube.ide.mcu.externaltools.gnu-tools-for-stm32.12.3.rel1.win32_1.1.0.202410251130/tools/bin/../lib/gcc/arm-none-eabi/12.3.1/../../../../arm-none-eabi/lib/thumb/v7e-m+dp/hard\libc_nano.a(libc_a-fwalk.o)
                0x08021a0c                _fwalk_sglue
 .text.printf   0x08021a48       0x24 C:/ST/STM32CubeIDE_1.13.1/STM32CubeIDE/plugins/com.st.stm32cube.ide.mcu.externaltools.gnu-tools-for-stm32.12.3.rel1.win32_1.1.0.202410251130/tools/bin/../lib/gcc/arm-none-eabi/12.3.1/../../../../arm-none-eabi/lib/thumb/v7e-m+dp/hard\libc_nano.a(libc_a-printf.o)
                0x08021a48                iprintf
                0x08021a48                printf
 .text.putchar  0x08021a6c       0x10 C:/ST/STM32CubeIDE_1.13.1/STM32CubeIDE/plugins/com.st.stm32cube.ide.mcu.externaltools.gnu-tools-for-stm32.12.3.rel1.win32_1.1.0.202410251130/tools/bin/../lib/gcc/arm-none-eabi/12.3.1/../../../../arm-none-eabi/lib/thumb/v7e-m+dp/hard\libc_nano.a(libc_a-putchar.o)
                0x08021a6c                putchar
 .text._puts_r  0x08021a7c       0xaa C:/ST/STM32CubeIDE_1.13.1/STM32CubeIDE/plugins/com.st.stm32cube.ide.mcu.externaltools.gnu-tools-for-stm32.12.3.rel1.win32_1.1.0.202410251130/tools/bin/../lib/gcc/arm-none-eabi/12.3.1/../../../../arm-none-eabi/lib/thumb/v7e-m+dp/hard\libc_nano.a(libc_a-puts.o)
                0x08021a7c                _puts_r
 *fill*         0x08021b26        0x2 
 .text.puts     0x08021b28       0x10 C:/ST/STM32CubeIDE_1.13.1/STM32CubeIDE/plugins/com.st.stm32cube.ide.mcu.externaltools.gnu-tools-for-stm32.12.3.rel1.win32_1.1.0.202410251130/tools/bin/../lib/gcc/arm-none-eabi/12.3.1/../../../../arm-none-eabi/lib/thumb/v7e-m+dp/hard\libc_nano.a(libc_a-puts.o)
                0x08021b28                puts
 .text.snprintf
                0x08021b38       0x68 C:/ST/STM32CubeIDE_1.13.1/STM32CubeIDE/plugins/com.st.stm32cube.ide.mcu.externaltools.gnu-tools-for-stm32.12.3.rel1.win32_1.1.0.202410251130/tools/bin/../lib/gcc/arm-none-eabi/12.3.1/../../../../arm-none-eabi/lib/thumb/v7e-m+dp/hard\libc_nano.a(libc_a-snprintf.o)
                0x08021b38                sniprintf
                0x08021b38                snprintf
 .text.sprintf  0x08021ba0       0x40 C:/ST/STM32CubeIDE_1.13.1/STM32CubeIDE/plugins/com.st.stm32cube.ide.mcu.externaltools.gnu-tools-for-stm32.12.3.rel1.win32_1.1.0.202410251130/tools/bin/../lib/gcc/arm-none-eabi/12.3.1/../../../../arm-none-eabi/lib/thumb/v7e-m+dp/hard\libc_nano.a(libc_a-sprintf.o)
                0x08021ba0                siprintf
                0x08021ba0                sprintf
 .text.__sread  0x08021be0       0x22 C:/ST/STM32CubeIDE_1.13.1/STM32CubeIDE/plugins/com.st.stm32cube.ide.mcu.externaltools.gnu-tools-for-stm32.12.3.rel1.win32_1.1.0.202410251130/tools/bin/../lib/gcc/arm-none-eabi/12.3.1/../../../../arm-none-eabi/lib/thumb/v7e-m+dp/hard\libc_nano.a(libc_a-stdio.o)
                0x08021be0                __sread
 .text.__swrite
                0x08021c02       0x38 C:/ST/STM32CubeIDE_1.13.1/STM32CubeIDE/plugins/com.st.stm32cube.ide.mcu.externaltools.gnu-tools-for-stm32.12.3.rel1.win32_1.1.0.202410251130/tools/bin/../lib/gcc/arm-none-eabi/12.3.1/../../../../arm-none-eabi/lib/thumb/v7e-m+dp/hard\libc_nano.a(libc_a-stdio.o)
                0x08021c02                __swrite
 .text.__sseek  0x08021c3a       0x24 C:/ST/STM32CubeIDE_1.13.1/STM32CubeIDE/plugins/com.st.stm32cube.ide.mcu.externaltools.gnu-tools-for-stm32.12.3.rel1.win32_1.1.0.202410251130/tools/bin/../lib/gcc/arm-none-eabi/12.3.1/../../../../arm-none-eabi/lib/thumb/v7e-m+dp/hard\libc_nano.a(libc_a-stdio.o)
                0x08021c3a                __sseek
 .text.__sclose
                0x08021c5e        0x8 C:/ST/STM32CubeIDE_1.13.1/STM32CubeIDE/plugins/com.st.stm32cube.ide.mcu.externaltools.gnu-tools-for-stm32.12.3.rel1.win32_1.1.0.202410251130/tools/bin/../lib/gcc/arm-none-eabi/12.3.1/../../../../arm-none-eabi/lib/thumb/v7e-m+dp/hard\libc_nano.a(libc_a-stdio.o)
                0x08021c5e                __sclose
 .text.__swbuf_r
                0x08021c66       0x7c C:/ST/STM32CubeIDE_1.13.1/STM32CubeIDE/plugins/com.st.stm32cube.ide.mcu.externaltools.gnu-tools-for-stm32.12.3.rel1.win32_1.1.0.202410251130/tools/bin/../lib/gcc/arm-none-eabi/12.3.1/../../../../arm-none-eabi/lib/thumb/v7e-m+dp/hard\libc_nano.a(libc_a-wbuf.o)
                0x08021c66                __swbuf_r
 *fill*         0x08021ce2        0x2 
 .text.__swsetup_r
                0x08021ce4       0xac C:/ST/STM32CubeIDE_1.13.1/STM32CubeIDE/plugins/com.st.stm32cube.ide.mcu.externaltools.gnu-tools-for-stm32.12.3.rel1.win32_1.1.0.202410251130/tools/bin/../lib/gcc/arm-none-eabi/12.3.1/../../../../arm-none-eabi/lib/thumb/v7e-m+dp/hard\libc_nano.a(libc_a-wsetup.o)
                0x08021ce4                __swsetup_r
 .text.memcmp   0x08021d90       0x20 C:/ST/STM32CubeIDE_1.13.1/STM32CubeIDE/plugins/com.st.stm32cube.ide.mcu.externaltools.gnu-tools-for-stm32.12.3.rel1.win32_1.1.0.202410251130/tools/bin/../lib/gcc/arm-none-eabi/12.3.1/../../../../arm-none-eabi/lib/thumb/v7e-m+dp/hard\libc_nano.a(libc_a-memcmp.o)