../Core/Src/main.c:95:6:mg_random	24	static
../Core/Src/main.c:104:10:mg_millis	16	static
../Core/Src/main.c:108:5:_write	24	static
../Core/Src/main.c:121:5:main	24	static
../Core/Src/main.c:202:6:SystemClock_Config	120	static
../Core/Src/main.c:262:13:MX_ETH_Init	8	static
../Core/Src/main.c:311:13:MX_RNG_Init	8	static
../Core/Src/main.c:338:13:MX_USART2_UART_Init	8	static
../Core/Src/main.c:386:13:MX_USART3_UART_Init	8	static
../Core/Src/main.c:434:13:MX_GPIO_Init	32	static
../Core/Src/main.c:467:6:modbus_handler	32	static
../Core/Src/main.c:490:6:Error_Handler	4	static,ignoring_inline_asm
