../Core/Src/main.c:113:6:mg_random	24	static
../Core/Src/main.c:122:10:mg_millis	16	static
../Core/Src/main.c:126:5:_write	24	static
../Core/Src/main.c:138:5:main	8	static
../Core/Src/main.c:255:6:SystemClock_Config	120	static
../Core/Src/main.c:315:13:MX_ETH_Init	8	static
../Core/Src/main.c:364:13:MX_RNG_Init	8	static
../Core/Src/main.c:391:13:MX_USART2_UART_Init	8	static
../Core/Src/main.c:439:13:MX_USART3_UART_Init	8	static
../Core/Src/main.c:487:13:MX_GPIO_Init	56	static
../Core/Src/main.c:536:6:StartDefaultTask	32	static
../Core/Src/main.c:585:6:StartTask02	16	static
../Core/Src/main.c:606:6:HAL_TIM_PeriodElapsedCallback	16	static
../Core/Src/main.c:623:6:Error_Handler	4	static,ignoring_inline_asm
