../Core/Src/mongoose_glue.c:97:13:timer_fn_1	112	static
../Core/Src/mongoose_glue.c:116:6:glue_init_1	24	static
../Core/Src/mongoose_glue.c:120:13:timer_fn_2	104	static
../Core/Src/mongoose_glue.c:138:6:glue_init_2	24	static
../Core/Src/mongoose_glue.c:142:13:timer_fn_3	112	static
../Core/Src/mongoose_glue.c:154:6:glue_init_3	24	static
../Core/Src/mongoose_glue.c:164:6:glue_lock_init	4	static
../Core/Src/mongoose_glue.c:167:6:glue_lock	4	static
../Core/Src/mongoose_glue.c:170:6:glue_unlock	4	static
../Core/Src/mongoose_glue.c:173:6:glue_mqtt_tls_init	56	static
../Core/Src/mongoose_glue.c:185:6:glue_mqtt_on_connect	96	static
../Core/Src/mongoose_glue.c:198:6:glue_mqtt_on_message	224	static
../Core/Src/mongoose_glue.c:216:6:glue_mqtt_on_cmd	16	static
../Core/Src/mongoose_glue.c:220:23:glue_mqtt_connect	96	static
../Core/Src/mongoose_glue.c:230:6:glue_sntp_on_time	24	static
../Core/Src/mongoose_glue.c:240:6:glue_modbus_read_reg	24	static
../Core/Src/mongoose_glue.c:251:6:glue_modbus_write_reg	24	static
../Core/Src/mongoose_glue.c:267:5:glue_authenticate	24	static
../Core/Src/mongoose_glue.c:280:6:glue_check_reboot	8	static
../Core/Src/mongoose_glue.c:283:6:glue_start_reboot	16	static
../Core/Src/mongoose_glue.c:288:8:glue_ota_begin_firmware_update	24	static
../Core/Src/mongoose_glue.c:293:7:glue_ota_end_firmware_update	40	static
../Core/Src/mongoose_glue.c:303:7:glue_ota_write_firmware_update	24	static
../Core/Src/mongoose_glue.c:309:8:glue_file_open_file_upload	152	static
../Core/Src/mongoose_glue.c:320:7:glue_file_close_file_upload	16	static
../Core/Src/mongoose_glue.c:328:7:glue_file_write_file_upload	24	static
../Core/Src/mongoose_glue.c:338:8:glue_graph_get_graph1	160	static
../Core/Src/mongoose_glue.c:353:6:glue_get_state	24	static
../Core/Src/mongoose_glue.c:356:6:glue_set_state	24	static
../Core/Src/mongoose_glue.c:361:6:glue_get_leds	16	static
../Core/Src/mongoose_glue.c:364:6:glue_set_leds	16	static
../Core/Src/mongoose_glue.c:369:6:glue_get_settings	24	static
../Core/Src/mongoose_glue.c:372:6:glue_set_settings	24	static
../Core/Src/mongoose_glue.c:377:6:glue_get_security	16	static
../Core/Src/mongoose_glue.c:380:6:glue_set_security	16	static
