../Core/Src/mongoose_glue.c:99:13:timer_fn_1	112	static
../Core/Src/mongoose_glue.c:111:6:glue_init_1	24	static
../Core/Src/mongoose_glue.c:115:13:timer_fn_2	104	static
../Core/Src/mongoose_glue.c:133:6:glue_init_2	24	static
../Core/Src/mongoose_glue.c:137:13:timer_fn_3	112	static
../Core/Src/mongoose_glue.c:149:6:glue_init_3	24	static
../Core/Src/mongoose_glue.c:159:6:glue_lock_init	4	static
../Core/Src/mongoose_glue.c:162:6:glue_lock	4	static
../Core/Src/mongoose_glue.c:165:6:glue_unlock	4	static
../Core/Src/mongoose_glue.c:168:6:glue_mqtt_tls_init	56	static
../Core/Src/mongoose_glue.c:180:6:glue_mqtt_on_connect	96	static
../Core/Src/mongoose_glue.c:193:6:glue_mqtt_on_message	224	static
../Core/Src/mongoose_glue.c:211:6:glue_mqtt_on_cmd	16	static
../Core/Src/mongoose_glue.c:215:23:glue_mqtt_connect	104	static
../Core/Src/mongoose_glue.c:227:6:glue_sntp_on_time	24	static
../Core/Src/mongoose_glue.c:237:6:glue_modbus_read_reg	24	static
../Core/Src/mongoose_glue.c:248:6:glue_modbus_write_reg	24	static
../Core/Src/mongoose_glue.c:264:5:glue_authenticate	24	static
../Core/Src/mongoose_glue.c:277:6:glue_check_reboot	8	static
../Core/Src/mongoose_glue.c:280:6:glue_start_reboot	16	static
../Core/Src/mongoose_glue.c:285:8:glue_ota_begin_firmware_update	24	static
../Core/Src/mongoose_glue.c:290:7:glue_ota_end_firmware_update	40	static
../Core/Src/mongoose_glue.c:300:7:glue_ota_write_firmware_update	24	static
../Core/Src/mongoose_glue.c:306:8:glue_file_open_file_upload	152	static
../Core/Src/mongoose_glue.c:317:7:glue_file_close_file_upload	16	static
../Core/Src/mongoose_glue.c:325:7:glue_file_write_file_upload	24	static
../Core/Src/mongoose_glue.c:335:8:glue_graph_get_graph1	160	static
../Core/Src/mongoose_glue.c:350:6:glue_get_state	24	static
../Core/Src/mongoose_glue.c:353:6:glue_set_state	24	static
../Core/Src/mongoose_glue.c:358:6:glue_get_leds	16	static
../Core/Src/mongoose_glue.c:361:6:glue_set_leds	16	static
../Core/Src/mongoose_glue.c:366:6:glue_get_settings	24	static
../Core/Src/mongoose_glue.c:369:6:glue_set_settings	24	static
../Core/Src/mongoose_glue.c:374:6:glue_get_security	16	static
../Core/Src/mongoose_glue.c:377:6:glue_set_security	16	static
