../Core/Src/mongoose_impl.c:122:27:find_handler	48	static
../Core/Src/mongoose_impl.c:138:6:mg_json_get_str2	48	static
../Core/Src/mongoose_impl.c:158:21:authenticate	240	static
../Core/Src/mongoose_impl.c:189:13:handle_login	312	static
../Core/Src/mongoose_impl.c:200:13:handle_logout	272	static
../Core/Src/mongoose_impl.c:225:13:close_uploaded_file	16	static
../Core/Src/mongoose_impl.c:234:13:upload_handler	64	static
../Core/Src/mongoose_impl.c:272:13:prep_upload	168	static
../Core/Src/mongoose_impl.c:300:13:handle_uploads	56	static
../Core/Src/mongoose_impl.c:327:13:handle_action	40	static
../Core/Src/mongoose_impl.c:343:8:print_struct	64	static
../Core/Src/mongoose_impl.c:368:13:handle_object	168	static
../Core/Src/mongoose_impl.c:404:8:print_timeseries	64	static
../Core/Src/mongoose_impl.c:416:13:handle_graph	304	static
../Core/Src/mongoose_impl.c:428:13:handle_api_call	32	static
../Core/Src/mongoose_impl.c:441:6:glue_update_state	4	static
../Core/Src/mongoose_impl.c:447:13:http_ev_handler	200	static
../Core/Src/mongoose_impl.c:513:13:sntp_ev_handler	40	static
../Core/Src/mongoose_impl.c:523:13:sntp_timer	32	static
../Core/Src/mongoose_impl.c:538:13:mqtt_event_handler	40	static
../Core/Src/mongoose_impl.c:554:13:mqtt_timer	24	static
../Core/Src/mongoose_impl.c:563:13:handle_modbus_pdu	336	static
../Core/Src/mongoose_impl.c:630:13:modbus_ev_handler	32	static
../Core/Src/mongoose_impl.c:645:6:mongoose_init	128	static
../Core/Src/mongoose_impl.c:687:6:mongoose_poll	8	static
